*******************************************
***COMSOL 6.4.0.293 progress output file***
*******************************************
Thu Jul 16 15:36:07 CST 2026
COMSOL Multiphysics 6.4 (开发版本: 293) 在批处理模式下启动
正在运行: F:\Thesis\Thermal\Yuan2020_reproduction_v3\comsol\v9_confirmation\V9EquivalentConfirmation.class
---------- 当前进度: 100 % - 正在更新选择
Memory: 429/429 458/458
           当前进度:   0 % - 线段间隔 1
Memory: 432/432 461/461
           当前进度:   9 % - 形成联合体
Memory: 433/433 461/461
---------- 当前进度: 100 % - 正在更新选择
           当前进度:   0 % - 边 1
Memory: 449/460 479/489
边界单元数：2
单元数：50
---------- 当前进度: 100 % - 正在创建边界网格
Memory: 450/460 480/489
           当前进度:   0 % - 研究 1
Memory: 467/467 492/492
           当前进度:   3 % - 研究 1
Memory: 470/471 496/496
<---- 研究 1/解 1 (sol1) 中的“编译方程: 稳态” ---------------------------------------------
开始于 2026年7月16日 15:36:12。
几何形函数: 二次拉格朗日单元
在 Intel64 Family 6 Model 165 Stepping 3, GenuineIntel 上运行。
在以下位置使用 1 个插槽： C201Z 上（共 6 个内核）。
可用内存：16.23 GB。
           当前进度:   3 % - 编译方程: 稳态
Memory: 480/480 505/505
           当前进度:   4 % - 编译方程: 稳态
Memory: 492/492 515/515
时间：1。
物理内存: 501 MB
虚拟内存: 524 MB
结束时间：2026年7月16日 15:36:13。
----- 研究 1/解 1 (sol1) 中的“编译方程: 稳态” -------------------------------------------->
<---- 研究 1/解 1 (sol1) 中的“因变量 1” ------------------------------------------------
开始于 2026年7月16日 15:36:13。
           当前进度:   4 % - 因变量 1
Memory: 498/501 531/531
求解时间：0 s。
物理内存: 498 MB
虚拟内存: 531 MB
结束时间：2026年7月16日 15:36:13。
----- 研究 1/解 1 (sol1) 中的“因变量 1” ----------------------------------------------->
<---- 研究 1/解 1 (sol1) 中的“稳态求解器 1” ----------------------------------------------
开始于 2026年7月16日 15:36:13。
参数化求解器
非线性求解器
求解的自由度数：202（加上 4 个内部自由度）。
    
参数 uin = 4。
找到非对称矩阵。
缩放因变量：
因变量 T (comp1.T): 3.2e+02
因变量 Ta (comp1.Ta): 4.2e+02
已使用正交零空间函数。
Iter      SolEst      ResEst     Damping    Stepsize #Res #Jac #Sol   LinErr   LinRes
   1     0.00064        0.61   1.0000000       0.032    3    1    2  5.2e-14  2.4e-13
    
参数 uin = 5。
Iter      SolEst      ResEst     Damping    Stepsize #Res #Jac #Sol   LinErr   LinRes
   1     0.00035        0.33   1.0000000       0.024    6    2    4  1.7e-14  2.3e-13
    
参数 uin = 6。
Iter      SolEst      ResEst     Damping    Stepsize #Res #Jac #Sol   LinErr   LinRes
   1      0.0002         0.2   1.0000000       0.019    9    3    6  9.8e-15  1.8e-13
    
参数 uin = 8。
Iter      SolEst      ResEst     Damping    Stepsize #Res #Jac #Sol   LinErr   LinRes
   1     6.3e-05       0.063   1.0000000       0.011   12    4    8    8e-15  1.9e-13
    
参数 uin = 10。
Iter      SolEst      ResEst     Damping    Stepsize #Res #Jac #Sol   LinErr   LinRes
   1     1.9e-05       0.011   1.0000000      0.0066   15    5   10  1.5e-14  1.4e-13
    
参数 uin = 12。
Iter      SolEst      ResEst     Damping    Stepsize #Res #Jac #Sol   LinErr   LinRes
   1     1.1e-05      0.0056   1.0000000      0.0064   18    6   12  7.5e-15  6.7e-14
---------- 当前进度: 100 % - 
Memory: 506/509 537/541
求解时间：0 s。
物理内存: 509 MB
虚拟内存: 555 MB
结束时间：2026年7月16日 15:36:13。
----- 研究 1/解 1 (sol1) 中的“稳态求解器 1” --------------------------------------------->
           当前进度:   0 % - 
Memory: 525/531 553/560
--         当前进度:  29 % - 正在计算
Memory: 523/531 551/560
---        当前进度:  34 % - 正在计算
----       当前进度:  41 % - 正在计算
Memory: 509/531 538/560
           当前进度:   0 % - 
Memory: 510/531 539/560
---------- 当前进度: 100 % - 正在更新选择
Memory: 512/531 539/560
           当前进度:   0 % - 线段间隔 1
Memory: 513/531 540/560
           当前进度:   9 % - 形成联合体
---------- 当前进度: 100 % - 正在更新选择
           当前进度:   0 % - 边 1
Memory: 533/533 559/560
边界单元数：2
单元数：100
---------- 当前进度: 100 % - 正在创建边界网格
           当前进度:   0 % - 研究 1
Memory: 522/533 549/560
           当前进度:   3 % - 研究 1
Memory: 525/533 552/560
<---- 研究 1/解 1 (sol1) 中的“编译方程: 稳态” ---------------------------------------------
开始于 2026年7月16日 15:36:15。
几何形函数: 二次拉格朗日单元
在 Intel64 Family 6 Model 165 Stepping 3, GenuineIntel 上运行。
在以下位置使用 1 个插槽： C201Z 上（共 6 个内核）。
可用内存：16.23 GB。
           当前进度:   3 % - 编译方程: 稳态
Memory: 562/562 589/589
           当前进度:   4 % - 编译方程: 稳态
Memory: 562/565 589/592
时间：0。
物理内存: 565 MB
虚拟内存: 592 MB
结束时间：2026年7月16日 15:36:15。
----- 研究 1/解 1 (sol1) 中的“编译方程: 稳态” -------------------------------------------->
<---- 研究 1/解 1 (sol1) 中的“因变量 1” ------------------------------------------------
开始于 2026年7月16日 15:36:15。
           当前进度:   4 % - 因变量 1
Memory: 553/565 580/592
求解时间：0 s。
物理内存: 553 MB
虚拟内存: 580 MB
结束时间：2026年7月16日 15:36:15。
----- 研究 1/解 1 (sol1) 中的“因变量 1” ----------------------------------------------->
<---- 研究 1/解 1 (sol1) 中的“稳态求解器 1” ----------------------------------------------
开始于 2026年7月16日 15:36:15。
参数化求解器
非线性求解器
求解的自由度数：402（加上 4 个内部自由度）。
    
参数 uin = 4。
找到非对称矩阵。
缩放因变量：
因变量 T (comp1.T): 3.2e+02
因变量 Ta (comp1.Ta): 6e+02
已使用正交零空间函数。
Iter      SolEst      ResEst     Damping    Stepsize #Res #Jac #Sol   LinErr   LinRes
   1     0.00064        0.61   1.0000000       0.032    3    1    2  1.6e-14  9.1e-13
    
参数 uin = 5。
Iter      SolEst      ResEst     Damping    Stepsize #Res #Jac #Sol   LinErr   LinRes
   1     0.00035        0.33   1.0000000       0.024    6    2    4    3e-14  9.5e-13
    
参数 uin = 6。
Iter      SolEst      ResEst     Damping    Stepsize #Res #Jac #Sol   LinErr   LinRes
   1      0.0002         0.2   1.0000000       0.019    9    3    6  4.4e-14    7e-13
    
参数 uin = 8。
Iter      SolEst      ResEst     Damping    Stepsize #Res #Jac #Sol   LinErr   LinRes
   1     6.3e-05       0.063   1.0000000       0.011   12    4    8  2.8e-14  5.9e-13
    
参数 uin = 10。
Iter      SolEst      ResEst     Damping    Stepsize #Res #Jac #Sol   LinErr   LinRes
   1     1.9e-05       0.011   1.0000000      0.0066   15    5   10    2e-14  6.4e-13
    
参数 uin = 12。
Iter      SolEst      ResEst     Damping    Stepsize #Res #Jac #Sol   LinErr   LinRes
   1     1.1e-05      0.0056   1.0000000      0.0064   18    6   12  2.9e-14  2.6e-13
---------- 当前进度: 100 % - 
Memory: 563/565 589/594
求解时间：0 s。
物理内存: 565 MB
虚拟内存: 594 MB
结束时间：2026年7月16日 15:36:15。
----- 研究 1/解 1 (sol1) 中的“稳态求解器 1” --------------------------------------------->
           当前进度:   0 % - 
Memory: 565/572 590/598
---        当前进度:  31 % - 正在计算
Memory: 566/572 591/598
---        当前进度:  34 % - 正在计算
Memory: 566/572 592/598
----       当前进度:  41 % - 正在计算
           当前进度:   0 % - 
-          当前进度:  10 % - 正在绘制
Memory: 569/572 594/598
----       当前进度:  49 % - 正在计算
Memory: 570/572 594/598
-----      当前进度:  52 % - 正在计算
-----      当前进度:  53 % - 正在计算
-----      当前进度:  54 % - 正在计算
-----      当前进度:  55 % - 正在绘制
---------  当前进度:  94 % - 正在计算
---------  当前进度:  97 % - 正在计算
---------  当前进度:  98 % - 正在计算
---------  当前进度:  99 % - 正在计算
---        当前进度:  30 % - 生成图像
Memory: 644/644 663/663
---------- 当前进度: 100 % - 正在更新选择
Memory: 621/677 619/701
           当前进度:   0 % - 线段间隔 1
Memory: 624/677 623/701
           当前进度:   9 % - 形成联合体
---------- 当前进度: 100 % - 正在更新选择
           当前进度:   0 % - 边 1
Memory: 631/677 628/701
边界单元数：2
单元数：200
---------- 当前进度: 100 % - 正在创建边界网格
Memory: 631/677 629/701
           当前进度:   0 % - 研究 1
Memory: 641/677 640/701
           当前进度:   3 % - 研究 1
Memory: 642/677 641/701
<---- 研究 1/解 1 (sol1) 中的“编译方程: 稳态” ---------------------------------------------
开始于 2026年7月16日 15:36:18。
几何形函数: 二次拉格朗日单元
在 Intel64 Family 6 Model 165 Stepping 3, GenuineIntel 上运行。
在以下位置使用 1 个插槽： C201Z 上（共 6 个内核）。
可用内存：16.23 GB。
           当前进度:   3 % - 编译方程: 稳态
Memory: 634/677 632/701
           当前进度:   4 % - 编译方程: 稳态
Memory: 630/677 629/701
时间：0。
物理内存: 647 MB
虚拟内存: 645 MB
结束时间：2026年7月16日 15:36:18。
----- 研究 1/解 1 (sol1) 中的“编译方程: 稳态” -------------------------------------------->
<---- 研究 1/解 1 (sol1) 中的“因变量 1” ------------------------------------------------
开始于 2026年7月16日 15:36:18。
           当前进度:   4 % - 因变量 1
Memory: 640/677 638/701
求解时间：0 s。
物理内存: 640 MB
虚拟内存: 638 MB
结束时间：2026年7月16日 15:36:18。
----- 研究 1/解 1 (sol1) 中的“因变量 1” ----------------------------------------------->
<---- 研究 1/解 1 (sol1) 中的“稳态求解器 1” ----------------------------------------------
开始于 2026年7月16日 15:36:18。
参数化求解器
非线性求解器
求解的自由度数：802（加上 4 个内部自由度）。
    
参数 uin = 4。
找到非对称矩阵。
缩放因变量：
因变量 T (comp1.T): 3.2e+02
因变量 Ta (comp1.Ta): 8.5e+02
已使用正交零空间函数。
Iter      SolEst      ResEst     Damping    Stepsize #Res #Jac #Sol   LinErr   LinRes
   1     0.00064        0.61   1.0000000       0.032    3    1    2  2.3e-13  3.9e-12
    
参数 uin = 5。
Iter      SolEst      ResEst     Damping    Stepsize #Res #Jac #Sol   LinErr   LinRes
   1     0.00035        0.33   1.0000000       0.024    6    2    4  3.2e-13  3.4e-12
    
参数 uin = 6。
Iter      SolEst      ResEst     Damping    Stepsize #Res #Jac #Sol   LinErr   LinRes
   1      0.0002         0.2   1.0000000       0.019    9    3    6  1.1e-13  2.9e-12
    
参数 uin = 8。
Iter      SolEst      ResEst     Damping    Stepsize #Res #Jac #Sol   LinErr   LinRes
   1     6.3e-05       0.063   1.0000000       0.011   12    4    8  8.1e-14  2.7e-12
    
参数 uin = 10。
Iter      SolEst      ResEst     Damping    Stepsize #Res #Jac #Sol   LinErr   LinRes
   1     1.9e-05       0.011   1.0000000      0.0066   15    5   10  4.8e-13  2.2e-12
    
参数 uin = 12。
Iter      SolEst      ResEst     Damping    Stepsize #Res #Jac #Sol   LinErr   LinRes
   1     1.1e-05      0.0056   1.0000000      0.0064   18    6   12  1.6e-13  1.2e-12
---------- 当前进度: 100 % - 
Memory: 651/677 648/701
求解时间：0 s。
物理内存: 651 MB
虚拟内存: 648 MB
结束时间：2026年7月16日 15:36:18。
----- 研究 1/解 1 (sol1) 中的“稳态求解器 1” --------------------------------------------->
           当前进度:   0 % - 
Memory: 644/677 641/701
---        当前进度:  31 % - 正在计算
Memory: 645/677 642/701
---        当前进度:  34 % - 正在计算
----       当前进度:  41 % - 正在计算
           当前进度:   0 % - 
类运行时: 12 s.
正在保存模型: F:\Thesis\Thermal\Yuan2020_reproduction_v3\comsol\v9_confirmation\V9EquivalentConfirmation_Model.mph
保存时间: 0 s.
总时间: 12 s.
