*******************************************
***COMSOL 6.4.0.293 progress output file***
*******************************************
Wed Jul 15 19:09:00 CST 2026
COMSOL Multiphysics 6.4 (开发版本: 293) 在批处理模式下启动
正在运行: F:\Thesis\Thermal\Yuan2020_reproduction_v3\comsol\v5_handoff\Stage1SelectionAudit.class
---------- 当前进度: 100 % - 正在更新选择
Memory: 411/411 439/439
           当前进度:   0 % - 长方体
Memory: 422/422 450/450
           当前进度:   9 % - 形成联合体
Memory: 430/430 454/459
           当前进度:   9 % - 执行布尔操作
---------- 当前进度: 100 % - 正在更新选择
Memory: 431/431 455/459
---------- 当前进度: 100 % - 正在创建可视化网格
Memory: 435/435 457/459
---------- 当前进度: 100 % - 正在分析几何
Memory: 439/439 461/461
类运行时: 5 s.
正在保存模型: F:\Thesis\Thermal\Yuan2020_reproduction_v3\comsol\v5_handoff\Stage1SelectionAudit_Model.mph
保存时间: 0 s.
总时间: 5 s.
