*******************************************
***COMSOL 6.4.0.293 progress output file***
*******************************************
Wed Jul 15 19:23:48 CST 2026
COMSOL Multiphysics 6.4 (开发版本: 293) 在批处理模式下启动
正在运行: F:\Thesis\Thermal\Yuan2020_reproduction_v3\comsol\v5_handoff\Stage1DefaultSolver.class
---------- 当前进度: 100 % - 正在更新选择
Memory: 409/409 438/438
           当前进度:   0 % - 长方体
Memory: 417/417 445/445
           当前进度:   9 % - 形成联合体
Memory: 424/424 449/454
           当前进度:   9 % - 执行布尔操作
---------- 当前进度: 100 % - 正在更新选择
---------- 当前进度: 100 % - 正在创建可视化网格
Memory: 431/431 454/454
           当前进度:   0 % - 边 1
Memory: 566/568 588/590
顶点单元数：4
边单元数：8
           当前进度:   8 % - 正在创建边界网格
Memory: 567/568 588/590
           当前进度:   8 % - 边 2
Memory: 571/571 591/591
顶点单元数：4
边单元数：40
-          当前进度:  17 % - 正在创建边界网格
-          当前进度:  17 % - 映射 1
Memory: 568/571 588/592
顶点单元数：4
边单元数：40
----       当前进度:  42 % - 正在定型网格
----       当前进度:  42 % - 扫掠 1
顶点单元数：8
边单元数：320
边界单元数：2528
单元数：3840
最小单元质量：1
---------- 当前进度: 100 % - 正在定型网格
Memory: 564/574 591/596
           当前进度:   1 % - 生成方程
Memory: 579/586 604/611
           当前进度:   2 % - 生成方程
Memory: 598/604 623/630
           当前进度:   3 % - 生成方程
Memory: 636/643 664/672
<---- 研究 1/解 1 (sol1) 中的“编译方程: 稳态” ---------------------------------------------
开始于 2026年7月15日 19:24:01。
几何形函数: 线性拉格朗日单元
在 Intel64 Family 6 Model 165 Stepping 3, GenuineIntel 上运行。
在以下位置使用 1 个插槽： C201Z 上（共 6 个内核）。
可用内存：16.23 GB。
           当前进度:   7 % - 编译方程: 稳态
Memory: 660/665 677/684
           当前进度:   7 % - 正在创建可视化网格
Memory: 670/673 686/690
时间：2。
物理内存: 675 MB
虚拟内存: 691 MB
结束时间：2026年7月15日 19:24:02。
----- 研究 1/解 1 (sol1) 中的“编译方程: 稳态” -------------------------------------------->
<---- 研究 1/解 1 (sol1) 中的“因变量 1” ------------------------------------------------
开始于 2026年7月15日 19:24:02。
           当前进度:   7 % - 因变量 1
Memory: 668/681 687/701
求解时间：0 s。
物理内存: 681 MB
虚拟内存: 701 MB
结束时间：2026年7月15日 19:24:03。
----- 研究 1/解 1 (sol1) 中的“因变量 1” ----------------------------------------------->
<---- 研究 1/解 1 (sol1) 中的“稳态求解器 1” ----------------------------------------------
开始于 2026年7月15日 19:24:03。
非线性求解器
求解的自由度数：112996（加上 1 个内部自由度）。
-          当前进度:  12 % - 正在组装残差
Memory: 1004/1004 1042/1042
-          当前进度:  12 % - 组装稀疏模式
Memory: 880/1031 917/1074
-          当前进度:  12 % - 组装矩阵
Memory: 1442/1442 1476/1476
找到非对称矩阵。
-          当前进度:  12 % - 
Memory: 1240/1549 1288/1584
缩放因变量：
压力 (comp1.p): 0.57
速度场 (comp1.u): 1
已使用正交零空间函数。
-          当前进度:  12 % - 正在创建多重网格层次结构
Memory: 1271/1549 1317/1584
Iter      SolEst      ResEst     Damping    Stepsize #Res #Jac #Sol LinIt   LinErr   LinRes
-          当前进度:  12 % - 求解线性方程组
Memory: 1384/1549 1496/1584
-          当前进度:  12 % - 正在组装残差
Memory: 1703/1703 1817/1817
-          当前进度:  12 % - 求解线性方程组
Memory: 1446/2020 1546/2131
   1          24         6.7   0.0100000          24    2    1    2     5    0.049    0.086
--         当前进度:  20 % - 组装稀疏模式
Memory: 1275/2020 1364/2131
--         当前进度:  20 % - 组装矩阵
Memory: 1487/2020 1582/2131
--         当前进度:  20 % - 约束处理
Memory: 1484/2479 1589/2588
--         当前进度:  20 % - 预处理
Memory: 1369/2479 1463/2588
--         当前进度:  20 % - 正在创建多重网格层次结构
Memory: 1413/2479 1514/2588
--         当前进度:  20 % - 求解线性方程组
Memory: 1456/2479 1554/2588
--         当前进度:  20 % - 正在组装残差
Memory: 1738/2479 1844/2588
--         当前进度:  20 % - 求解线性方程组
Memory: 1984/2479 2092/2588
   2         5.4     6.1e+02   0.1000000           6    3    2    5    11  0.00017  0.00053
--         当前进度:  29 % - 组装稀疏模式
Memory: 1257/2479 1343/2588
--         当前进度:  29 % - 组装矩阵
Memory: 1327/2479 1415/2588
--         当前进度:  29 % - 约束处理
Memory: 1476/2999 1627/3129
--         当前进度:  29 % - 预处理
Memory: 1401/2999 1499/3129
--         当前进度:  29 % - 求解线性方程组
Memory: 1493/2999 1598/3129
--         当前进度:  29 % - 正在组装残差
Memory: 1786/2999 1897/3129
--         当前进度:  29 % - 求解线性方程组
Memory: 1595/2999 1688/3129
   3      0.0018       4e+03   1.0000000        0.69    4    3    8    20     0.03  0.00018
---------  当前进度:  99 % - 组装矩阵
Memory: 1729/2999 1822/3129
---------  当前进度:  99 % - 
Memory: 1719/2999 1822/3129
---------  当前进度:  99 % - 预处理
Memory: 1416/2999 1510/3129
---------  当前进度:  99 % - 正在创建多重网格层次结构
Memory: 1500/2999 1599/3129
---------  当前进度:  99 % - 求解线性方程组
Memory: 1503/2999 1604/3129
---------  当前进度:  99 % - 正在组装残差
Memory: 1816/2999 1919/3129
---------  当前进度:  99 % - 求解线性方程组
Memory: 1988/2999 2094/3129
---------  当前进度:  99 % - 正在组装残差
Memory: 2009/2999 2113/3129
   4     0.00056     5.3e+02   1.0000000      0.0078    6    4   11    29  0.00038        -
---------- 当前进度: 100 % - 
Memory: 1769/2999 1857/3129
求解时间：31 s。
物理内存: 3 GB
虚拟内存: 3.13 GB
结束时间：2026年7月15日 19:24:34。
----- 研究 1/解 1 (sol1) 中的“稳态求解器 1” --------------------------------------------->
类运行时: 47 s.
正在保存模型: F:\Thesis\Thermal\Yuan2020_reproduction_v3\comsol\v5_handoff\Stage1DefaultSolver_Model.mph
保存时间: 0 s.
总时间: 47 s.
