*******************************************
***COMSOL 6.4.0.293 progress output file***
*******************************************
Wed Jul 15 19:42:42 CST 2026
COMSOL Multiphysics 6.4 (开发版本: 293) 在批处理模式下启动
正在运行: F:\Thesis\Thermal\Yuan2020_reproduction_v3\comsol\v5_handoff\Stage1PrescribedVelocityHeat.class
---------- 当前进度: 100 % - 正在更新选择
Memory: 406/406 435/435
           当前进度:   0 % - 长方体
Memory: 413/413 442/442
           当前进度:   8 % - 长方体 2
Memory: 420/420 445/447
-          当前进度:  17 % - 形成联合体
-          当前进度:  17 % - 执行布尔操作
Memory: 424/424 447/447
---------- 当前进度: 100 % - 正在更新选择
---------- 当前进度: 100 % - 正在创建可视化网格
Memory: 429/429 451/451
           当前进度:   0 % - 边
Memory: 656/665 680/689
顶点单元数：6
边单元数：36
           当前进度:   8 % - 正在创建边界网格
Memory: 655/665 679/689
           当前进度:   8 % - 边 2
Memory: 655/665 678/689
顶点单元数：6
边单元数：40
-          当前进度:  15 % - 正在创建边界网格
-          当前进度:  15 % - 边 3
Memory: 655/665 679/689
顶点单元数：6
边单元数：48
--         当前进度:  23 % - 正在创建边界网格
Memory: 656/665 682/689
--         当前进度:  23 % - 映射 1
顶点单元数：6
边单元数：48
----       当前进度:  46 % - 正在定型网格
Memory: 657/665 682/689
----       当前进度:  46 % - 扫掠 1
顶点单元数：12
边单元数：276
边界单元数：1584
单元数：2160
最小单元质量：1
---------- 当前进度: 100 % - 正在定型网格
Memory: 666/673 686/694
           当前进度:   1 % - 生成方程
Memory: 680/690 698/708
           当前进度:   2 % - 生成方程
Memory: 690/692 706/709
           当前进度:   3 % - 生成方程
Memory: 695/700 711/718
<---- 研究 1/解 1 (sol1) 中的“编译方程: 稳态” ---------------------------------------------
开始于 2026年7月15日 19:42:59。
几何形函数: 线性拉格朗日单元
在 Intel64 Family 6 Model 165 Stepping 3, GenuineIntel 上运行。
在以下位置使用 1 个插槽： C201Z 上（共 6 个内核）。
可用内存：16.23 GB。
           当前进度:   4 % - 编译方程: 稳态
Memory: 771/771 791/791
           当前进度:   4 % - 正在创建可视化网格
Memory: 779/779 799/799
时间：3。
物理内存: 779 MB
虚拟内存: 799 MB
结束时间：2026年7月15日 19:43:02。
----- 研究 1/解 1 (sol1) 中的“编译方程: 稳态” -------------------------------------------->
<---- 研究 1/解 1 (sol1) 中的“因变量 1” ------------------------------------------------
开始于 2026年7月15日 19:43:02。
           当前进度:   4 % - 因变量 1
Memory: 778/779 796/799
求解时间：0 s。
物理内存: 778 MB
虚拟内存: 796 MB
结束时间：2026年7月15日 19:43:02。
----- 研究 1/解 1 (sol1) 中的“因变量 1” ----------------------------------------------->
<---- 研究 1/解 1 (sol1) 中的“稳态求解器 1” ----------------------------------------------
开始于 2026年7月15日 19:43:02。
参数化求解器
非线性求解器
求解的自由度数：2821（加上 2316 个内部自由度）。
    
参数 uin = 4。
找到非对称矩阵。
缩放因变量：
温度 (comp1.T): 3e+02
已使用正交零空间函数。
Iter      SolEst     Damping    Stepsize #Res #Jac #Sol   LinErr   LinRes
   1        0.45   0.0100000        0.45    2    1    2    5e-13  1.3e-12
           当前进度:   6 % - 矩阵分解
Memory: 837/837 897/897
   2        0.39   0.1000000        0.43    3    2    4  6.4e-13  1.3e-12
   3     2.6e-06   1.0000000        0.28    4    3    6  1.7e-14  2.8e-16
   4     6.2e-08   1.0000000     2.6e-06    5    4    8  2.2e-14  3.5e-16
    
参数 uin = 5。
Iter      SolEst     Damping    Stepsize #Res #Jac #Sol   LinErr   LinRes
   1        0.36   0.0100000        0.37    7    5   10  2.9e-13  1.1e-12
   2        0.31   0.1000000        0.35    8    6   12  3.9e-13  1.1e-12
   3     2.5e-06   1.0000000        0.24    9    7   14  2.6e-14  2.5e-16
   4     1.1e-07   1.0000000     2.5e-06   10    8   16  2.2e-14  3.2e-16
    
参数 uin = 6。
Iter      SolEst     Damping    Stepsize #Res #Jac #Sol   LinErr   LinRes
   1        0.31   0.0100000        0.31   12    9   18  4.1e-13  9.4e-13
---        当前进度:  38 % - 组装矩阵
Memory: 854/855 911/911
   2        0.27   0.1000000         0.3   13   10   20  3.2e-13  8.8e-13
   3     1.7e-05   1.0000000        0.21   14   11   22  4.5e-14    3e-16
   4     2.2e-06   1.0000000     1.7e-05   15   12   24  3.4e-14  2.9e-16
    
参数 uin = 8。
Iter      SolEst     Damping    Stepsize #Res #Jac #Sol   LinErr   LinRes
   1        0.24   0.0100000        0.24   17   13   26  3.1e-13  7.1e-13
   2        0.21   0.1000000        0.23   18   14   28  3.3e-13  7.1e-13
   3       8e-06   1.0000000        0.17   19   15   30    7e-15  2.7e-16
   4     1.2e-06   1.0000000       8e-06   20   16   32  5.6e-14  2.9e-16
    
参数 uin = 10。
Iter      SolEst     Damping    Stepsize #Res #Jac #Sol   LinErr   LinRes
   1         0.2   0.0100000         0.2   22   17   34  2.2e-13  6.1e-13
   2        0.18   0.1000000         0.2   23   18   36  2.4e-13  5.8e-13
   3     1.9e-05   1.0000000        0.15   24   19   38  2.3e-14  2.2e-16
   4     4.9e-06   1.0000000     1.9e-05   25   20   40  2.8e-14  2.1e-16
    
参数 uin = 12。
Iter      SolEst     Damping    Stepsize #Res #Jac #Sol   LinErr   LinRes
   1        0.18   0.0100000        0.18   27   21   42  2.3e-13  5.2e-13
   2        0.16   0.1000000        0.17   28   22   44  2.4e-13  5.1e-13
--------   当前进度:  87 % - 组装矩阵
Memory: 856/856 911/911
   3       2e-05   1.0000000        0.13   29   23   46  5.8e-14    3e-16
   4     3.8e-06   1.0000000       2e-05   30   24   48  5.5e-15  2.9e-16
---------- 当前进度: 100 % - 
Memory: 836/856 886/911
求解时间：1 s。
物理内存: 856 MB
虚拟内存: 911 MB
结束时间：2026年7月15日 19:43:03。
----- 研究 1/解 1 (sol1) 中的“稳态求解器 1” --------------------------------------------->
---------- 当前进度: 100 % - 正在更新选择
Memory: 859/869 906/916
           当前进度:   0 % - 长方体
Memory: 860/869 906/916
           当前进度:   8 % - 长方体 2
-          当前进度:  17 % - 形成联合体
---------- 当前进度: 100 % - 正在更新选择
---------- 当前进度: 100 % - 正在创建可视化网格
Memory: 861/869 907/916
           当前进度:   0 % - 边
Memory: 871/874 918/920
顶点单元数：6
边单元数：72
           当前进度:   8 % - 正在创建边界网格
           当前进度:   8 % - 边 2
Memory: 872/874 918/920
顶点单元数：6
边单元数：80
-          当前进度:  15 % - 正在创建边界网格
-          当前进度:  15 % - 边 3
顶点单元数：6
边单元数：96
--         当前进度:  23 % - 正在创建边界网格
--         当前进度:  23 % - 映射 1
顶点单元数：6
边单元数：96
----       当前进度:  46 % - 正在定型网格
----       当前进度:  46 % - 扫掠 1
顶点单元数：12
边单元数：552
边界单元数：6336
单元数：17280
最小单元质量：1
---------- 当前进度: 100 % - 正在定型网格
Memory: 866/875 911/921
           当前进度:   1 % - 生成方程
Memory: 869/880 914/926
           当前进度:   3 % - 生成方程
Memory: 846/880 892/926
<---- 研究 1/解 1 (sol1) 中的“编译方程: 稳态” ---------------------------------------------
开始于 2026年7月15日 19:43:11。
几何形函数: 线性拉格朗日单元
在 Intel64 Family 6 Model 165 Stepping 3, GenuineIntel 上运行。
在以下位置使用 1 个插槽： C201Z 上（共 6 个内核）。
可用内存：16.23 GB。
           当前进度:   4 % - 编译方程: 稳态
Memory: 875/880 922/926
           当前进度:   4 % - 正在创建可视化网格
Memory: 877/882 924/928
时间：2。
物理内存: 882 MB
虚拟内存: 928 MB
结束时间：2026年7月15日 19:43:13。
----- 研究 1/解 1 (sol1) 中的“编译方程: 稳态” -------------------------------------------->
<---- 研究 1/解 1 (sol1) 中的“因变量 1” ------------------------------------------------
开始于 2026年7月15日 19:43:13。
           当前进度:   4 % - 因变量 1
Memory: 879/882 925/928
求解时间：0 s。
物理内存: 879 MB
虚拟内存: 925 MB
结束时间：2026年7月15日 19:43:13。
----- 研究 1/解 1 (sol1) 中的“因变量 1” ----------------------------------------------->
<---- 研究 1/解 1 (sol1) 中的“稳态求解器 1” ----------------------------------------------
开始于 2026年7月15日 19:43:13。
参数化求解器
非线性求解器
求解的自由度数：19825（加上 8508 个内部自由度）。
    
参数 uin = 4。
找到非对称矩阵。
缩放因变量：
温度 (comp1.T): 3e+02
已使用正交零空间函数。
           当前进度:   5 % - 矩阵分解
Memory: 990/997 1051/1062
Iter      SolEst     Damping    Stepsize #Res #Jac #Sol   LinErr   LinRes
   1        0.45   0.0100000        0.45    2    1    2  2.6e-12  3.7e-12
           当前进度:   6 % - 
Memory: 1036/1038 1185/1187
   2        0.39   0.1000000        0.43    3    2    4  2.6e-12  3.8e-12
           当前进度:   8 % - 求解线性方程组
Memory: 1042/1045 1204/1204
   3     6.1e-06   1.0000000        0.28    4    3    6  1.6e-13  3.6e-16
   4     1.5e-06   1.0000000     6.1e-06    5    4    8  4.1e-14    4e-16
--         当前进度:  21 % - 
Memory: 1048/1054 1219/1219
    
参数 uin = 5。
Iter      SolEst     Damping    Stepsize #Res #Jac #Sol   LinErr   LinRes
   1        0.36   0.0100000        0.37    7    5   10    2e-12    3e-12
--         当前进度:  22 % - 组装稀疏模式
Memory: 1067/1070 1257/1260
   2        0.31   0.1000000        0.35    8    6   12  2.1e-12  3.3e-12
--         当前进度:  24 % - 正在组装残差
Memory: 1069/1077 1255/1266
   3     4.1e-06   1.0000000        0.24    9    7   14  2.1e-13  2.9e-16
   4     4.9e-07   1.0000000     4.1e-06   10    8   16  9.3e-14  3.6e-16
    
参数 uin = 6。
---        当前进度:  37 % - 组装矩阵
Memory: 1073/1078 1258/1266
Iter      SolEst     Damping    Stepsize #Res #Jac #Sol   LinErr   LinRes
   1        0.31   0.0100000        0.31   12    9   18  1.8e-12  2.7e-12
   2        0.27   0.1000000         0.3   13   10   20  1.8e-12  2.7e-12
----       当前进度:  40 % - 组装矩阵
Memory: 1088/1090 1280/1281
   3     1.3e-05   1.0000000        0.21   14   11   22    2e-13  3.2e-16
   4     1.9e-06   1.0000000     1.3e-05   15   12   24  3.6e-13  5.1e-16
    
参数 uin = 8。
-----      当前进度:  52 % - 正在组装残差
Memory: 1087/1090 1279/1281
Iter      SolEst     Damping    Stepsize #Res #Jac #Sol   LinErr   LinRes
   1        0.24   0.0100000        0.24   17   13   26  1.3e-12  2.2e-12
-----      当前进度:  54 % - 矩阵分解
Memory: 1085/1090 1275/1282
   2        0.21   0.1000000        0.24   18   14   28  1.3e-12  2.2e-12
-----      当前进度:  56 % - 正在组装残差
Memory: 1084/1090 1273/1282
   3     1.9e-06   1.0000000        0.17   19   15   30  1.9e-13  4.5e-16
   4     2.5e-07   1.0000000     1.9e-06   20   16   32    7e-14  6.6e-16
    
参数 uin = 10。
------     当前进度:  68 % - 正在组装残差
Memory: 1083/1090 1272/1282
Iter      SolEst     Damping    Stepsize #Res #Jac #Sol   LinErr   LinRes
   1         0.2   0.0100000        0.21   22   17   34  1.1e-12  1.9e-12
-------    当前进度:  70 % - 矩阵分解
   2        0.18   0.1000000         0.2   23   18   36  1.1e-12  1.8e-12
   3     1.4e-06   1.0000000        0.15   24   19   38  2.1e-14    4e-16
--------   当前进度:  84 % - 组装矩阵
Memory: 1089/1090 1274/1282
   4       2e-07   1.0000000     1.4e-06   25   20   40  1.7e-13    5e-16
    
参数 uin = 12。
Iter      SolEst     Damping    Stepsize #Res #Jac #Sol   LinErr   LinRes
   1        0.18   0.0100000        0.18   27   21   42  1.1e-12  1.6e-12
--------   当前进度:  86 % - 正在组装残差
Memory: 1085/1090 1270/1282
   2        0.16   0.1000000        0.18   28   22   44  1.2e-12  1.6e-12
   3     1.1e-06   1.0000000        0.13   29   23   46  7.9e-14  4.7e-16
---------- 当前进度: 100 % - 
Memory: 1081/1090 1266/1282
   4     2.4e-07   1.0000000     1.1e-06   30   24   48  2.4e-13  5.1e-16
求解时间：5 s。
物理内存: 1.09 GB
虚拟内存: 1.28 GB
结束时间：2026年7月15日 19:43:18。
----- 研究 1/解 1 (sol1) 中的“稳态求解器 1” --------------------------------------------->
           当前进度:   0 % - 正在绘制
Memory: 958/1090 1173/1282
           当前进度:   2 % - 正在计算
Memory: 930/1090 1141/1282
-          当前进度:  10 % - 正在绘制
Memory: 931/1090 1142/1282
-----      当前进度:  51 % - 正在计算
Memory: 943/1090 1155/1282
--------   当前进度:  83 % - 正在计算
Memory: 944/1090 1156/1282
---------  当前进度:  90 % - 正在计算
Memory: 945/1090 1156/1282
---        当前进度:  30 % - 生成图像
Memory: 1139/1139 1323/1323
           当前进度:   0 % - 正在绘制
Memory: 1087/1152 1255/1339
           当前进度:   2 % - 正在计算
-          当前进度:  10 % - 正在绘制
Memory: 1088/1152 1255/1339
-----      当前进度:  51 % - 正在计算
--------   当前进度:  83 % - 正在计算
---------  当前进度:  90 % - 正在计算
---        当前进度:  30 % - 生成图像
Memory: 1143/1152 1323/1339
           当前进度:   0 % - 正在绘制
Memory: 1091/1156 1254/1339
           当前进度:   2 % - 正在计算
Memory: 1092/1156 1254/1339
-          当前进度:  10 % - 正在绘制
-----      当前进度:  51 % - 正在计算
--------   当前进度:  83 % - 正在计算
---------  当前进度:  90 % - 正在计算
---        当前进度:  30 % - 生成图像
Memory: 1136/1156 1313/1339
           当前进度:   0 % - 正在绘制
Memory: 1116/1160 1282/1340
           当前进度:   2 % - 正在计算
-          当前进度:  10 % - 正在绘制
-----      当前进度:  51 % - 正在计算
--------   当前进度:  83 % - 正在计算
---------  当前进度:  90 % - 正在计算
---        当前进度:  30 % - 生成图像
Memory: 1145/1160 1309/1340
           当前进度:   0 % - 正在绘制
Memory: 1129/1174 1285/1340
           当前进度:   2 % - 正在计算
Memory: 1127/1174 1284/1340
-          当前进度:  10 % - 正在绘制
Memory: 1128/1174 1284/1340
-----      当前进度:  51 % - 正在计算
--------   当前进度:  83 % - 正在计算
---------  当前进度:  90 % - 正在计算
---        当前进度:  30 % - 生成图像
Memory: 1154/1174 1309/1340
           当前进度:   0 % - 正在绘制
Memory: 1141/1181 1291/1340
           当前进度:   2 % - 正在计算
-          当前进度:  10 % - 正在绘制
-----      当前进度:  51 % - 正在计算
Memory: 1142/1181 1291/1340
--------   当前进度:  83 % - 正在计算
---------  当前进度:  90 % - 正在计算
---        当前进度:  30 % - 生成图像
Memory: 1163/1181 1313/1340
---------- 当前进度: 100 % - 正在更新选择
Memory: 1153/1188 1294/1340
           当前进度:   0 % - 长方体
           当前进度:   8 % - 长方体 2
-          当前进度:  17 % - 形成联合体
---------- 当前进度: 100 % - 正在更新选择
---------- 当前进度: 100 % - 正在创建可视化网格
Memory: 1153/1188 1295/1340
           当前进度:   0 % - 边
Memory: 1162/1188 1297/1340
顶点单元数：6
边单元数：108
           当前进度:   8 % - 正在创建边界网格
           当前进度:   8 % - 边 2
Memory: 1163/1188 1299/1340
顶点单元数：6
边单元数：120
-          当前进度:  15 % - 正在创建边界网格
Memory: 1164/1188 1299/1340
-          当前进度:  15 % - 边 3
顶点单元数：6
边单元数：144
--         当前进度:  23 % - 正在创建边界网格
Memory: 1162/1188 1297/1340
--         当前进度:  23 % - 映射 1
顶点单元数：6
边单元数：144
----       当前进度:  46 % - 正在定型网格
----       当前进度:  46 % - 扫掠 1
顶点单元数：12
边单元数：888
边界单元数：15696
单元数：64800
最小单元质量：1
---------- 当前进度: 100 % - 正在定型网格
           当前进度:   1 % - 生成方程
Memory: 1163/1188 1298/1340
           当前进度:   2 % - 生成方程
           当前进度:   3 % - 生成方程
<---- 研究 1/解 1 (sol1) 中的“编译方程: 稳态” ---------------------------------------------
开始于 2026年7月15日 19:43:28。
几何形函数: 线性拉格朗日单元
在 Intel64 Family 6 Model 165 Stepping 3, GenuineIntel 上运行。
在以下位置使用 1 个插槽： C201Z 上（共 6 个内核）。
可用内存：16.23 GB。
           当前进度:   4 % - 编译方程: 稳态
Memory: 1121/1188 1260/1340
           当前进度:   4 % - 正在创建可视化网格
Memory: 1142/1188 1279/1340
时间：2。
物理内存: 1.16 GB
虚拟内存: 1.3 GB
结束时间：2026年7月15日 19:43:29。
----- 研究 1/解 1 (sol1) 中的“编译方程: 稳态” -------------------------------------------->
<---- 研究 1/解 1 (sol1) 中的“因变量 1” ------------------------------------------------
开始于 2026年7月15日 19:43:29。
           当前进度:   4 % - 因变量 1
Memory: 1153/1188 1290/1340
求解时间：0 s。
物理内存: 1.15 GB
虚拟内存: 1.29 GB
结束时间：2026年7月15日 19:43:29。
----- 研究 1/解 1 (sol1) 中的“因变量 1” ----------------------------------------------->
<---- 研究 1/解 1 (sol1) 中的“稳态求解器 1” ----------------------------------------------
开始于 2026年7月15日 19:43:29。
参数化求解器
非线性求解器
求解的自由度数：71003（加上 20468 个内部自由度）。
    
参数 uin = 4。
           当前进度:   5 % - 组装矩阵
Memory: 1242/1242 1380/1380
找到非对称矩阵。
缩放因变量：
温度 (comp1.T): 3e+02
已使用正交零空间函数。
           当前进度:   5 % - 矩阵分解
Memory: 1384/1384 1582/1582
Iter      SolEst     Damping    Stepsize #Res #Jac #Sol   LinErr   LinRes
   1        0.45   0.0100000        0.46    2    1    2  5.7e-12  6.8e-12
           当前进度:   6 % - 组装稀疏模式
Memory: 1760/1773 2002/2018
           当前进度:   6 % - 矩阵分解
Memory: 1815/1815 2056/2056
           当前进度:   6 % - 正在组装残差
Memory: 1816/1816 2056/2056
   2        0.39   0.1000000        0.43    3    2    4  5.5e-12  6.9e-12
           当前进度:   8 % - 组装矩阵
Memory: 1790/1816 2029/2056
           当前进度:   8 % - 矩阵分解
Memory: 1820/1820 2059/2059
           当前进度:   8 % - 求解线性方程组
Memory: 1820/1820 2060/2060
   3     1.2e-05   1.0000000        0.28    4    3    6  3.3e-13  5.3e-16
--         当前进度:  21 % - 组装矩阵
Memory: 1803/1820 2042/2060
--         当前进度:  21 % - 矩阵分解
Memory: 1823/1826 2062/2065
--         当前进度:  21 % - 求解线性方程组
   4     3.9e-06   1.0000000     1.2e-05    5    4    8  1.4e-14  5.6e-16
--         当前进度:  21 % - 
Memory: 1803/1826 2044/2065
    
参数 uin = 5。
--         当前进度:  21 % - 组装稀疏模式
Memory: 1766/1826 2028/2077
--         当前进度:  21 % - 矩阵分解
Memory: 1806/1826 2069/2077
Iter      SolEst     Damping    Stepsize #Res #Jac #Sol   LinErr   LinRes
--         当前进度:  21 % - 求解线性方程组
Memory: 1806/1826 2068/2077
   1        0.36   0.0100000        0.37    7    5   10  4.5e-12  5.7e-12
--         当前进度:  22 % - 
Memory: 1814/1826 2076/2080
--         当前进度:  22 % - 矩阵分解
--         当前进度:  22 % - 求解线性方程组
   2        0.32   0.1000000        0.35    8    6   12  4.3e-12    6e-12
--         当前进度:  24 % - 组装稀疏模式
Memory: 1799/1826 2060/2080
--         当前进度:  24 % - 矩阵分解
Memory: 1820/1826 2082/2085
--         当前进度:  24 % - 求解线性方程组
Memory: 1817/1826 2079/2085
   3     5.1e-06   1.0000000        0.24    9    7   14  4.4e-13  4.9e-16
---        当前进度:  37 % - 矩阵分解
Memory: 1819/1826 2080/2088
---        当前进度:  37 % - 正在组装残差
   4     1.2e-06   1.0000000     4.9e-06   10    8   16  1.1e-13  5.7e-16
    
参数 uin = 6。
---        当前进度:  37 % - 组装稀疏模式
Memory: 1792/1826 2054/2088
---        当前进度:  37 % - 矩阵分解
Memory: 1819/1826 2097/2103
Iter      SolEst     Damping    Stepsize #Res #Jac #Sol   LinErr   LinRes
   1        0.31   0.0100000        0.31   12    9   18  3.8e-12    5e-12
---        当前进度:  38 % - 组装稀疏模式
Memory: 1797/1826 2074/2112
---        当前进度:  38 % - 矩阵分解
Memory: 1824/1827 2101/2112
   2        0.27   0.1000000         0.3   13   10   20  3.7e-12  5.3e-12
----       当前进度:  40 % - 组装稀疏模式
Memory: 1807/1827 2081/2112
----       当前进度:  40 % - 矩阵分解
Memory: 1825/1827 2099/2112
----       当前进度:  40 % - 正在组装残差
   3     1.6e-06   1.0000000        0.21   14   11   22  5.6e-13  4.9e-16
-----      当前进度:  52 % - 组装矩阵
Memory: 1803/1827 2077/2112
-----      当前进度:  52 % - 矩阵分解
Memory: 1826/1827 2100/2112
   4     3.3e-07   1.0000000     1.6e-06   15   12   24  9.5e-14    5e-16
    
参数 uin = 8。
-----      当前进度:  52 % - 正在组装残差
Memory: 1807/1827 2080/2112
-----      当前进度:  52 % - 组装矩阵
Memory: 1795/1827 2068/2112
-----      当前进度:  52 % - 矩阵分解
Memory: 1825/1827 2098/2112
Iter      SolEst     Damping    Stepsize #Res #Jac #Sol   LinErr   LinRes
   1        0.24   0.0100000        0.24   17   13   26  2.9e-12  4.1e-12
-----      当前进度:  54 % - 组装矩阵
Memory: 1806/1827 2076/2112
-----      当前进度:  54 % - 矩阵分解
Memory: 1834/1839 2104/2112
   2        0.21   0.1000000        0.24   18   14   28  2.9e-12  4.1e-12
-----      当前进度:  56 % - 组装稀疏模式
Memory: 1786/1839 2056/2112
-----      当前进度:  56 % - 矩阵分解
Memory: 1833/1839 2099/2112
-----      当前进度:  56 % - 求解线性方程组
Memory: 1830/1839 2096/2112
   3     6.4e-06   1.0000000        0.17   19   15   30  5.1e-13  5.1e-16
------     当前进度:  68 % - 矩阵分解
Memory: 1839/1841 2105/2112
------     当前进度:  68 % - 求解线性方程组
Memory: 1836/1841 2102/2112
   4     8.1e-07   1.0000000     6.5e-06   20   16   32  1.1e-12  5.3e-16
    
参数 uin = 10。
------     当前进度:  68 % - 组装矩阵
Memory: 1809/1841 2075/2112
------     当前进度:  68 % - 矩阵分解
Memory: 1839/1841 2104/2112
Iter      SolEst     Damping    Stepsize #Res #Jac #Sol   LinErr   LinRes
------     当前进度:  68 % - 求解线性方程组
   1         0.2   0.0100000        0.21   22   17   34  2.4e-12  3.5e-12
-------    当前进度:  70 % - 组装矩阵
Memory: 1809/1846 2074/2114
-------    当前进度:  70 % - 矩阵分解
Memory: 1839/1846 2105/2114
   2        0.18   0.1000000         0.2   23   18   36  2.4e-12  3.5e-12
-------    当前进度:  71 % - 组装稀疏模式
Memory: 1809/1846 2074/2114
-------    当前进度:  71 % - 矩阵分解
Memory: 1840/1846 2105/2114
-------    当前进度:  71 % - 正在组装残差
   3     1.5e-06   1.0000000        0.15   24   19   38  7.6e-13  6.4e-16
--------   当前进度:  84 % - 组装矩阵
Memory: 1819/1846 2087/2114
--------   当前进度:  84 % - 矩阵分解
Memory: 1816/1846 2081/2114
--------   当前进度:  84 % - 求解线性方程组
Memory: 1813/1846 2079/2114
   4     2.6e-07   1.0000000     1.5e-06   25   20   40  7.3e-13  6.6e-16
    
参数 uin = 12。
--------   当前进度:  84 % - 组装矩阵
Memory: 1809/1846 2103/2114
--------   当前进度:  84 % - 矩阵分解
Memory: 1812/1846 2102/2114
Iter      SolEst     Damping    Stepsize #Res #Jac #Sol   LinErr   LinRes
--------   当前进度:  84 % - 
Memory: 1810/1846 2100/2114
   1        0.18   0.0100000        0.18   27   21   42  1.9e-12  3.1e-12
--------   当前进度:  86 % - 矩阵分解
Memory: 1843/1846 2133/2135
--------   当前进度:  86 % - 正在组装残差
Memory: 1840/1846 2130/2135
   2        0.16   0.1000000        0.18   28   22   44    2e-12  3.1e-12
--------   当前进度:  87 % - 组装矩阵
Memory: 1842/1846 2131/2135
--------   当前进度:  87 % - 矩阵分解
Memory: 1844/1847 2134/2137
--------   当前进度:  87 % - 求解线性方程组
   3     5.4e-07   1.0000000        0.13   29   23   46  1.8e-14  7.2e-16
---------- 当前进度: 100 % - 组装矩阵
Memory: 1814/1847 2103/2137
---------- 当前进度: 100 % - 矩阵分解
Memory: 1845/1847 2134/2137
---------- 当前进度: 100 % - 正在组装残差
   4     7.3e-08   1.0000000     5.5e-07   30   24   48    4e-13  7.1e-16
---------- 当前进度: 100 % - 
Memory: 1295/1847 1497/2137
求解时间：22 s。
物理内存: 1.85 GB
虚拟内存: 2.14 GB
结束时间：2026年7月15日 19:43:51。
----- 研究 1/解 1 (sol1) 中的“稳态求解器 1” --------------------------------------------->
类运行时: 70 s.
正在保存模型: F:\Thesis\Thermal\Yuan2020_reproduction_v3\comsol\v5_handoff\Stage1PrescribedVelocityHeat_Model.mph
保存时间: 0 s.
总时间: 71 s.
