*******************************************
***COMSOL 6.4.0.293 progress output file***
*******************************************
Wed Jul 15 15:41:06 CST 2026
COMSOL Multiphysics 6.4 (开发版本: 293) 在批处理模式下启动
正在运行: F:\Thesis\Thermal\Yuan2020_reproduction_v3\comsol\generated_v4\Yuan2020Equivalent3D.class
---------- 当前进度: 100 % - 正在更新选择
Memory: 383/392 408/421
           当前进度:   0 % - 长方体
Memory: 395/395 421/421
           当前进度:   9 % - 形成联合体
Memory: 403/403 425/426
           当前进度:   9 % - 执行布尔操作
---------- 当前进度: 100 % - 正在更新选择
Memory: 404/404 425/426
           当前进度:   0 % - 正在创建可视化网格
Memory: 410/410 429/429
---------- 当前进度: 100 % - 正在创建可视化网格
Memory: 411/411 429/429
           当前进度:   0 % - 边 1
Memory: 599/606 617/624
顶点单元数：4
边单元数：8
           当前进度:   8 % - 正在创建边界网格
Memory: 600/606 617/624
           当前进度:   8 % - 边 2
Memory: 600/606 616/624
顶点单元数：4
边单元数：32
-          当前进度:  17 % - 正在创建边界网格
Memory: 600/606 617/624
-          当前进度:  17 % - 映射 1
顶点单元数：8
边单元数：240
----       当前进度:  42 % - 正在定型网格
Memory: 602/606 629/629
----       当前进度:  42 % - 扫掠 1
顶点单元数：8
边单元数：240
边界单元数：1504
单元数：2112
最小单元质量：1
---------- 当前进度: 100 % - 正在定型网格
Memory: 606/606 629/629
----       当前进度:  47 % - 生成方程
Memory: 627/633 650/657
------     当前进度:  60 % - 生成方程
Memory: 589/633 624/657
------     当前进度:  66 % - 生成方程
Memory: 633/635 657/659
<---- 研究 1/解 1 (sol1) 中的“编译方程: 稳态” ---------------------------------------------
开始于 2026年7月15日 15:41:22。
几何形函数: 线性拉格朗日单元
在 Intel64 Family 6 Model 165 Stepping 3, GenuineIntel 上运行。
在以下位置使用 1 个插槽： C201Z 上（共 6 个内核）。
可用内存：16.23 GB。
           当前进度:   0 % - 生成方程
Memory: 632/636 655/659
在 Intel64 Family 6 Model 165 Stepping 3, GenuineIntel 上运行。
在以下位置使用 1 个插槽： C201Z 上（共 6 个内核）。
可用内存：16.23 GB。
           当前进度:   5 % - 编译方程: 稳态
Memory: 640/641 657/662
时间：2。
物理内存: 671 MB
虚拟内存: 689 MB
结束时间：2026年7月15日 15:41:24。
----- 研究 1/解 1 (sol1) 中的“编译方程: 稳态” -------------------------------------------->
<---- 研究 1/解 1 (sol1) 中的“因变量 1” ------------------------------------------------
开始于 2026年7月15日 15:41:24。
           当前进度:   5 % - 因变量 1
Memory: 652/671 668/689
求解时间：0 s。
物理内存: 652 MB
虚拟内存: 668 MB
结束时间：2026年7月15日 15:41:25。
----- 研究 1/解 1 (sol1) 中的“因变量 1” ----------------------------------------------->
<---- 研究 1/解 1 (sol1) 中的“稳态求解器 1” ----------------------------------------------
开始于 2026年7月15日 15:41:25。
           当前进度:   9 % - 稳态求解器 1
Memory: 660/671 671/689
非线性求解器
求解的自由度数：11700（加上 1 个内部自由度）。
           当前进度:   9 % - 组装矩阵
Memory: 713/713 717/721
找到非对称矩阵。
缩放因变量：
压力 (comp1.p): 0.16
速度场 (comp1.u): 1
已使用正交零空间函数。
           当前进度:   9 % - 矩阵分解
Memory: 721/723 724/729
Iter      SolEst      ResEst     Damping    Stepsize #Res #Jac #Sol   LinErr   LinRes
-          当前进度:  17 % - 求解线性方程组
Memory: 833/833 909/909
   1        0.24          13   0.0100000        0.24    4    1    4    0.025  8.1e-10
-          当前进度:  17 % - 矩阵分解
Memory: 807/835 864/909
-          当前进度:  17 % - 求解线性方程组
Memory: 872/880 954/962
   2         3.2     1.3e+02   0.7500000        0.44    8    2    9      0.8  1.2e-08
--         当前进度:  27 % - 矩阵分解
Memory: 796/880 862/962
--         当前进度:  27 % - 正在组装残差
Memory: 851/880 951/976
   3     6.8e+07     8.6e+04   0.7500000          88   13    3   15        -      1.5
--         当前进度:  27 % - 矩阵分解
Memory: 820/880 910/976
   4       0.013     6.5e+03   1.0000000          62   14    4   17     0.99  1.5e-06
---------  当前进度:  97 % - 组装矩阵
Memory: 766/880 840/976
---------  当前进度:  97 % - 求解线性方程组
Memory: 866/883 966/984
   5      0.0033         3.1   1.0000000      0.0077   15    5   19        -   0.0041
   6      0.0055         1.8   0.4166049      0.0074   16    6   21        -   0.0067
---------  当前进度:  97 % - 矩阵分解
Memory: 854/889 985/989
满足非线性求解器的收敛准则，但并非所有线性求解器条件都满足。
   7     0.00059       0.099   1.0000000       0.001   17    7   23        -     0.76
---------- 当前进度: 100 % - 矩阵分解
Memory: 831/889 939/989
满足非线性求解器的收敛准则，但并非所有线性求解器条件都满足。
   8       0.005        0.11   0.0252000       0.005   18    8   25        -      2.5
   9      0.0053         0.1   0.0172489      0.0055   20    9   28        -      2.1
---------- 当前进度: 100 % - 
Memory: 778/889 852/989
---------- 当前进度: 100 % - 求解线性方程组
Memory: 873/889 971/989
  10      0.0045         0.1   0.0001000      0.0045   25   10   34        -      2.1
---------- 当前进度: 100 % - 矩阵分解
Memory: 810/889 887/989
---------- 当前进度: 100 % - 正在组装残差
Memory: 872/889 970/989
  11     0.00033         0.1   0.7500000     0.00044   28   11   38        -     0.98
---------- 当前进度: 100 % - 矩阵分解
Memory: 838/889 945/989
满足非线性求解器的收敛准则，但并非所有线性求解器条件都满足。
  12     0.00052        0.11   0.3133031     0.00056   29   12   40        -        1
  13     0.00095        0.11   0.1814037       0.001   30   13   42        -        1
---------- 当前进度: 100 % - 组装矩阵
Memory: 780/893 852/992
---------- 当前进度: 100 % - 正在组装残差
Memory: 885/893 984/992
  14      0.0053        0.11   0.0181404      0.0054   31   14   44        -      4.2
---------- 当前进度: 100 % - 矩阵分解
Memory: 833/893 936/992
  15      0.0015        0.11   0.0335826      0.0024   32   15   46        -     0.69
  16     0.00046        0.11   0.1370707     0.00059   33   16   48        -     0.96
---------- 当前进度: 100 % - 组装矩阵
Memory: 802/897 875/995
---------- 当前进度: 100 % - 求解线性方程组
Memory: 910/910 1006/1006
  17      0.0042        0.11   0.7500000      0.0053   38   17   54        -   0.0092
---------- 当前进度: 100 % - 矩阵分解
Memory: 803/910 877/1006
  18     0.00065        0.14   0.9525792       0.003   39   18   56        -    0.038
---------- 当前进度: 100 % - 组装矩阵
Memory: 806/910 883/1006
满足非线性求解器的收敛准则，但并非所有线性求解器条件都满足。
满足非线性求解器的收敛准则，但并非所有线性求解器条件都满足。
---------- 当前进度: 100 % - 正在组装残差
Memory: 887/910 986/1006
  19     0.00031        0.12   0.4790811      0.0004   41   19   59        -    0.071
---------- 当前进度: 100 % - 矩阵分解
Memory: 864/910 992/1006
满足非线性求解器的收敛准则，但并非所有线性求解器条件都满足。
  20      0.0045        0.12   0.7500000      0.0052   45   20   64        -     0.01
  21      0.0045         2.8   1.0000000      0.0046   46   21   66        -   0.0055
---------- 当前进度: 100 % - 组装矩阵
Memory: 811/910 888/1006
  22      0.0044         1.7   1.0000000      0.0047   47   22   68        -    0.011
---------- 当前进度: 100 % - 组装稀疏模式
Memory: 801/910 878/1008
  23      0.0044         1.6   1.0000000      0.0046   48   23   70        -    0.011
---------- 当前进度: 100 % - 
---------- 当前进度: 100 % - 求解线性方程组
Memory: 892/910 991/1009
  24      0.0065         2.7   0.7531052      0.0068   49   24   72        -   0.0051
---------- 当前进度: 100 % - 矩阵分解
Memory: 905/910 1009/1009
满足非线性求解器的收敛准则，但并非所有线性求解器条件都满足。
  25     0.00053         0.1   1.0000000      0.0041   50   25   74        -    0.099
满足非线性求解器的收敛准则，但并非所有线性求解器条件都满足。
  26       0.007         0.1   0.0009760      0.0072   53   26   78        -     0.46
---------- 当前进度: 100 % - 组装矩阵
Memory: 796/910 874/1009
  27      0.0013       0.099   0.0047488      0.0013   54   27   80        -   0.0092
---------- 当前进度: 100 % - 
Memory: 903/910 1002/1009
---------- 当前进度: 100 % - 矩阵分解
Memory: 895/910 1001/1009
  28      0.0089       0.099   0.0004749      0.0093   55   28   82        -     0.42
  29      0.0011       0.099   0.7500000      0.0013   59   29   87        -    0.023
---------- 当前进度: 100 % - 组装矩阵
Memory: 793/910 871/1009
---------- 当前进度: 100 % - 求解线性方程组
Memory: 890/910 1000/1009
  30     0.00083       0.091   0.4137346      0.0013   60   30   89        -    0.037
---------- 当前进度: 100 % - 矩阵分解
Memory: 868/910 971/1009
  31      0.0085        0.11   0.0413735      0.0088   61   31   91        -     0.15
  32      0.0056        0.12   0.1373797      0.0059   62   32   93        -     0.14
  33      0.0018        0.13   0.2877073      0.0022   63   33   95        -    0.021
---------- 当前进度: 100 % - 组装稀疏模式
Memory: 787/910 876/1018
---------- 当前进度: 100 % - 求解线性方程组
Memory: 877/910 983/1018
  34      0.0094        0.14   0.0287707      0.0096   64   34   97        -      0.1
---------- 当前进度: 100 % - 矩阵分解
Memory: 834/910 953/1018
  35      0.0085        0.63   0.2877073      0.0095   65   35   99        -    0.022
满足非线性求解器的收敛准则，但并非所有线性求解器条件都满足。
  36     0.00085         0.1   1.0000000      0.0022   66   36  101        -     0.52
满足非线性求解器的收敛准则，但并非所有线性求解器条件都满足。
---------- 当前进度: 100 % - 正在组装残差
Memory: 864/910 974/1018
  37      0.0089         0.1   0.7500000      0.0081   71   37  107        -    0.035
---------- 当前进度: 100 % - 矩阵分解
Memory: 865/910 982/1018
满足非线性求解器的收敛准则，但并非所有线性求解器条件都满足。
  38     0.00055        0.11   1.0000000      0.0014   72   38  109        -     0.12
满足非线性求解器的收敛准则，但并非所有线性求解器条件都满足。
满足非线性求解器的收敛准则，但并非所有线性求解器条件都满足。
  39     0.00049         0.1   1.0000000     0.00053   73   39  111        -     0.38
满足非线性求解器的收敛准则，但并非所有线性求解器条件都满足。
  40        0.01         0.1   0.0025418        0.01   74   40  113        -      1.6
  41        0.01         0.1   0.0072203        0.01   76   41  116        -      1.5
---------- 当前进度: 100 % - 组装矩阵
Memory: 782/910 865/1018
---------- 当前进度: 100 % - 求解线性方程组
Memory: 872/910 969/1018
  42      0.0007         0.1   0.0123593     0.00082   78   42  119        -     0.34
---------- 当前进度: 100 % - 矩阵分解
Memory: 830/910 920/1018
  43      0.0079         0.1   0.7500000       0.009   82   43  124        -   0.0077
---------- 当前进度: 100 % - 组装矩阵
Memory: 776/910 858/1018
---------- 当前进度: 100 % - 求解线性方程组
Memory: 880/910 983/1018
满足非线性求解器的收敛准则，但并非所有线性求解器条件都满足。
  44     0.00059        0.12   1.0000000      0.0041   83   44  126        -    0.059
---------- 当前进度: 100 % - 矩阵分解
Memory: 843/910 953/1018
满足非线性求解器的收敛准则，但并非所有线性求解器条件都满足。
满足非线性求解器的收敛准则，但并非所有线性求解器条件都满足。
  45     0.00057        0.11   1.0000000     0.00059   84   45  128        -      0.2
满足非线性求解器的收敛准则，但并非所有线性求解器条件都满足。
  46     0.00081        0.11   0.3583896     0.00089   85   46  130        -     0.16
---------- 当前进度: 100 % - 组装矩阵
Memory: 789/910 871/1018
---------- 当前进度: 100 % - 求解线性方程组
Memory: 867/910 965/1018
  47      0.0099        0.11   0.0358390        0.01   86   47  132        -     0.73
---------- 当前进度: 100 % - 矩阵分解
Memory: 837/910 937/1018
  48         1.2        0.11   0.0003584         1.3   88   48  135        -  2.4e+02
  49      0.0007        0.11   0.7500000     0.00077   92   49  140        -      0.6
---------- 当前进度: 100 % - 组装稀疏模式
Memory: 789/910 865/1018
---------- 当前进度: 100 % - 正在组装残差
Memory: 887/910 988/1018
  50        0.93         0.1   0.0007500           1   95   50  144        -       95
---------- 当前进度: 100 % - 
Memory: 790/910 893/1018
求解时间：19 s。
物理内存: 910 MB
虚拟内存: 1018 MB
结束时间：2026年7月15日 15:41:44。
----- 研究 1/解 1 (sol1) 中的“稳态求解器 1” --------------------------------------------->

/***************/
/*****错误********/
/***************/
运行 Java 类时出错。
以下特征遇到问题：
 - 特征: 稳态求解器 1 (sol1/s1)
找不到解。
达到最大牛顿迭代次数。
线性求解器有错误消息。
相对残差 (95) 大于相对容差。
返回的解不收敛。
没有返回所有参数步长。
以下特征遇到问题：
 - 类: Yuan2020Equivalent3D
正在保存模型: F:\Thesis\Thermal\Yuan2020_reproduction_v3\comsol\generated_v4\Yuan2020Equivalent3D_Model.mph
保存时间: 9 s.
总时间: 47 s.
