*******************************************
***COMSOL 6.4.0.293 progress output file***
*******************************************
Wed Jul 15 12:14:31 CST 2026
COMSOL Multiphysics 6.4 (开发版本: 293) 在批处理模式下启动
正在运行: F:\Thesis\Thermal\Yuan2020_reproduction_v3\comsol\generated\..\Yuan2020Equivalent3D.class
---------- 当前进度: 100 % - 正在更新选择
Memory: 386/393 416/422
           当前进度:   0 % - 长方体
Memory: 402/402 431/431
           当前进度:   8 % - 长方体 2
Memory: 405/405 433/433
-          当前进度:  17 % - 形成联合体
-          当前进度:  17 % - 执行布尔操作
Memory: 408/408 433/433
---------- 当前进度: 100 % - 正在更新选择
Memory: 409/409 434/434
---------- 当前进度: 100 % - 正在创建可视化网格
Memory: 414/414 436/436

/***************/
/*****错误********/
/***************/
运行 Java 类时出错。
不可编辑选择。
不可编辑选择。
 - 类: Yuan2020Equivalent3D
正在保存模型: F:\Thesis\Thermal\Yuan2020_reproduction_v3\comsol\generated\..\Yuan2020Equivalent3D_Model.mph
保存时间: 10 s.
总时间: 26 s.
