*******************************************
***COMSOL 6.4.0.293 progress output file***
*******************************************
Wed Jul 15 12:21:15 CST 2026
COMSOL Multiphysics 6.4 (开发版本: 293) 在批处理模式下启动
正在运行: F:\Thesis\Thermal\Yuan2020_reproduction_v3\comsol\generated\..\Yuan2020Equivalent3D.class
---------- 当前进度: 100 % - 正在更新选择
Memory: 391/391 438/439
           当前进度:   0 % - 长方体
Memory: 419/419 448/448
           当前进度:   8 % - 长方体 2
Memory: 427/427 452/457
-          当前进度:  17 % - 形成联合体
-          当前进度:  17 % - 执行布尔操作
Memory: 431/431 454/457
---------- 当前进度: 100 % - 正在更新选择
---------- 当前进度: 100 % - 正在创建可视化网格
Memory: 436/436 457/457
           当前进度:   0 % - 自由四面体网格
Memory: 761/761 780/780
顶点单元数：12
           当前进度:   0 % - 正在创建边界网格
Memory: 717/764 738/784
           当前进度:   0 % - 分析域
Memory: 740/764 779/784
           当前进度:   1 % - 正在创建边界网格
Memory: 752/764 798/798
边单元数：594
边界单元数：17054
           当前进度:   1 % - 正在创建初始四面体网格
Memory: 757/764 800/800
           当前进度:   2 % - 相关边界
Memory: 766/766 804/804
           当前进度:   2 % - 正在插入内部点
Memory: 775/775 819/819
           当前进度:   3 % - 正在插入内部点
Memory: 818/819 862/865
           当前进度:   3 % - 正在提高单元质量
Memory: 802/822 841/865
单元数：433501
           当前进度:   3 % - 正在定型网格
Memory: 803/822 855/875
最小单元质量：0.2073
           当前进度:   3 % - 生成方程
Memory: 842/842 886/886
<---- 研究 1/解 1 (sol1) 中的“编译方程: 稳态” ---------------------------------------------
开始于 2026年7月15日 12:21:35。
几何形函数: 线性拉格朗日单元
在 Intel64 Family 6 Model 165 Stepping 3, GenuineIntel 上运行。
在以下位置使用 1 个插槽： C201Z 上（共 6 个内核）。
可用内存：16.23 GB。
           当前进度:   3 % - 编译方程: 稳态
Memory: 974/974 1016/1016
           当前进度:   4 % - 编译方程: 稳态
Memory: 983/988 1012/1023
           当前进度:   4 % - 正在创建可视化网格
Memory: 994/999 1022/1027
时间：3。
物理内存: 1.01 GB
虚拟内存: 1.04 GB
结束时间：2026年7月15日 12:21:39。
----- 研究 1/解 1 (sol1) 中的“编译方程: 稳态” -------------------------------------------->
<---- 研究 1/解 1 (sol1) 中的“因变量 1” ------------------------------------------------
开始于 2026年7月15日 12:21:39。
           当前进度:   4 % - 因变量 1
Memory: 1015/1041 1042/1069
求解时间：0 s。
物理内存: 1.04 GB
虚拟内存: 1.07 GB
结束时间：2026年7月15日 12:21:39。
----- 研究 1/解 1 (sol1) 中的“因变量 1” ----------------------------------------------->
<---- 研究 1/解 1 (sol1) 中的“稳态求解器 1” ----------------------------------------------
开始于 2026年7月15日 12:21:39。
参数化求解器
分离式求解器
           当前进度:   5 % - 稳态求解器 1
Memory: 1049/1051 1076/1076
求解的自由度数：361130（加上 11509 个内部自由度）。
    
参数 uin = 4。
分离式求解器迭代 1。
温度    
           当前进度:   5 % - 
Memory: 1087/1091 1108/1116
           当前进度:   5 % - 组装矩阵
Memory: 1124/1144 1152/1158
找到对称矩阵。
缩放因变量：
温度 (comp1.T): 2.9e+02
已使用正交零空间函数。
           当前进度:   5 % - 矩阵分解
Memory: 1124/1144 1148/1161
Iter      SolEst     Damping    Stepsize #Res #Jac #Sol   LinErr   LinRes
           当前进度:   5 % - 求解线性方程组
Memory: 1320/1323 1524/1527
   1       0.017   0.8000000       0.017    1    1    1  4.6e-16  1.1e-15
速度 u，压力 p
           当前进度:   5 % - 正在组装残差
Memory: 1346/1346 1569/1569
           当前进度:   5 % - 组装稀疏模式
Memory: 1410/1457 1665/1686
           当前进度:   5 % - 组装矩阵
Memory: 1681/1708 1911/1947
找到非对称矩阵。
缩放因变量：
压力 (comp1.p): 0.025
速度场 (comp1.u): 1
           当前进度:   5 % - 
Memory: 1625/1803 1840/2030
已使用正交零空间函数。
           当前进度:   5 % - 预处理
Memory: 1623/1880 1853/2107
           当前进度:   5 % - 正在创建多重网格层次结构
Iter      SolEst     Damping    Stepsize #Res #Jac #Sol LinIt   LinErr   LinRes
           当前进度:   5 % - 求解线性方程组
Memory: 1852/1981 2136/2223
   1         1.7   0.5000000         1.7    1    1    1     4    0.077   0.0014
分离组的解误差估计
0.014, 0.85
伪时间步进 CFL 比率：
0.17  
           当前进度:   5 % - 正在组装残差
Memory: 1613/1981 1872/2223
           当前进度:   5 % - 
Memory: 1615/1981 1873/2223
           当前进度:   5 % - 正在组装残差
Memory: 1625/1981 1970/2223
分离式求解器迭代 2。
温度    
           当前进度:   5 % - 组装矩阵
Memory: 1664/1981 2012/2223
           当前进度:   5 % - 矩阵分解
Memory: 1674/1981 2021/2223
Iter      SolEst     Damping    Stepsize #Res #Jac #Sol   LinErr   LinRes
   1      0.0034   0.8000000      0.0034    2    2    2  4.7e-16  1.2e-15
速度 u，压力 p
缩放因变量：
压力 (comp1.p): 0.00017
速度场 (comp1.u): 0.17
           当前进度:   5 % - 正在组装残差
Memory: 1651/1981 1997/2223
           当前进度:   5 % - 组装稀疏模式
Memory: 1672/1981 2054/2223
           当前进度:   5 % - 组装矩阵
Memory: 2051/2099 2415/2470
           当前进度:   5 % - 约束处理
Memory: 2009/2178 2359/2543
           当前进度:   5 % - 预处理
Memory: 2020/2276 2388/2642
           当前进度:   5 % - 正在创建多重网格层次结构
Memory: 2296/2309 2677/2691
Iter      SolEst     Damping    Stepsize #Res #Jac #Sol LinIt   LinErr   LinRes
           当前进度:   5 % - 求解线性方程组
Memory: 2082/2415 2439/2798
   1        0.87   0.5000000        0.87    2    2    2     8    0.051   0.0017
分离组的解误差估计
0.0027, 0.43
伪时间步进 CFL 比率：
0.17  
           当前进度:   7 % - 正在组装残差
Memory: 1813/2415 2152/2798
分离式求解器迭代 3。
温度    
           当前进度:   7 % - 组装稀疏模式
Memory: 1826/2415 2166/2798
           当前进度:   7 % - 
Memory: 1810/2415 2150/2798
Iter      SolEst     Damping    Stepsize #Res #Jac #Sol   LinErr   LinRes
   1     0.00067   0.8000000     0.00067    3    3    3  4.9e-16  1.2e-15
速度 u，压力 p
缩放因变量：
压力 (comp1.p): 0.07
速度场 (comp1.u): 0.24
           当前进度:   7 % - 正在组装残差
Memory: 1796/2415 2135/2798
           当前进度:   7 % - 
Memory: 2086/2415 2441/2798
           当前进度:   7 % - 组装矩阵
Memory: 2080/2415 2435/2798
           当前进度:   7 % - 
Memory: 2033/2415 2374/2798
           当前进度:   7 % - 正在创建多重网格层次结构
Memory: 2291/2415 2653/2798
Iter      SolEst     Damping    Stepsize #Res #Jac #Sol LinIt   LinErr   LinRes
           当前进度:   7 % - 求解线性方程组
Memory: 2112/2430 2458/2798
   1        0.41   0.5000000        0.41    3    3    3    12    0.039  0.00036
分离组的解误差估计
0.00054, 0.21
伪时间步进 CFL 比率：
0.17  
分离式求解器迭代 4。
温度    
           当前进度:   8 % - 正在组装残差
Memory: 1824/2430 2152/2798
           当前进度:   8 % - 组装矩阵
Memory: 1840/2430 2169/2798
Iter      SolEst     Damping    Stepsize #Res #Jac #Sol   LinErr   LinRes
           当前进度:   8 % - 求解线性方程组
Memory: 1831/2430 2159/2798
   1     0.00013   0.8000000     0.00013    4    4    4  4.6e-16  1.1e-15
速度 u，压力 p
           当前进度:   8 % - 正在组装残差
Memory: 1820/2430 2147/2798
           当前进度:   8 % - 组装稀疏模式
Memory: 1936/2430 2272/2798
           当前进度:   8 % - 组装矩阵
Memory: 2138/2430 2484/2798
           当前进度:   8 % - 正在创建多重网格层次结构
Memory: 2063/2430 2400/2798
Iter      SolEst     Damping    Stepsize #Res #Jac #Sol LinIt   LinErr   LinRes
           当前进度:   8 % - 求解线性方程组
Memory: 2078/2430 2414/2798
   1        0.44   0.5000000        0.44    4    4    4    16    0.039  0.00066
           当前进度:   8 % - 
Memory: 1907/2430 2279/2798
分离组的解误差估计
0.00011, 0.22
伪时间步进 CFL 比率：
0.2   
分离式求解器迭代 5。
温度    
           当前进度:   8 % - 组装矩阵
Memory: 1836/2430 2159/2798
           当前进度:   8 % - 矩阵分解
Memory: 1827/2430 2149/2798
Iter      SolEst     Damping    Stepsize #Res #Jac #Sol   LinErr   LinRes
   1     2.7e-05   0.8000000     2.7e-05    5    5    5  4.5e-16  1.1e-15
速度 u，压力 p
           当前进度:   8 % - 正在组装残差
Memory: 1815/2430 2137/2798
           当前进度:   8 % - 组装稀疏模式
Memory: 1849/2430 2197/2798
           当前进度:   8 % - 组装矩阵
Memory: 2163/2430 2502/2798
           当前进度:   8 % - 预处理
Memory: 2111/2430 2447/2798
           当前进度:   8 % - 正在创建多重网格层次结构
Memory: 2129/2430 2461/2798
Iter      SolEst     Damping    Stepsize #Res #Jac #Sol LinIt   LinErr   LinRes
           当前进度:   8 % - 求解线性方程组
   1        0.38   0.5000000        0.38    5    5    5    20    0.043    0.001
分离组的解误差估计
2.2e-05, 0.19
伪时间步进 CFL 比率：
0.19  
分离式求解器迭代 6。
温度    
           当前进度:   8 % - 组装矩阵
Memory: 1894/2430 2210/2798
           当前进度:   8 % - 矩阵分解
Memory: 1884/2430 2199/2798
Iter      SolEst     Damping    Stepsize #Res #Jac #Sol   LinErr   LinRes
   1     5.4e-06   0.8000000     5.4e-06    6    6    6  4.8e-16  1.2e-15
速度 u，压力 p
           当前进度:   8 % - 正在组装残差
Memory: 1872/2430 2187/2798
           当前进度:   8 % - 组装矩阵
Memory: 2183/2430 2514/2798
           当前进度:   8 % - 约束处理
Memory: 2281/2430 2704/2798
           当前进度:   8 % - 正在创建多重网格层次结构
Memory: 2171/2430 2500/2798
Iter      SolEst     Damping    Stepsize #Res #Jac #Sol LinIt   LinErr   LinRes
           当前进度:   8 % - 求解线性方程组
Memory: 2133/2430 2460/2798
   1        0.45   0.5000000        0.45    6    6    6    24    0.052   0.0018
分离组的解误差估计
4.3e-06, 0.22
伪时间步进 CFL 比率：
0.21  
分离式求解器迭代 7。
温度    
           当前进度:   8 % - 组装矩阵
Memory: 1897/2430 2212/2798
           当前进度:   8 % - 矩阵分解
Memory: 1889/2430 2203/2798
Iter      SolEst     Damping    Stepsize #Res #Jac #Sol   LinErr   LinRes
   1     1.1e-06   0.8000000     1.1e-06    7    7    7  4.5e-16  1.1e-15
速度 u，压力 p
           当前进度:   8 % - 正在组装残差
Memory: 1877/2430 2191/2798
           当前进度:   8 % - 组装矩阵
Memory: 2178/2430 2508/2798
           当前进度:   8 % - 
Memory: 2130/2430 2446/2798
           当前进度:   8 % - 正在创建多重网格层次结构
Memory: 2170/2430 2499/2798
Iter      SolEst     Damping    Stepsize #Res #Jac #Sol LinIt   LinErr   LinRes
           当前进度:   8 % - 求解线性方程组
   1        0.38   0.5000000        0.38    7    7    7    28    0.044   0.0016
分离组的解误差估计
8.6e-07, 0.19
伪时间步进 CFL 比率：
0.19  
分离式求解器迭代 8。
温度    
           当前进度:   8 % - 正在组装残差
Memory: 1875/2430 2189/2798
           当前进度:   8 % - 组装矩阵
Memory: 1895/2430 2210/2798
           当前进度:   8 % - 矩阵分解
Memory: 1887/2430 2201/2798
Iter      SolEst     Damping    Stepsize #Res #Jac #Sol   LinErr   LinRes
   1     2.2e-07   0.8000000     2.2e-07    8    8    8  4.5e-16  1.1e-15
速度 u，压力 p
           当前进度:   8 % - 正在组装残差
Memory: 1875/2430 2189/2798
           当前进度:   8 % - 组装矩阵
Memory: 2171/2430 2502/2798
           当前进度:   8 % - 约束处理
Memory: 2344/2430 2695/2798
           当前进度:   8 % - 正在创建多重网格层次结构
Memory: 2162/2430 2491/2798
Iter      SolEst     Damping    Stepsize #Res #Jac #Sol LinIt   LinErr   LinRes
           当前进度:   8 % - 求解线性方程组
   1        0.45   0.5000000        0.45    8    8    8    32    0.047   0.0021
分离组的解误差估计
1.7e-07, 0.22
伪时间步进 CFL 比率：
0.21  
分离式求解器迭代 9。
温度    
           当前进度:   8 % - 正在组装残差
Memory: 1867/2430 2181/2798
           当前进度:   8 % - 矩阵分解
Memory: 1876/2430 2190/2798
Iter      SolEst     Damping    Stepsize #Res #Jac #Sol   LinErr   LinRes
   1     4.3e-08   0.8000000     4.3e-08    9    9    9  4.5e-16  1.2e-15
速度 u，压力 p
           当前进度:   8 % - 
Memory: 1875/2430 2186/2798
           当前进度:   8 % - 正在组装残差
Memory: 1867/2430 2177/2798
           当前进度:   8 % - 组装矩阵
Memory: 2163/2430 2490/2798
           当前进度:   8 % - 正在创建多重网格层次结构
Memory: 2132/2430 2514/2798
Iter      SolEst     Damping    Stepsize #Res #Jac #Sol LinIt   LinErr   LinRes
           当前进度:   8 % - 求解线性方程组
Memory: 2162/2430 2487/2798
   1        0.37   0.5000000        0.37    9    9    9    36    0.038   0.0016
分离组的解误差估计
3.4e-08, 0.18
伪时间步进 CFL 比率：
0.19  
           当前进度:   8 % - 正在组装残差
Memory: 1867/2430 2177/2798
分离式求解器迭代 10。
温度    
           当前进度:   8 % - 组装矩阵
Memory: 1887/2430 2198/2798
           当前进度:   8 % - 矩阵分解
Memory: 1879/2430 2190/2798
Iter      SolEst     Damping    Stepsize #Res #Jac #Sol   LinErr   LinRes
   1     8.6e-09   0.8000000     8.6e-09   10   10   10  4.5e-16  1.1e-15
速度 u，压力 p
           当前进度:   8 % - 正在组装残差
Memory: 1875/2430 2186/2798
           当前进度:   8 % - 
Memory: 2164/2430 2490/2798
           当前进度:   8 % - 组装矩阵
           当前进度:   8 % - 预处理
Memory: 2111/2430 2434/2798
           当前进度:   8 % - 正在创建多重网格层次结构
Memory: 2124/2430 2447/2798
Iter      SolEst     Damping    Stepsize #Res #Jac #Sol LinIt   LinErr   LinRes
           当前进度:   8 % - 求解线性方程组
   1        0.43   0.5000000        0.43   10   10   10    40    0.041   0.0019
分离组的解误差估计
6.9e-09, 0.21
伪时间步进 CFL 比率：
0.21  
分离式求解器迭代 11。
温度    
           当前进度:   8 % - 组装矩阵
Memory: 1888/2430 2198/2798
           当前进度:   8 % - 矩阵分解
Memory: 1879/2430 2189/2798
Iter      SolEst     Damping    Stepsize #Res #Jac #Sol   LinErr   LinRes
   1     1.7e-09   0.8000000     1.7e-09   11   11   11  4.3e-16  1.1e-15
速度 u，压力 p
           当前进度:   8 % - 正在组装残差
Memory: 1867/2430 2177/2798
           当前进度:   8 % - 
Memory: 1874/2430 2282/2798
           当前进度:   8 % - 组装矩阵
Memory: 2164/2430 2490/2798
           当前进度:   8 % - 预处理
Memory: 2101/2430 2424/2798
           当前进度:   8 % - 正在创建多重网格层次结构
Memory: 2153/2430 2477/2798
Iter      SolEst     Damping    Stepsize #Res #Jac #Sol LinIt   LinErr   LinRes
           当前进度:   8 % - 求解线性方程组
Memory: 2114/2430 2437/2798
   1        0.34   0.5000000        0.34   11   11   11    43    0.095   0.0036
分离组的解误差估计
1.4e-09, 0.17
伪时间步进 CFL 比率：
0.2   
           当前进度:   8 % - 正在组装残差
Memory: 1858/2430 2167/2798
分离式求解器迭代 12。
温度    
           当前进度:   8 % - 组装矩阵
Memory: 1878/2430 2188/2798
           当前进度:   8 % - 矩阵分解
Memory: 1870/2430 2180/2798
Iter      SolEst     Damping    Stepsize #Res #Jac #Sol   LinErr   LinRes
   1     3.4e-10   0.8000000     3.4e-10   12   12   12  4.8e-16  1.2e-15
速度 u，压力 p
           当前进度:   8 % - 正在组装残差
Memory: 1858/2430 2167/2798
           当前进度:   8 % - 
Memory: 2154/2430 2480/2798
           当前进度:   8 % - 组装矩阵
           当前进度:   8 % - 约束处理
Memory: 2230/2430 2664/2798
           当前进度:   8 % - 正在创建多重网格层次结构
Memory: 2136/2430 2460/2798
Iter      SolEst     Damping    Stepsize #Res #Jac #Sol LinIt   LinErr   LinRes
           当前进度:   8 % - 求解线性方程组
   1         0.4   0.5000000         0.4   12   12   12    46    0.097   0.0043
分离组的解误差估计
2.8e-10, 0.2
伪时间步进 CFL 比率：
0.22  
           当前进度:   8 % - 正在组装残差
Memory: 1886/2430 2197/2798
分离式求解器迭代 13。
温度    
           当前进度:   8 % - 组装矩阵
Memory: 1861/2430 2172/2798
           当前进度:   8 % - 矩阵分解
Memory: 1853/2430 2163/2798
Iter      SolEst     Damping    Stepsize #Res #Jac #Sol   LinErr   LinRes
   1     6.9e-11   0.8000000     6.9e-11   13   13   13  4.8e-16  1.1e-15
速度 u，压力 p
           当前进度:   8 % - 正在组装残差
Memory: 1841/2430 2151/2798
           当前进度:   8 % - 
Memory: 1940/2430 2255/2798
           当前进度:   8 % - 组装矩阵
Memory: 2137/2430 2464/2798
           当前进度:   8 % - 约束处理
Memory: 2326/2430 2664/2798
           当前进度:   8 % - 正在创建多重网格层次结构
Memory: 2136/2430 2460/2798
Iter      SolEst     Damping    Stepsize #Res #Jac #Sol LinIt   LinErr   LinRes
           当前进度:   8 % - 求解线性方程组
   1        0.31   0.5000000        0.31   13   13   13    49    0.082   0.0033
分离组的解误差估计
5.5e-11, 0.16
伪时间步进 CFL 比率：
0.2   
分离式求解器迭代 14。
温度    
           当前进度:   8 % - 正在组装残差
Memory: 1841/2430 2151/2798
           当前进度:   8 % - 矩阵分解
Memory: 1853/2430 2163/2798
Iter      SolEst     Damping    Stepsize #Res #Jac #Sol   LinErr   LinRes
   1     1.4e-11   0.8000000     1.4e-11   14   14   14  4.5e-16  1.1e-15
速度 u，压力 p
           当前进度:   8 % - 正在组装残差
Memory: 1841/2430 2151/2798
           当前进度:   8 % - 
Memory: 2007/2430 2464/2798
           当前进度:   8 % - 组装矩阵
Memory: 2137/2430 2464/2798
           当前进度:   8 % - 预处理
Memory: 2085/2430 2407/2798
           当前进度:   8 % - 正在创建多重网格层次结构
Memory: 2098/2430 2420/2798
Iter      SolEst     Damping    Stepsize #Res #Jac #Sol LinIt   LinErr   LinRes
           当前进度:   8 % - 求解线性方程组
   1        0.37   0.5000000        0.37   14   14   14    52    0.086   0.0042
分离组的解误差估计
1.1e-11, 0.19
伪时间步进 CFL 比率：
0.22  
分离式求解器迭代 15。
温度    
           当前进度:   8 % - 正在组装残差
Memory: 1841/2430 2151/2798
           当前进度:   8 % - 矩阵分解
Memory: 1853/2430 2167/2798
Iter      SolEst     Damping    Stepsize #Res #Jac #Sol   LinErr   LinRes
   1     2.8e-12   0.8000000     2.8e-12   15   15   15  4.6e-16  1.2e-15
速度 u，压力 p
           当前进度:   8 % - 
Memory: 1849/2430 2159/2798
           当前进度:   8 % - 正在组装残差
Memory: 1841/2430 2151/2798
           当前进度:   8 % - 组装矩阵
Memory: 2137/2430 2464/2798
           当前进度:   8 % - 正在创建多重网格层次结构
Memory: 2085/2430 2407/2798
Iter      SolEst     Damping    Stepsize #Res #Jac #Sol LinIt   LinErr   LinRes
           当前进度:   8 % - 求解线性方程组
Memory: 2136/2430 2460/2798
   1        0.29   0.5000000        0.29   15   15   15    55    0.074   0.0032
分离组的解误差估计
2.2e-12, 0.14
伪时间步进 CFL 比率：
0.21  
分离式求解器迭代 16。
温度    
           当前进度:   8 % - 正在组装残差
Memory: 1841/2430 2151/2798
           当前进度:   8 % - 矩阵分解
Memory: 1853/2430 2163/2798
Iter      SolEst     Damping    Stepsize #Res #Jac #Sol   LinErr   LinRes
   1     5.5e-13   0.8000000     5.5e-13   16   16   16  4.5e-16  1.2e-15
速度 u，压力 p
           当前进度:   8 % - 正在组装残差
Memory: 1849/2430 2159/2798
           当前进度:   8 % - 组装矩阵
Memory: 2138/2430 2464/2798
           当前进度:   8 % - 
Memory: 2096/2430 2407/2798
           当前进度:   8 % - 正在创建多重网格层次结构
Memory: 2162/2430 2488/2798
Iter      SolEst     Damping    Stepsize #Res #Jac #Sol LinIt   LinErr   LinRes
           当前进度:   8 % - 求解线性方程组
Memory: 2136/2430 2460/2798
   1        0.36   0.5000000        0.36   16   16   16    58    0.079   0.0041
分离组的解误差估计
4.4e-13, 0.18
伪时间步进 CFL 比率：
0.23  
分离式求解器迭代 17。
温度    
           当前进度:   9 % - 组装矩阵
Memory: 1861/2430 2172/2798
           当前进度:   9 % - 矩阵分解
Memory: 1853/2430 2163/2798
Iter      SolEst     Damping    Stepsize #Res #Jac #Sol   LinErr   LinRes
   1     1.1e-13   0.8000000     1.1e-13   17   17   17  4.4e-16  1.1e-15
速度 u，压力 p
           当前进度:   9 % - 正在组装残差
Memory: 1841/2430 2151/2798
           当前进度:   9 % - 组装矩阵
Memory: 2138/2430 2464/2798
           当前进度:   9 % - 约束处理
Memory: 2178/2430 2664/2798
           当前进度:   9 % - 正在创建多重网格层次结构
Memory: 2136/2430 2460/2798
Iter      SolEst     Damping    Stepsize #Res #Jac #Sol LinIt   LinErr   LinRes
           当前进度:   9 % - 求解线性方程组
Memory: 2098/2430 2420/2798
           当前进度:   9 % - 
   1        0.27   0.5000000        0.27   17   17   17    61    0.068   0.0032
分离组的解误差估计
8.8e-14, 0.13
伪时间步进 CFL 比率：
0.21  
分离式求解器迭代 18。
温度    
           当前进度:   9 % - 组装矩阵
Memory: 1861/2430 2172/2798
           当前进度:   9 % - 矩阵分解
Memory: 1853/2430 2163/2798
Iter      SolEst     Damping    Stepsize #Res #Jac #Sol   LinErr   LinRes
   1     2.2e-14   0.8000000     2.2e-14   18   18   18  4.7e-16  1.2e-15
速度 u，压力 p
           当前进度:   9 % - 正在组装残差
Memory: 1841/2430 2151/2798
           当前进度:   9 % - 
Memory: 2040/2430 2464/2798
           当前进度:   9 % - 组装矩阵
Memory: 2138/2430 2464/2798
           当前进度:   9 % - 预处理
Memory: 2085/2430 2408/2798
           当前进度:   9 % - 正在创建多重网格层次结构
Memory: 2136/2430 2460/2798
Iter      SolEst     Damping    Stepsize #Res #Jac #Sol LinIt   LinErr   LinRes
           当前进度:   9 % - 求解线性方程组
   1        0.36   0.5000000        0.36   18   18   18    64    0.075   0.0042
分离组的解误差估计
1.8e-14, 0.18
伪时间步进 CFL 比率：
0.24  
分离式求解器迭代 19。
温度    
           当前进度:   9 % - 正在组装残差
Memory: 1841/2430 2151/2798
           当前进度:   9 % - 矩阵分解
Memory: 1853/2430 2163/2798
Iter      SolEst     Damping    Stepsize #Res #Jac #Sol   LinErr   LinRes
   1     4.3e-15   0.8000000     4.3e-15   19   19   19  4.4e-16  1.2e-15
速度 u，压力 p
           当前进度:   9 % - 正在组装残差
Memory: 1845/2430 2155/2798
           当前进度:   9 % - 组装矩阵
Memory: 2138/2430 2464/2798
           当前进度:   9 % - 预处理
Memory: 2085/2430 2408/2798
           当前进度:   9 % - 正在创建多重网格层次结构
Memory: 2098/2430 2420/2798
Iter      SolEst     Damping    Stepsize #Res #Jac #Sol LinIt   LinErr   LinRes
           当前进度:   9 % - 求解线性方程组
   1        0.25   0.5000000        0.25   19   19   19    67    0.065   0.0031
分离组的解误差估计
3.5e-15, 0.12
伪时间步进 CFL 比率：
0.22  
分离式求解器迭代 20。
温度    
           当前进度:   9 % - 正在组装残差
Memory: 1841/2430 2151/2798
           当前进度:   9 % - 
Memory: 1858/2430 2169/2798
Iter      SolEst     Damping    Stepsize #Res #Jac #Sol   LinErr   LinRes
           当前进度:   9 % - 求解线性方程组
Memory: 1853/2430 2163/2798
   1     9.3e-16   0.8000000     9.3e-16   20   20   20  4.7e-16  1.1e-15
速度 u，压力 p
           当前进度:   9 % - 正在组装残差
Memory: 1841/2430 2151/2798
           当前进度:   9 % - 组装矩阵
Memory: 2138/2430 2464/2798
           当前进度:   9 % - 
Memory: 2096/2430 2407/2798
           当前进度:   9 % - 正在创建多重网格层次结构
Memory: 2136/2430 2460/2798
Iter      SolEst     Damping    Stepsize #Res #Jac #Sol LinIt   LinErr   LinRes
           当前进度:   9 % - 求解线性方程组
   1        0.38   0.5000000        0.38   20   20   20    70    0.075   0.0045
分离组的解误差估计
7.5e-16, 0.19
伪时间步进 CFL 比率：
0.25  
           当前进度:   9 % - 正在组装残差
Memory: 1886/2430 2197/2798
分离式求解器迭代 21。
温度    
           当前进度:   9 % - 组装矩阵
Memory: 1861/2430 2172/2798
           当前进度:   9 % - 矩阵分解
Memory: 1853/2430 2163/2798
Iter      SolEst     Damping    Stepsize #Res #Jac #Sol   LinErr   LinRes
   1     2.4e-16   0.8000000     2.4e-16   21   21   21  4.6e-16  7.2e-16
速度 u，压力 p
           当前进度:   9 % - 正在组装残差
Memory: 1841/2430 2151/2798
           当前进度:   9 % - 
Memory: 1940/2430 2255/2798
           当前进度:   9 % - 组装矩阵
Memory: 2138/2430 2464/2798
           当前进度:   9 % - 约束处理
Memory: 2157/2430 2664/2798
           当前进度:   9 % - 正在创建多重网格层次结构
Memory: 2136/2430 2460/2798
Iter      SolEst     Damping    Stepsize #Res #Jac #Sol LinIt   LinErr   LinRes
           当前进度:   9 % - 求解线性方程组
   1        0.21   0.5000000        0.21   21   21   21    73    0.062   0.0029
分离组的解误差估计
1.9e-16, 0.1
伪时间步进 CFL 比率：
0.21  
           当前进度:   9 % - 正在组装残差
Memory: 1841/2430 2151/2798
分离式求解器迭代 22。
温度    
           当前进度:   9 % - 组装矩阵
Memory: 1861/2430 2172/2798
           当前进度:   9 % - 矩阵分解
Memory: 1853/2430 2163/2798
Iter      SolEst     Damping    Stepsize #Res #Jac #Sol   LinErr   LinRes
   1     1.2e-17   0.8000000     1.2e-17   22   22   22    5e-16  3.1e-16
速度 u，压力 p
           当前进度:   9 % - 正在组装残差
Memory: 1841/2430 2151/2798
           当前进度:   9 % - 
Memory: 2008/2430 2464/2798
           当前进度:   9 % - 组装矩阵
Memory: 2138/2430 2464/2798
           当前进度:   9 % - 正在创建多重网格层次结构
Memory: 2085/2430 2407/2798
Iter      SolEst     Damping    Stepsize #Res #Jac #Sol LinIt   LinErr   LinRes
           当前进度:   9 % - 求解线性方程组
Memory: 2136/2430 2460/2798
   1        0.47   0.5000000        0.47   22   22   22    76    0.078   0.0053
分离组的解误差估计
9.8e-18, 0.24
伪时间步进 CFL 比率：
0.26  
分离式求解器迭代 23。
温度    
           当前进度:   9 % - 组装矩阵
Memory: 1861/2430 2172/2798
           当前进度:   9 % - 矩阵分解
Memory: 1853/2430 2163/2798
Iter      SolEst     Damping    Stepsize #Res #Jac #Sol   LinErr   LinRes
   1     3.1e-18   0.8000000     3.1e-18   23   23   23  5.2e-16  3.1e-16
速度 u，压力 p
           当前进度:   9 % - 正在组装残差
Memory: 1841/2430 2151/2798
           当前进度:   9 % - 组装矩阵
Memory: 2138/2430 2464/2798
           当前进度:   9 % - 约束处理
Memory: 2097/2430 2536/2798
           当前进度:   9 % - 正在创建多重网格层次结构
Memory: 2098/2430 2420/2798
Iter      SolEst     Damping    Stepsize #Res #Jac #Sol LinIt   LinErr   LinRes
           当前进度:   9 % - 求解线性方程组
   1        0.19   0.5000000        0.19   23   23   23    79    0.057   0.0024
分离组的解误差估计
2.5e-18, 0.093
伪时间步进 CFL 比率：
0.2   
           当前进度:   9 % - 正在组装残差
Memory: 1841/2430 2151/2798
分离式求解器迭代 24。
温度    
           当前进度:   9 % - 组装矩阵
Memory: 1861/2430 2172/2798
Iter      SolEst     Damping    Stepsize #Res #Jac #Sol   LinErr   LinRes
   1           0   0.8000000           0   24   24   24  5.4e-16  3.1e-16
速度 u，压力 p
           当前进度:   9 % - 正在组装残差
Memory: 1849/2430 2159/2798
           当前进度:   9 % - 组装矩阵
Memory: 2138/2430 2464/2798
           当前进度:   9 % - 正在创建多重网格层次结构
Memory: 2138/2430 2488/2798
Iter      SolEst     Damping    Stepsize #Res #Jac #Sol LinIt   LinErr   LinRes
           当前进度:   9 % - 求解线性方程组
Memory: 2136/2430 2460/2798
   1        0.58   0.5000000        0.58   24   24   24    85    0.052        -
           当前进度:   9 % - 
Memory: 2008/2430 2454/2798
分离组的解误差估计
0, 0.29
伪时间步进 CFL 比率：
0.28  
分离式求解器迭代 25。
温度    
           当前进度:   9 % - 组装矩阵
Memory: 1861/2430 2172/2798
           当前进度:   9 % - 矩阵分解
Memory: 1853/2430 2163/2798
Iter      SolEst     Damping    Stepsize #Res #Jac #Sol   LinErr   LinRes
   1           0   0.8000000           0   25   25   25  5.4e-16  3.1e-16
速度 u，压力 p
           当前进度:   9 % - 正在组装残差
Memory: 1841/2430 2151/2798
           当前进度:   9 % - 组装矩阵
Memory: 2138/2430 2464/2798
           当前进度:   9 % - 约束处理
Memory: 2254/2430 2664/2798
           当前进度:   9 % - 正在创建多重网格层次结构
Memory: 2136/2430 2460/2798
Iter      SolEst     Damping    Stepsize #Res #Jac #Sol LinIt   LinErr   LinRes
           当前进度:   9 % - 求解线性方程组
   1        0.18   0.5000000        0.18   25   25   25    88    0.054   0.0019
分离组的解误差估计
0, 0.09
伪时间步进 CFL 比率：
0.18  
           当前进度:   9 % - 正在组装残差
Memory: 1841/2430 2151/2798
分离式求解器迭代 26。
温度    
           当前进度:   9 % - 组装矩阵
Memory: 1861/2430 2172/2798
           当前进度:   9 % - 矩阵分解
Memory: 1853/2430 2163/2798
Iter      SolEst     Damping    Stepsize #Res #Jac #Sol   LinErr   LinRes
   1           0   0.8000000           0   26   26   26  5.4e-16  3.1e-16
速度 u，压力 p
           当前进度:   9 % - 正在组装残差
Memory: 1841/2430 2151/2798
           当前进度:   9 % - 组装矩阵
Memory: 2138/2430 2464/2798
           当前进度:   9 % - 约束处理
Memory: 2260/2430 2664/2798
           当前进度:   9 % - 正在创建多重网格层次结构
Memory: 2136/2430 2460/2798
Iter      SolEst     Damping    Stepsize #Res #Jac #Sol LinIt   LinErr   LinRes
           当前进度:   9 % - 求解线性方程组
