*******************************************
***COMSOL 6.4.0.293 progress output file***
*******************************************
Wed Jul 15 12:30:19 CST 2026
COMSOL Multiphysics 6.4 (开发版本: 293) 在批处理模式下启动
正在运行: F:\Thesis\Thermal\Yuan2020_reproduction_v3\comsol\generated\..\Yuan2020Equivalent3D.class
---------- 当前进度: 100 % - 正在更新选择
Memory: 404/404 462/462
           当前进度:   0 % - 长方体
Memory: 425/425 469/469
           当前进度:   8 % - 长方体 2
Memory: 433/433 474/477
-          当前进度:  17 % - 形成联合体
-          当前进度:  17 % - 执行布尔操作
Memory: 437/437 476/477
---------- 当前进度: 100 % - 正在更新选择
---------- 当前进度: 100 % - 正在创建可视化网格
Memory: 449/449 480/480
----       当前进度:  47 % - 生成方程
Memory: 726/727 745/748
------     当前进度:  60 % - 生成方程
Memory: 735/739 755/759
------     当前进度:  66 % - 生成方程
Memory: 738/739 759/760
<---- 研究 1/解 1 (sol1) 中的“编译方程: 稳态” ---------------------------------------------
开始于 2026年7月15日 12:30:34。
几何形函数: 线性拉格朗日单元
在 Intel64 Family 6 Model 165 Stepping 3, GenuineIntel 上运行。
在以下位置使用 1 个插槽： C201Z 上（共 6 个内核）。
可用内存：16.23 GB。
           当前进度:   0 % - 生成方程
Memory: 744/749 826/826
在 Intel64 Family 6 Model 165 Stepping 3, GenuineIntel 上运行。
在以下位置使用 1 个插槽： C201Z 上（共 6 个内核）。
可用内存：16.23 GB。
           当前进度:   0 % - 自由四面体网格
Memory: 807/814 827/837
顶点单元数：12
           当前进度:   0 % - 调整边界网格
Memory: 858/858 893/893
           当前进度:   1 % - 正在创建边界网格
Memory: 857/860 889/893
边单元数：848
边界单元数：24782
           当前进度:   1 % - 正在创建初始四面体网格
Memory: 841/860 871/893
           当前进度:   2 % - 相关边界
Memory: 857/860 898/900
           当前进度:   3 % - 正在提高单元质量
Memory: 861/863 909/912
           当前进度:   3 % - 正在定型网格
单元数：49872
最小单元质量：0.1484
           当前进度:   5 % - 编译方程: 稳态
Memory: 904/915 931/944
           当前进度:   5 % - 正在创建可视化网格
Memory: 909/921 935/947
时间：5。
物理内存: 921 MB
虚拟内存: 947 MB
结束时间：2026年7月15日 12:30:39。
----- 研究 1/解 1 (sol1) 中的“编译方程: 稳态” -------------------------------------------->
<---- 研究 1/解 1 (sol1) 中的“因变量 1” ------------------------------------------------
开始于 2026年7月15日 12:30:39。
           当前进度:   5 % - 因变量 1
Memory: 908/921 932/947
求解时间：0 s。
物理内存: 915 MB
虚拟内存: 940 MB
结束时间：2026年7月15日 12:30:39。
----- 研究 1/解 1 (sol1) 中的“因变量 1” ----------------------------------------------->
<---- 研究 1/解 1 (sol1) 中的“稳态求解器 1” ----------------------------------------------
开始于 2026年7月15日 12:30:39。
非线性求解器
求解的自由度数：51002（加上 18151 个内部自由度）。
           当前进度:   9 % - 组装稀疏模式
Memory: 969/980 998/1006
找到非对称矩阵。
           当前进度:   9 % - 
Memory: 1036/1040 1048/1057
缩放因变量：
压力 (comp1.p): 1.6e+04
温度 (comp1.T): 2.9e+02
速度场 (comp1.u): 3.1e+05
已使用正交零空间函数。
           当前进度:   9 % - 矩阵分解
Memory: 1099/1115 1135/1158
Iter      SolEst      ResEst     Damping    Stepsize #Res #Jac #Sol   LinErr   LinRes
-          当前进度:  17 % - 正在组装残差
Memory: 1145/1181 1268/1301
   1          13       1e+03   0.0100000          13    4    1    4  1.4e-12  2.6e-16
-          当前进度:  17 % - 组装稀疏模式
Memory: 1213/1213 1361/1361
-          当前进度:  17 % - 组装矩阵
Memory: 1233/1233 1383/1383
-          当前进度:  17 % - 矩阵分解
Memory: 1173/1273 1310/1420
-          当前进度:  17 % - 正在组装残差
Memory: 1231/1273 1386/1420
   2         2.7     2.8e+05   0.1000000           3    5    2    6  2.7e-16  2.4e-16
--         当前进度:  27 % - 组装矩阵
Memory: 1247/1273 1399/1420
--         当前进度:  27 % - 
Memory: 1251/1273 1402/1420
--         当前进度:  27 % - 矩阵分解
Memory: 1247/1273 1411/1420
   3     2.1e-05     2.2e+07   1.0000000         0.3    6    3    8  8.6e-15  1.5e-13
---------- 当前进度: 100 % - 组装稀疏模式
Memory: 1231/1273 1427/1427
---------- 当前进度: 100 % - 组装矩阵
Memory: 1250/1273 1419/1440
---------- 当前进度: 100 % - 矩阵分解
Memory: 1273/1296 1443/1461
   4           2         1.9   1.0000000     1.3e+04    8    4   10  2.3e-16  2.2e-16
---------- 当前进度: 100 % - 组装稀疏模式
Memory: 1235/1296 1404/1461
---------- 当前进度: 100 % - 组装矩阵
Memory: 1253/1296 1426/1461
---------- 当前进度: 100 % - 矩阵分解
Memory: 1172/1296 1324/1461
   5         0.6         1.8   1.0000000         6.2    9    5   12  2.3e-16  2.2e-16
---------- 当前进度: 100 % - 
Memory: 1252/1296 1436/1461
---------- 当前进度: 100 % - 组装矩阵
Memory: 1268/1296 1449/1461
---------- 当前进度: 100 % - 矩阵分解
Memory: 1203/1307 1396/1489
   6        0.34         1.2   1.0000000        0.71   10    6   14  2.3e-16  2.3e-16
---------- 当前进度: 100 % - 组装稀疏模式
Memory: 1244/1307 1428/1489
---------- 当前进度: 100 % - 组装矩阵
Memory: 1271/1307 1459/1489
---------- 当前进度: 100 % - 矩阵分解
Memory: 1191/1307 1366/1489
---------- 当前进度: 100 % - 正在组装残差
Memory: 1266/1307 1449/1489
   7         2.3         1.1   1.0000000        0.39   11    7   16  2.3e-16  2.2e-16
---------- 当前进度: 100 % - 组装稀疏模式
Memory: 1271/1307 1451/1489
---------- 当前进度: 100 % - 组装矩阵
Memory: 1305/1309 1486/1489
---------- 当前进度: 100 % - 矩阵分解
Memory: 1225/1326 1416/1508
   8        0.34         1.1   1.0000000        0.33   12    8   18  2.2e-16  2.2e-16
---------- 当前进度: 100 % - 组装稀疏模式
Memory: 1284/1326 1463/1508
---------- 当前进度: 100 % - 组装矩阵
Memory: 1287/1326 1469/1508
---------- 当前进度: 100 % - 矩阵分解
Memory: 1205/1326 1372/1508
---------- 当前进度: 100 % - 求解线性方程组
Memory: 1272/1326 1451/1508
   9        0.13         1.1   0.4987373        0.42   14    9   21  2.3e-16  2.3e-16
---------- 当前进度: 100 % - 组装矩阵
Memory: 1282/1326 1479/1508
---------- 当前进度: 100 % - 矩阵分解
Memory: 1211/1326 1396/1516
---------- 当前进度: 100 % - 正在组装残差
Memory: 1262/1326 1462/1516
  10        0.18         1.1   0.2208308        0.24   16   10   24  2.4e-16  2.3e-16
---------- 当前进度: 100 % - 组装稀疏模式
Memory: 1296/1326 1493/1516
---------- 当前进度: 100 % - 组装矩阵
Memory: 1282/1326 1479/1516
---------- 当前进度: 100 % - 矩阵分解
Memory: 1194/1326 1371/1516
---------- 当前进度: 100 % - 求解线性方程组
Memory: 1263/1326 1459/1516
  11        0.14         1.1   0.2746445         0.2   18   11   27  2.4e-16  2.4e-16
---------- 当前进度: 100 % - 组装稀疏模式
Memory: 1319/1326 1517/1517
---------- 当前进度: 100 % - 矩阵分解
Memory: 1195/1329 1375/1527
---------- 当前进度: 100 % - 正在组装残差
Memory: 1291/1329 1487/1527
  12        0.14         1.1   0.2272660        0.18   20   12   30  2.4e-16  2.3e-16
---------- 当前进度: 100 % - 组装稀疏模式
Memory: 1293/1329 1486/1527
---------- 当前进度: 100 % - 组装矩阵
Memory: 1270/1329 1464/1527
---------- 当前进度: 100 % - 正在组装残差
Memory: 1253/1329 1441/1527
  13        0.13         1.1   0.1228928        0.15   22   13   33  2.4e-16  2.3e-16
---------- 当前进度: 100 % - 组装矩阵
Memory: 1272/1329 1477/1527
---------- 当前进度: 100 % - 正在组装残差
Memory: 1271/1329 1476/1527
  14       0.061         1.1   0.1000000       0.067   24   14   36  2.4e-16  2.3e-16
---------- 当前进度: 100 % - 组装稀疏模式
Memory: 1273/1329 1474/1527
---------- 当前进度: 100 % - 矩阵分解
Memory: 1187/1329 1358/1527
---------- 当前进度: 100 % - 正在组装残差
Memory: 1279/1329 1480/1527
  15       0.042         1.1   0.1000000       0.046   26   15   39  2.4e-16  2.4e-16
---------- 当前进度: 100 % - 组装稀疏模式
Memory: 1314/1329 1514/1527
---------- 当前进度: 100 % - 矩阵分解
Memory: 1170/1333 1368/1532
---------- 当前进度: 100 % - 正在组装残差
Memory: 1286/1333 1483/1532
  16       0.036         1.1   0.1000000        0.04   28   16   42  2.4e-16  2.3e-16
---------- 当前进度: 100 % - 组装稀疏模式
Memory: 1290/1333 1487/1532
---------- 当前进度: 100 % - 矩阵分解
Memory: 1172/1333 1336/1532
---------- 当前进度: 100 % - 正在组装残差
Memory: 1270/1333 1466/1532
  17       0.036         1.1   0.1000000        0.04   30   17   45  2.4e-16  2.3e-16
---------- 当前进度: 100 % - 组装稀疏模式
Memory: 1300/1333 1508/1532
---------- 当前进度: 100 % - 矩阵分解
Memory: 1238/1346 1428/1542
---------- 当前进度: 100 % - 求解线性方程组
Memory: 1300/1346 1490/1542
  18       0.044         1.1   0.1000000       0.049   32   18   48  2.4e-16  2.4e-16
---------- 当前进度: 100 % - 组装稀疏模式
Memory: 1301/1346 1491/1542
---------- 当前进度: 100 % - 矩阵分解
Memory: 1192/1346 1384/1542
---------- 当前进度: 100 % - 正在组装残差
Memory: 1299/1346 1504/1542
  19        0.07         1.1   0.1000000       0.078   34   19   51  2.4e-16  2.4e-16
---------- 当前进度: 100 % - 组装稀疏模式
Memory: 1331/1346 1537/1542
---------- 当前进度: 100 % - 矩阵分解
Memory: 1203/1346 1377/1549
---------- 当前进度: 100 % - 正在组装残差
Memory: 1313/1346 1529/1549
  20       0.066         1.1   0.1000000       0.073   36   20   54  2.4e-16  2.3e-16
---------- 当前进度: 100 % - 组装稀疏模式
Memory: 1282/1346 1484/1549
---------- 当前进度: 100 % - 组装矩阵
Memory: 1293/1346 1495/1549
---------- 当前进度: 100 % - 矩阵分解
Memory: 1225/1346 1421/1549
  21       0.042         1.1   0.1000000       0.046   38   21   57  2.4e-16  2.3e-16
---------- 当前进度: 100 % - 组装稀疏模式
Memory: 1267/1346 1463/1549
---------- 当前进度: 100 % - 组装矩阵
Memory: 1314/1346 1511/1549
---------- 当前进度: 100 % - 矩阵分解
Memory: 1253/1351 1463/1549
  22       0.027         1.1   0.1000000        0.03   40   22   60  2.4e-16  2.3e-16
---------- 当前进度: 100 % - 正在组装残差
Memory: 1265/1351 1458/1549
---------- 当前进度: 100 % - 组装矩阵
Memory: 1294/1351 1491/1549
---------- 当前进度: 100 % - 矩阵分解
Memory: 1203/1351 1369/1549
  23       0.022         1.1   0.1000000       0.024   42   23   63  2.4e-16  2.3e-16
---------- 当前进度: 100 % - 正在组装残差
Memory: 1268/1351 1456/1549
---------- 当前进度: 100 % - 组装矩阵
Memory: 1311/1351 1518/1549
---------- 当前进度: 100 % - 矩阵分解
Memory: 1251/1351 1470/1556
  24        0.02         1.1   0.1000000       0.022   44   24   66  2.3e-16  2.3e-16
---------- 当前进度: 100 % - 正在组装残差
Memory: 1267/1351 1468/1556
---------- 当前进度: 100 % - 组装矩阵
Memory: 1295/1351 1497/1556
---------- 当前进度: 100 % - 矩阵分解
Memory: 1205/1351 1379/1556
  25       0.019         1.1   0.1000000       0.021   46   25   69  2.4e-16  2.3e-16
---------- 当前进度: 100 % - 正在组装残差
Memory: 1270/1351 1467/1556
---------- 当前进度: 100 % - 组装矩阵
Memory: 1305/1351 1503/1556
---------- 当前进度: 100 % - 正在组装残差
Memory: 1305/1351 1502/1556
  26       0.019         1.1   0.1000000       0.021   48   26   72  2.4e-16  2.3e-16
---------- 当前进度: 100 % - 组装稀疏模式
Memory: 1278/1351 1471/1556
---------- 当前进度: 100 % - 组装矩阵
Memory: 1305/1351 1502/1556
---------- 当前进度: 100 % - 矩阵分解
Memory: 1230/1351 1407/1556
---------- 当前进度: 100 % - 正在组装残差
Memory: 1274/1351 1462/1556
  27       0.019         1.1   0.1000000       0.021   50   27   75  2.4e-16  2.3e-16
---------- 当前进度: 100 % - 组装稀疏模式
Memory: 1316/1351 1506/1556
---------- 当前进度: 100 % - 组装矩阵
Memory: 1311/1351 1518/1556
---------- 当前进度: 100 % - 矩阵分解
Memory: 1271/1351 1533/1556
---------- 当前进度: 100 % - 正在组装残差
Memory: 1291/1351 1496/1556
  28       0.021         1.1   0.1000000       0.023   52   28   78  2.4e-16  2.3e-16
---------- 当前进度: 100 % - 组装矩阵
Memory: 1312/1351 1522/1556
---------- 当前进度: 100 % - 矩阵分解
Memory: 1239/1351 1438/1556
  29       0.023         1.1   0.1000000       0.026   54   29   81  2.4e-16  2.3e-16
---------- 当前进度: 100 % - 正在组装残差
Memory: 1295/1351 1500/1556
---------- 当前进度: 100 % - 组装矩阵
Memory: 1319/1351 1528/1556
---------- 当前进度: 100 % - 矩阵分解
Memory: 1257/1355 1451/1562
---------- 当前进度: 100 % - 求解线性方程组
Memory: 1307/1355 1510/1562
  30       0.027         1.1   0.1000000        0.03   56   30   84  2.4e-16  2.4e-16
---------- 当前进度: 100 % - 组装矩阵
Memory: 1309/1355 1516/1562
---------- 当前进度: 100 % - 正在组装残差
Memory: 1283/1355 1480/1562
  31       0.031         1.1   0.1000000       0.035   58   31   87  2.4e-16  2.4e-16
---------- 当前进度: 100 % - 组装矩阵
Memory: 1306/1355 1508/1562
---------- 当前进度: 100 % - 矩阵分解
Memory: 1267/1355 1457/1562
---------- 当前进度: 100 % - 正在组装残差
Memory: 1319/1355 1518/1562
  32       0.038         1.1   0.1000000       0.042   60   32   90  2.4e-16  2.3e-16
---------- 当前进度: 100 % - 组装稀疏模式
Memory: 1334/1355 1538/1562
---------- 当前进度: 100 % - 
Memory: 1336/1355 1534/1562
---------- 当前进度: 100 % - 矩阵分解
Memory: 1324/1355 1529/1562
  33       0.035         1.1   0.1000000       0.039   62   33   93  2.4e-16  2.4e-16
---------- 当前进度: 100 % - 组装稀疏模式
Memory: 1299/1355 1492/1562
---------- 当前进度: 100 % - 组装矩阵
Memory: 1322/1355 1533/1562
---------- 当前进度: 100 % - 正在组装残差
Memory: 1314/1360 1524/1571
  34       0.033         1.1   0.1000000       0.036   64   34   96  2.4e-16  2.4e-16
---------- 当前进度: 100 % - 组装矩阵
Memory: 1326/1360 1532/1571
---------- 当前进度: 100 % - 正在组装残差
Memory: 1310/1360 1516/1571
  35        0.03         1.1   0.1000000       0.034   66   35   99  2.4e-16  2.4e-16
---------- 当前进度: 100 % - 组装稀疏模式
Memory: 1334/1360 1540/1571
---------- 当前进度: 100 % - 矩阵分解
Memory: 1330/1360 1536/1571
  36       0.022         1.1   0.1000000       0.025   68   36  102  2.4e-16  2.4e-16
---------- 当前进度: 100 % - 组装稀疏模式
Memory: 1287/1360 1492/1571
---------- 当前进度: 100 % - 组装矩阵
Memory: 1303/1360 1513/1571
---------- 当前进度: 100 % - 矩阵分解
Memory: 1216/1360 1433/1571
  37       0.017         1.1   0.1000000       0.019   70   37  105  2.4e-16  2.3e-16
---------- 当前进度: 100 % - 
Memory: 1290/1360 1495/1571
---------- 当前进度: 100 % - 组装矩阵
Memory: 1331/1360 1541/1571
---------- 当前进度: 100 % - 矩阵分解
Memory: 1272/1367 1491/1575
  38       0.014         1.1   0.1000000       0.016   72   38  108  2.4e-16  2.3e-16
---------- 当前进度: 100 % - 正在组装残差
Memory: 1297/1367 1502/1575
---------- 当前进度: 100 % - 组装矩阵
Memory: 1320/1367 1526/1575
---------- 当前进度: 100 % - 正在组装残差
Memory: 1292/1367 1498/1575
  39       0.012         1.1   0.1000000       0.014   74   39  111  2.4e-16  2.3e-16
---------- 当前进度: 100 % - 组装稀疏模式
Memory: 1341/1367 1548/1575
---------- 当前进度: 100 % - 矩阵分解
Memory: 1324/1367 1531/1575
  40        0.01         1.1   0.1000000       0.011   76   40  114  2.4e-16  2.3e-16
---------- 当前进度: 100 % - 正在组装残差
Memory: 1300/1367 1506/1575
---------- 当前进度: 100 % - 组装矩阵
Memory: 1302/1367 1508/1575
---------- 当前进度: 100 % - 求解线性方程组
Memory: 1276/1367 1481/1575
  41      0.0089         1.1   0.1000000      0.0099   78   41  117  2.4e-16  2.3e-16
---------- 当前进度: 100 % - 组装矩阵
Memory: 1304/1367 1511/1575
---------- 当前进度: 100 % - 矩阵分解
Memory: 1313/1367 1521/1575
  42      0.0079         1.1   0.1000000      0.0088   80   42  120  2.4e-16  2.3e-16
---------- 当前进度: 100 % - 组装稀疏模式
Memory: 1276/1367 1478/1575
---------- 当前进度: 100 % - 组装矩阵
Memory: 1301/1367 1503/1575
---------- 当前进度: 100 % - 正在组装残差
Memory: 1275/1367 1476/1575
  43      0.0071         1.1   0.1000000      0.0079   82   43  123  2.4e-16  2.3e-16
---------- 当前进度: 100 % - 组装稀疏模式
Memory: 1278/1367 1476/1575
---------- 当前进度: 100 % - 组装矩阵
Memory: 1302/1367 1501/1575
  44      0.0065         1.1   0.1000000      0.0073   84   44  126  2.4e-16  2.3e-16
---------- 当前进度: 100 % - 正在组装残差
Memory: 1293/1367 1492/1575
---------- 当前进度: 100 % - 组装矩阵
Memory: 1301/1367 1499/1575
---------- 当前进度: 100 % - 正在组装残差
Memory: 1283/1367 1480/1575
  45      0.0061         1.1   0.1000000      0.0067   86   45  129  2.4e-16  2.3e-16
---------- 当前进度: 100 % - 组装稀疏模式
Memory: 1292/1367 1490/1575
---------- 当前进度: 100 % - 组装矩阵
Memory: 1337/1367 1535/1575
---------- 当前进度: 100 % - 
Memory: 1300/1367 1498/1575
  46      0.0057         1.1   0.1000000      0.0063   88   46  132  2.4e-16  2.3e-16
---------- 当前进度: 100 % - 组装矩阵
Memory: 1313/1367 1524/1575
---------- 当前进度: 100 % - 正在组装残差
Memory: 1287/1367 1497/1575
  47      0.0054         1.1   0.1000000       0.006   90   47  135  2.4e-16  2.3e-16
---------- 当前进度: 100 % - 组装稀疏模式
Memory: 1298/1367 1504/1575
---------- 当前进度: 100 % - 
Memory: 1362/1367 1569/1575
---------- 当前进度: 100 % - 矩阵分解
Memory: 1283/1371 1545/1579
  48      0.0051         1.1   0.1000000      0.0056   92   48  138  2.4e-16  2.3e-16
---------- 当前进度: 100 % - 正在组装残差
Memory: 1302/1371 1504/1579
---------- 当前进度: 100 % - 组装矩阵
Memory: 1335/1371 1538/1579
---------- 当前进度: 100 % - 矩阵分解
Memory: 1250/1371 1448/1579
---------- 当前进度: 100 % - 正在组装残差
Memory: 1302/1371 1503/1579
  49      0.0048         1.1   0.1000000      0.0054   94   49  141  2.4e-16  2.3e-16
---------- 当前进度: 100 % - 组装矩阵
Memory: 1347/1371 1546/1579
---------- 当前进度: 100 % - 正在组装残差
Memory: 1370/1384 1570/1584
  50      0.0046         1.1   0.1000000      0.0051   96   50  144  2.4e-16  2.3e-16
---------- 当前进度: 100 % - 组装稀疏模式
Memory: 1312/1384 1510/1584
---------- 当前进度: 100 % - 组装矩阵
Memory: 1306/1384 1507/1584
---------- 当前进度: 100 % - 正在组装残差
Memory: 1280/1384 1476/1584
  51      0.0044         1.1   0.1000000      0.0049   98   51  147  2.4e-16  2.3e-16
---------- 当前进度: 100 % - 组装矩阵
Memory: 1305/1384 1516/1584
---------- 当前进度: 100 % - 矩阵分解
Memory: 1242/1384 1435/1584
---------- 当前进度: 100 % - 正在组装残差
Memory: 1300/1384 1506/1584
  52      0.0042         1.1   0.1000000      0.0047  100   52  150  2.4e-16  2.3e-16
---------- 当前进度: 100 % - 组装矩阵
Memory: 1320/1384 1526/1584
---------- 当前进度: 100 % - 矩阵分解
Memory: 1232/1384 1436/1584
---------- 当前进度: 100 % - 正在组装残差
Memory: 1299/1384 1504/1584
  53       0.004         1.1   0.1000000      0.0044  102   53  153  2.4e-16  2.3e-16
---------- 当前进度: 100 % - 组装矩阵
Memory: 1329/1384 1535/1584
---------- 当前进度: 100 % - 正在组装残差
Memory: 1327/1384 1546/1584
  54      0.0036         1.1   0.1000000       0.004  104   54  156  2.4e-16  2.3e-16
---------- 当前进度: 100 % - 组装矩阵
Memory: 1306/1384 1512/1584
---------- 当前进度: 100 % - 
Memory: 1279/1384 1481/1584
  55      0.0033         1.1   0.1000000      0.0037  106   55  159  2.4e-16  2.3e-16
---------- 当前进度: 100 % - 组装矩阵
Memory: 1305/1384 1508/1584
---------- 当前进度: 100 % - 正在组装残差
Memory: 1296/1384 1499/1584
  56       0.003         1.1   0.1000000      0.0034  108   56  162  2.4e-16  2.3e-16
---------- 当前进度: 100 % - 组装稀疏模式
Memory: 1278/1384 1475/1584
---------- 当前进度: 100 % - 组装矩阵
Memory: 1299/1384 1497/1584
---------- 当前进度: 100 % - 求解线性方程组
Memory: 1273/1384 1470/1584
  57      0.0028         1.1   0.1000000      0.0031  110   57  165  2.4e-16  2.3e-16
---------- 当前进度: 100 % - 组装矩阵
Memory: 1302/1384 1501/1584
---------- 当前进度: 100 % - 正在组装残差
Memory: 1293/1384 1488/1584
  58      0.0025         1.1   0.1000000      0.0028  112   58  168  2.4e-16  2.3e-16
---------- 当前进度: 100 % - 组装矩阵
Memory: 1305/1384 1499/1584
---------- 当前进度: 100 % - 正在组装残差
Memory: 1285/1384 1495/1584
  59      0.0023         1.1   0.1000000      0.0026  114   59  171  2.4e-16  2.3e-16
---------- 当前进度: 100 % - 组装稀疏模式
Memory: 1316/1384 1528/1584
---------- 当前进度: 100 % - 
Memory: 1345/1384 1556/1584
  60      0.0021         1.1   0.1000000      0.0023  116   60  174  2.4e-16  2.3e-16
---------- 当前进度: 100 % - 正在组装残差
Memory: 1291/1384 1500/1584
---------- 当前进度: 100 % - 组装矩阵
Memory: 1315/1384 1525/1584
---------- 当前进度: 100 % - 正在组装残差
Memory: 1289/1384 1497/1584
  61      0.0019         1.1   0.1000000      0.0021  118   61  177  2.4e-16  2.3e-16
---------- 当前进度: 100 % - 组装稀疏模式
Memory: 1317/1384 1526/1584
---------- 当前进度: 100 % - 组装矩阵
Memory: 1312/1384 1521/1584
---------- 当前进度: 100 % - 正在组装残差
Memory: 1303/1384 1512/1584
  62      0.0018         1.1   0.1000000      0.0019  120   62  180  2.4e-16  2.3e-16
---------- 当前进度: 100 % - 组装稀疏模式
Memory: 1289/1384 1517/1584
---------- 当前进度: 100 % - 组装矩阵
Memory: 1313/1384 1519/1584
---------- 当前进度: 100 % - 正在组装残差
Memory: 1287/1384 1492/1584
  63      0.0016         1.1   0.1000000      0.0018  122   63  183  2.4e-16  2.3e-16
---------- 当前进度: 100 % - 组装稀疏模式
Memory: 1289/1384 1523/1584
---------- 当前进度: 100 % - 组装矩阵
Memory: 1314/1384 1516/1584
---------- 当前进度: 100 % - 正在组装残差
Memory: 1306/1384 1507/1584
  64      0.0015         1.1   0.1000000      0.0016  124   64  186  2.4e-16  2.3e-16
---------- 当前进度: 100 % - 组装矩阵
Memory: 1313/1384 1515/1584
---------- 当前进度: 100 % - 正在组装残差
Memory: 1294/1384 1496/1584
  65      0.0013         1.1   0.1000000      0.0015  126   65  189  2.4e-16  2.3e-16
---------- 当前进度: 100 % - 组装稀疏模式
Memory: 1296/1384 1493/1584
---------- 当前进度: 100 % - 组装矩阵
Memory: 1341/1384 1539/1584
  66      0.0012         1.1   0.1000000      0.0013  128   66  192  2.4e-16  2.3e-16
---------- 当前进度: 100 % - 正在组装残差
Memory: 1296/1384 1493/1584
---------- 当前进度: 100 % - 组装矩阵
Memory: 1323/1384 1522/1584
---------- 当前进度: 100 % - 正在组装残差
Memory: 1306/1384 1500/1584
  67      0.0011         1.1   0.1000000      0.0012  130   67  195  2.4e-16  2.3e-16
---------- 当前进度: 100 % - 组装矩阵
Memory: 1325/1384 1535/1584
---------- 当前进度: 100 % - 正在组装残差
Memory: 1339/1384 1550/1584
  68       0.001         1.1   0.1000000      0.0011  132   68  198  2.4e-16  2.3e-16
---------- 当前进度: 100 % - 组装稀疏模式
Memory: 1322/1384 1529/1584
---------- 当前进度: 100 % - 组装矩阵
Memory: 1322/1384 1528/1584
---------- 当前进度: 100 % - 正在组装残差
Memory: 1308/1384 1510/1584
  69     0.00091         1.1   0.1000000       0.001  134   69  201  2.4e-16  2.3e-16
---------- 当前进度: 100 % - 组装矩阵
Memory: 1319/1384 1521/1584
---------- 当前进度: 100 % - 正在组装残差
Memory: 1308/1384 1510/1584
  70     0.00082         1.1   0.1000000     0.00091  136   70  204  2.4e-16  2.3e-16
---------- 当前进度: 100 % - 组装稀疏模式
Memory: 1310/1384 1504/1584
---------- 当前进度: 100 % - 组装矩阵
Memory: 1317/1384 1527/1584
---------- 当前进度: 100 % - 正在组装残差
Memory: 1291/1384 1500/1584
  71     0.00075         1.1   0.1000000     0.00083  138   71  207  2.4e-16  2.3e-16
---------- 当前进度: 100 % - 组装稀疏模式
Memory: 1337/1384 1543/1584
---------- 当前进度: 100 % - 矩阵分解
Memory: 1342/1384 1549/1584
  72     0.00068         1.1   0.1000000     0.00075  140   72  210  2.4e-16  2.3e-16
---------- 当前进度: 100 % - 组装稀疏模式
Memory: 1314/1384 1516/1584
---------- 当前进度: 100 % - 组装矩阵
Memory: 1318/1384 1520/1584
---------- 当前进度: 100 % - 正在组装残差
Memory: 1300/1384 1500/1584
  73     0.00062         1.1   0.1000000     0.00068  142   73  213  2.4e-16  2.3e-16
---------- 当前进度: 100 % - 组装稀疏模式
Memory: 1322/1384 1520/1584
---------- 当前进度: 100 % - 矩阵分解
Memory: 1339/1384 1539/1584
  74     0.00056         1.1   0.1000000     0.00062  144   74  216  2.4e-16  2.3e-16
---------- 当前进度: 100 % - 
Memory: 1290/1384 1487/1584
---------- 当前进度: 100 % - 组装矩阵
Memory: 1307/1384 1505/1584
---------- 当前进度: 100 % - 正在组装残差
Memory: 1285/1384 1479/1584
  75     0.00051         1.1   0.1000000     0.00056  146   75  219  2.4e-16  2.3e-16
---------- 当前进度: 100 % - 组装矩阵
Memory: 1304/1384 1498/1584
---------- 当前进度: 100 % - 矩阵分解
Memory: 1260/1384 1456/1584
---------- 当前进度: 100 % - 正在组装残差
Memory: 1301/1384 1511/1584
  76     0.00046         1.1   0.1000000     0.00051  148   76  222  2.4e-16  2.3e-16
---------- 当前进度: 100 % - 组装矩阵
Memory: 1321/1384 1527/1584
---------- 当前进度: 100 % - 矩阵分解
Memory: 1239/1384 1431/1584
---------- 当前进度: 100 % - 正在组装残差
Memory: 1302/1384 1507/1584
  77     0.00042         1.1   0.1000000     0.00046  150   77  225  2.4e-16  2.4e-16
---------- 当前进度: 100 % - 组装矩阵
Memory: 1337/1384 1544/1584
---------- 当前进度: 100 % - 矩阵分解
Memory: 1256/1384 1447/1584
  78     0.00038         1.1   0.1000000     0.00042  152   78  228  2.3e-16  2.3e-16
---------- 当前进度: 100 % - 正在组装残差
Memory: 1299/1384 1505/1584
---------- 当前进度: 100 % - 组装矩阵
Memory: 1325/1384 1532/1584
---------- 当前进度: 100 % - 矩阵分解
Memory: 1261/1384 1458/1584
---------- 当前进度: 100 % - 正在组装残差
Memory: 1300/1384 1505/1584
  79     0.00034         1.1   0.1000000     0.00038  154   79  231  2.4e-16  2.4e-16
---------- 当前进度: 100 % - 组装稀疏模式
Memory: 1329/1384 1543/1584
---------- 当前进度: 100 % - 矩阵分解
Memory: 1341/1384 1548/1584
---------- 当前进度: 100 % - 正在组装残差
Memory: 1316/1384 1518/1584
  80     0.00031         1.1   0.1000000     0.00034  156   80  234  2.4e-16  2.4e-16
---------- 当前进度: 100 % - 组装稀疏模式
Memory: 1346/1384 1549/1584
---------- 当前进度: 100 % - 矩阵分解
Memory: 1250/1384 1435/1584
---------- 当前进度: 100 % - 正在组装残差
Memory: 1312/1384 1510/1584
  81     0.00028         1.1   0.1000000     0.00031  158   81  237  2.4e-16  2.3e-16
---------- 当前进度: 100 % - 组装矩阵
Memory: 1331/1384 1530/1584
---------- 当前进度: 100 % - 矩阵分解
Memory: 1247/1384 1442/1584
---------- 当前进度: 100 % - 求解线性方程组
Memory: 1363/1384 1563/1584
  82     0.00025         1.1   0.1000000     0.00028  160   82  240  2.4e-16  2.3e-16
---------- 当前进度: 100 % - 组装稀疏模式
Memory: 1356/1384 1551/1584
---------- 当前进度: 100 % - 矩阵分解
Memory: 1331/1384 1541/1584
---------- 当前进度: 100 % - 正在组装残差
Memory: 1327/1384 1538/1584
  83     0.00023         1.1   0.1000000     0.00026  162   83  243  2.4e-16  2.3e-16
---------- 当前进度: 100 % - 组装稀疏模式
Memory: 1309/1384 1519/1584
---------- 当前进度: 100 % - 组装矩阵
Memory: 1328/1384 1539/1584
  84     0.00021         1.1   0.1000000     0.00023  164   84  246  2.4e-16  2.3e-16
---------- 当前进度: 100 % - 正在组装残差
Memory: 1319/1384 1526/1584
---------- 当前进度: 100 % - 组装矩阵
Memory: 1312/1384 1518/1584
---------- 当前进度: 100 % - 矩阵分解
Memory: 1231/1384 1445/1584
---------- 当前进度: 100 % - 正在组装残差
Memory: 1301/1384 1507/1584
  85     0.00019         1.1   0.1000000     0.00021  166   85  249  2.4e-16  2.4e-16
---------- 当前进度: 100 % - 组装矩阵
Memory: 1332/1384 1535/1584
---------- 当前进度: 100 % - 正在组装残差
Memory: 1324/1384 1526/1584
  86     0.00017         1.1   0.1000000     0.00019  168   86  252  2.4e-16  2.4e-16
---------- 当前进度: 100 % - 组装矩阵
Memory: 1331/1384 1530/1584
---------- 当前进度: 100 % - 正在组装残差
Memory: 1322/1384 1515/1584
  87     0.00015         1.1   0.1000000     0.00017  170   87  255  2.4e-16  2.4e-16
---------- 当前进度: 100 % - 组装矩阵
Memory: 1343/1384 1538/1584
---------- 当前进度: 100 % - 矩阵分解
Memory: 1274/1384 1478/1584
---------- 当前进度: 100 % - 求解线性方程组
Memory: 1324/1384 1531/1584
  88     0.00014         1.1   0.1000000     0.00015  172   88  258  2.4e-16  2.3e-16
---------- 当前进度: 100 % - 组装矩阵
Memory: 1342/1384 1550/1584
---------- 当前进度: 100 % - 求解线性方程组
Memory: 1347/1384 1554/1584
  89     0.00013         1.1   0.1000000     0.00014  174   89  261  2.4e-16  2.3e-16
---------- 当前进度: 100 % - 组装稀疏模式
Memory: 1298/1384 1508/1584
---------- 当前进度: 100 % - 组装矩阵
Memory: 1316/1384 1523/1584
---------- 当前进度: 100 % - 矩阵分解
Memory: 1323/1384 1533/1584
  90     0.00011         1.1   0.1000000     0.00013  176   90  264  2.4e-16  2.3e-16
---------- 当前进度: 100 % - 正在组装残差
Memory: 1299/1384 1500/1584
---------- 当前进度: 100 % - 组装矩阵
Memory: 1334/1384 1536/1584
---------- 当前进度: 100 % - 求解线性方程组
Memory: 1331/1384 1533/1584
  91      0.0001         1.1   0.1000000     0.00011  178   91  267  2.4e-16  2.3e-16
---------- 当前进度: 100 % - 
Memory: 1300/1384 1497/1584
---------- 当前进度: 100 % - 组装矩阵
Memory: 1342/1384 1540/1584
---------- 当前进度: 100 % - 正在组装残差
Memory: 1324/1384 1522/1584
  92     9.3e-05         1.1   0.1000000      0.0001  180   92  270  2.4e-16  2.3e-16
---------- 当前进度: 100 % - 组装稀疏模式
Memory: 1321/1384 1519/1584
---------- 当前进度: 100 % - 约束处理
Memory: 1303/1384 1502/1584
---------- 当前进度: 100 % - 求解线性方程组
Memory: 1304/1384 1502/1584
  93     8.4e-05         1.1   0.1000000     9.3e-05  182   93  273  2.4e-16  2.3e-16
---------- 当前进度: 100 % - 组装稀疏模式
Memory: 1300/1384 1493/1584
---------- 当前进度: 100 % - 组装矩阵
Memory: 1316/1384 1526/1584
---------- 当前进度: 100 % - 矩阵分解
Memory: 1317/1384 1539/1584
  94     7.6e-05         1.1   0.1000000     8.4e-05  184   94  276  2.4e-16  2.3e-16
---------- 当前进度: 100 % - 组装稀疏模式
Memory: 1307/1384 1516/1584
---------- 当前进度: 100 % - 组装矩阵
Memory: 1324/1384 1534/1584
  95     6.8e-05         1.1   0.1000000     7.6e-05  186   95  279  2.4e-16  2.3e-16
---------- 当前进度: 100 % - 
Memory: 1306/1384 1515/1584
---------- 当前进度: 100 % - 组装矩阵
Memory: 1317/1384 1527/1584
---------- 当前进度: 100 % - 矩阵分解
Memory: 1246/1384 1429/1584
  96     6.2e-05         1.1   0.1000000     6.9e-05  188   96  282  2.4e-16  2.3e-16
---------- 当前进度: 100 % - 正在组装残差
Memory: 1301/1384 1509/1584
---------- 当前进度: 100 % - 组装矩阵
Memory: 1334/1384 1539/1584
---------- 当前进度: 100 % - 矩阵分解
Memory: 1225/1384 1443/1584
---------- 当前进度: 100 % - 求解线性方程组
Memory: 1298/1384 1500/1584
  97     5.6e-05         1.1   0.1000000     6.2e-05  190   97  285  2.4e-16  2.3e-16
---------- 当前进度: 100 % - 组装矩阵
Memory: 1322/1384 1525/1584
---------- 当前进度: 100 % - 正在组装残差
Memory: 1314/1384 1516/1584
  98       5e-05         1.1   0.1000000     5.6e-05  192   98  288  2.4e-16  2.3e-16
---------- 当前进度: 100 % - 组装稀疏模式
Memory: 1327/1384 1525/1584
---------- 当前进度: 100 % - 矩阵分解
Memory: 1306/1384 1505/1584
  99     4.5e-05         1.1   0.1000000       5e-05  194   99  291  2.4e-16  2.3e-16
---------- 当前进度: 100 % - 正在组装残差
Memory: 1282/1384 1475/1584
---------- 当前进度: 100 % - 组装矩阵
Memory: 1327/1384 1539/1584
---------- 当前进度: 100 % - 正在组装残差
Memory: 1309/1384 1515/1584
 100     4.1e-05         1.1   0.1000000     4.6e-05  196  100  294  2.4e-16  2.3e-16
---------- 当前进度: 100 % - 
Memory: 1137/1384 1308/1584
求解时间：74 s。 （1 分钟，14 秒）
物理内存: 1.38 GB
虚拟内存: 1.58 GB
结束时间：2026年7月15日 12:31:53。
----- 研究 1/解 1 (sol1) 中的“稳态求解器 1” --------------------------------------------->

/***************/
/*****错误********/
/***************/
运行 Java 类时出错。
以下特征遇到问题：
 - 特征: 稳态求解器 1 (sol1/s1)
找不到解。
达到最大牛顿迭代次数。
返回的解不收敛。
没有返回所有参数步长。
以下特征遇到问题：
 - 类: Yuan2020Equivalent3D
正在保存模型: F:\Thesis\Thermal\Yuan2020_reproduction_v3\comsol\generated\..\Yuan2020Equivalent3D_Model.mph
保存时间: 1 s.
总时间: 96 s.
