*******************************************
***COMSOL 6.4.0.293 progress output file***
*******************************************
Wed Jul 15 12:27:31 CST 2026
COMSOL Multiphysics 6.4 (开发版本: 293) 在批处理模式下启动
正在运行: F:\Thesis\Thermal\Yuan2020_reproduction_v3\comsol\generated\..\Yuan2020Equivalent3D.class
---------- 当前进度: 100 % - 正在更新选择
Memory: 416/416 447/450
           当前进度:   0 % - 长方体
Memory: 426/426 455/455
           当前进度:   8 % - 长方体 2
Memory: 434/434 460/465
-          当前进度:  17 % - 形成联合体
-          当前进度:  17 % - 执行布尔操作
Memory: 437/437 463/465
---------- 当前进度: 100 % - 正在更新选择
---------- 当前进度: 100 % - 正在创建可视化网格
Memory: 442/442 465/465
----       当前进度:  47 % - 生成方程
Memory: 745/766 766/786
------     当前进度:  60 % - 生成方程
Memory: 776/777 797/799
------     当前进度:  66 % - 生成方程
Memory: 775/783 796/804
<---- 研究 1/解 1 (sol1) 中的“编译方程: 稳态” ---------------------------------------------
开始于 2026年7月15日 12:27:45。
几何形函数: 线性拉格朗日单元
在 Intel64 Family 6 Model 165 Stepping 3, GenuineIntel 上运行。
在以下位置使用 1 个插槽： C201Z 上（共 6 个内核）。
可用内存：16.23 GB。
           当前进度:   0 % - 生成方程
Memory: 780/788 801/809
在 Intel64 Family 6 Model 165 Stepping 3, GenuineIntel 上运行。
在以下位置使用 1 个插槽： C201Z 上（共 6 个内核）。
可用内存：16.23 GB。
           当前进度:   0 % - 自由四面体网格
Memory: 779/791 800/812
顶点单元数：12
           当前进度:   0 % - 调整边界网格
Memory: 821/821 848/848
           当前进度:   1 % - 正在创建边界网格
Memory: 827/827 852/852
边单元数：848
边界单元数：24782
           当前进度:   1 % - 正在创建初始四面体网格
Memory: 829/829 852/852
           当前进度:   2 % - 相关边界
Memory: 831/831 856/856
           当前进度:   3 % - 正在提高单元质量
Memory: 794/848 850/889
单元数：49872
最小单元质量：0.1484
           当前进度:   3 % - 正在定型网格
Memory: 796/848 849/889
           当前进度:   5 % - 编译方程: 稳态
Memory: 876/887 899/912
           当前进度:   5 % - 正在创建可视化网格
Memory: 880/887 902/912
时间：5。
物理内存: 887 MB
虚拟内存: 912 MB
结束时间：2026年7月15日 12:27:50。
----- 研究 1/解 1 (sol1) 中的“编译方程: 稳态” -------------------------------------------->
<---- 研究 1/解 1 (sol1) 中的“因变量 1” ------------------------------------------------
开始于 2026年7月15日 12:27:50。
           当前进度:   5 % - 因变量 1
Memory: 885/887 905/912
求解时间：0 s。
物理内存: 885 MB
虚拟内存: 905 MB
结束时间：2026年7月15日 12:27:50。
----- 研究 1/解 1 (sol1) 中的“因变量 1” ----------------------------------------------->
<---- 研究 1/解 1 (sol1) 中的“稳态求解器 1” ----------------------------------------------
开始于 2026年7月15日 12:27:50。
非线性求解器
求解的自由度数：51002（加上 18151 个内部自由度）。
           当前进度:   9 % - 组装稀疏模式
Memory: 934/949 969/989
           当前进度:   9 % - 组装矩阵
Memory: 989/989 1019/1019
找到非对称矩阵。
缩放因变量：
压力 (comp1.p): 1.6e+04
温度 (comp1.T): 2.9e+02
速度场 (comp1.u): 3.1e+05
已使用正交零空间函数。
           当前进度:   9 % - 矩阵分解
Memory: 1073/1081 1110/1128
Iter      SolEst      ResEst     Damping    Stepsize #Res #Jac #Sol   LinErr   LinRes
-          当前进度:  17 % - 正在组装残差
Memory: 1142/1147 1245/1245
   1          13       1e+03   0.0100000          13    4    1    4  9.9e-13  2.4e-16
-          当前进度:  17 % - 
Memory: 1157/1157 1252/1252
-          当前进度:  17 % - 组装稀疏模式
Memory: 1165/1174 1296/1301
-          当前进度:  17 % - 组装矩阵
Memory: 1226/1226 1355/1355
-          当前进度:  17 % - 矩阵分解
Memory: 1272/1272 1434/1434
   2         2.7     2.8e+05   0.1000000           3    5    2    6  2.7e-16  2.4e-16
--         当前进度:  27 % - 组装稀疏模式
Memory: 1244/1286 1397/1440
--         当前进度:  27 % - 矩阵分解
Memory: 1132/1286 1252/1440
--         当前进度:  27 % - 正在组装残差
Memory: 1253/1286 1407/1440
   3     2.1e-05     2.2e+07   1.0000000         0.3    6    3    8  7.2e-15  1.5e-13
---------- 当前进度: 100 % - 组装矩阵
Memory: 1232/1286 1391/1440
---------- 当前进度: 100 % - 矩阵分解
Memory: 1152/1286 1295/1440
---------- 当前进度: 100 % - 正在组装残差
Memory: 1248/1286 1413/1440
   4         0.8           2   1.0000000     2.4e+04    8    4   10  2.3e-16  2.3e-16
---------- 当前进度: 100 % - 组装矩阵
Memory: 1266/1286 1432/1440
---------- 当前进度: 100 % - 矩阵分解
Memory: 1199/1294 1351/1460
   5        0.59         1.8   1.0000000          14    9    5   12  2.3e-16  2.3e-16
---------- 当前进度: 100 % - 组装稀疏模式
Memory: 1219/1294 1391/1460
---------- 当前进度: 100 % - 组装矩阵
Memory: 1235/1294 1408/1460
---------- 当前进度: 100 % - 矩阵分解
Memory: 1174/1294 1339/1460
   6        0.79         1.8   0.2758474         1.1   11    6   15  2.4e-16  2.3e-16
---------- 当前进度: 100 % - 
Memory: 1210/1294 1382/1460
---------- 当前进度: 100 % - 组装矩阵
Memory: 1243/1294 1417/1460
---------- 当前进度: 100 % - 矩阵分解
Memory: 1210/1294 1421/1460
   7        0.51         1.1   1.0000000        0.36   12    7   17  2.2e-16  2.1e-16
---------- 当前进度: 100 % - 组装稀疏模式
Memory: 1240/1294 1417/1460
---------- 当前进度: 100 % - 约束处理
Memory: 1250/1294 1440/1460
---------- 当前进度: 100 % - 矩阵分解
Memory: 1248/1294 1431/1460
   8        0.34         1.2   1.0000000        0.44   13    8   19  2.4e-16  2.3e-16
---------- 当前进度: 100 % - 组装稀疏模式
Memory: 1260/1294 1438/1460
---------- 当前进度: 100 % - 约束处理
Memory: 1253/1294 1432/1460
---------- 当前进度: 100 % - 矩阵分解
Memory: 1228/1294 1408/1460
   9        0.64         1.2   0.4610170         1.2   15    9   22  2.5e-16  2.4e-16
---------- 当前进度: 100 % - 组装稀疏模式
Memory: 1217/1294 1398/1460
---------- 当前进度: 100 % - 组装矩阵
Memory: 1243/1294 1425/1460
---------- 当前进度: 100 % - 矩阵分解
Memory: 1180/1294 1374/1460
---------- 当前进度: 100 % - 求解线性方程组
Memory: 1248/1294 1437/1465
  10        0.16         1.2   0.1982660         0.2   17   10   25  2.4e-16  2.3e-16
---------- 当前进度: 100 % - 组装矩阵
Memory: 1267/1294 1458/1467
---------- 当前进度: 100 % - 矩阵分解
Memory: 1165/1294 1337/1472
  11        0.26         1.2   0.2072660        0.33   19   11   28  2.2e-16  2.1e-16
---------- 当前进度: 100 % - 正在组装残差
Memory: 1247/1294 1441/1472
---------- 当前进度: 100 % - 组装矩阵
Memory: 1274/1294 1470/1472
---------- 当前进度: 100 % - 矩阵分解
Memory: 1183/1311 1363/1508
  12        0.15         1.2   0.2717272        0.21   21   12   31  2.4e-16  2.3e-16
---------- 当前进度: 100 % - 正在组装残差
Memory: 1241/1311 1432/1508
---------- 当前进度: 100 % - 组装矩阵
Memory: 1277/1311 1470/1508
---------- 当前进度: 100 % - 矩阵分解
Memory: 1193/1311 1359/1508
  13       0.065         1.2   0.2010778       0.081   23   13   34  2.4e-16  2.3e-16
---------- 当前进度: 100 % - 正在组装残差
Memory: 1259/1311 1451/1508
---------- 当前进度: 100 % - 组装矩阵
Memory: 1279/1311 1471/1508
---------- 当前进度: 100 % - 矩阵分解
Memory: 1219/1316 1423/1510
  14        0.14         1.2   0.1520573        0.16   25   14   37  2.4e-16  2.3e-16
---------- 当前进度: 100 % - 正在组装残差
Memory: 1243/1316 1435/1510
---------- 当前进度: 100 % - 组装矩阵
Memory: 1266/1316 1458/1510
---------- 当前进度: 100 % - 矩阵分解
Memory: 1182/1316 1384/1510
  15        0.14         1.2   0.1686940        0.17   27   15   40  2.4e-16  2.3e-16
---------- 当前进度: 100 % - 正在组装残差
Memory: 1241/1316 1432/1510
---------- 当前进度: 100 % - 组装矩阵
Memory: 1265/1316 1457/1510
---------- 当前进度: 100 % - 正在组装残差
Memory: 1264/1316 1456/1510
  16         0.1         1.2   0.1202496        0.11   29   16   43  2.4e-16  2.3e-16
---------- 当前进度: 100 % - 组装矩阵
Memory: 1272/1316 1461/1510
---------- 当前进度: 100 % - 矩阵分解
Memory: 1146/1316 1316/1510
---------- 当前进度: 100 % - 正在组装残差
Memory: 1237/1316 1439/1510
  17       0.043         1.2   0.1000000       0.048   31   17   46  2.4e-16  2.3e-16
---------- 当前进度: 100 % - 组装稀疏模式
Memory: 1270/1316 1470/1510
---------- 当前进度: 100 % - 约束处理
Memory: 1305/1317 1515/1519
---------- 当前进度: 100 % - 求解线性方程组
Memory: 1287/1317 1489/1519
  18       0.029         1.2   0.1000000       0.032   33   18   49  2.5e-16  2.4e-16
---------- 当前进度: 100 % - 组装稀疏模式
Memory: 1268/1317 1464/1519
---------- 当前进度: 100 % - 矩阵分解
Memory: 1286/1317 1483/1519
  19       0.022         1.2   0.1000000       0.024   35   19   52  2.5e-16  2.4e-16
---------- 当前进度: 100 % - 组装稀疏模式
Memory: 1263/1317 1455/1519
---------- 当前进度: 100 % - 组装矩阵
Memory: 1298/1317 1491/1519
  20       0.018         1.2   0.1000000        0.02   37   20   55  2.5e-16  2.4e-16
---------- 当前进度: 100 % - 正在组装残差
Memory: 1249/1335 1440/1529
---------- 当前进度: 100 % - 组装矩阵
Memory: 1268/1335 1460/1529
---------- 当前进度: 100 % - 正在组装残差
Memory: 1243/1335 1433/1529
  21       0.015         1.2   0.1000000       0.016   39   21   58  2.5e-16  2.4e-16
---------- 当前进度: 100 % - 组装矩阵
Memory: 1267/1335 1471/1529
---------- 当前进度: 100 % - 矩阵分解
Memory: 1210/1335 1401/1529
---------- 当前进度: 100 % - 正在组装残差
Memory: 1279/1335 1482/1529
  22       0.013         1.2   0.1000000       0.014   41   22   61  2.4e-16  2.3e-16
---------- 当前进度: 100 % - 组装矩阵
Memory: 1276/1335 1477/1529
---------- 当前进度: 100 % - 正在组装残差
Memory: 1259/1335 1458/1529
  23       0.011         1.2   0.1000000       0.012   43   23   64  2.4e-16  2.3e-16
---------- 当前进度: 100 % - 组装稀疏模式
Memory: 1267/1335 1464/1529
---------- 当前进度: 100 % - 约束处理
Memory: 1298/1335 1506/1529
  24      0.0097         1.2   0.1000000       0.011   45   24   67  2.4e-16  2.3e-16
---------- 当前进度: 100 % - 正在组装残差
Memory: 1258/1335 1450/1529
---------- 当前进度: 100 % - 组装矩阵
Memory: 1287/1335 1480/1529
---------- 当前进度: 100 % - 正在组装残差
Memory: 1262/1335 1453/1529
  25      0.0087         1.2   0.1000000      0.0096   47   25   70  2.4e-16  2.3e-16
---------- 当前进度: 100 % - 
Memory: 1121/1335 1274/1529
求解时间：19 s。
物理内存: 1.34 GB
虚拟内存: 1.53 GB
结束时间：2026年7月15日 12:28:09。
----- 研究 1/解 1 (sol1) 中的“稳态求解器 1” --------------------------------------------->

/***************/
/*****错误********/
/***************/
运行 Java 类时出错。
以下特征遇到问题：
 - 特征: 稳态求解器 1 (sol1/s1)
找不到解。
达到最大牛顿迭代次数。
返回的解不收敛。
没有返回所有参数步长。
以下特征遇到问题：
 - 类: Yuan2020Equivalent3D
正在保存模型: F:\Thesis\Thermal\Yuan2020_reproduction_v3\comsol\generated\..\Yuan2020Equivalent3D_Model.mph
保存时间: 1 s.
总时间: 39 s.
