*******************************************
***COMSOL 6.4.0.293 progress output file***
*******************************************
Wed Jul 15 12:33:03 CST 2026
COMSOL Multiphysics 6.4 (开发版本: 293) 在批处理模式下启动
正在运行: F:\Thesis\Thermal\Yuan2020_reproduction_v3\comsol\generated\..\Yuan2020Equivalent3D.class
---------- 当前进度: 100 % - 正在更新选择
Memory: 404/404 434/434
           当前进度:   0 % - 长方体
Memory: 412/412 441/441
           当前进度:   8 % - 长方体 2
Memory: 419/419 446/449
-          当前进度:  17 % - 形成联合体
-          当前进度:  17 % - 执行布尔操作
Memory: 423/423 447/449
---------- 当前进度: 100 % - 正在更新选择
---------- 当前进度: 100 % - 正在创建可视化网格
Memory: 429/429 450/450
           当前进度:   0 % - 自由四面体网格
Memory: 722/722 742/742
顶点单元数：12
           当前进度:   0 % - 调整边界网格
Memory: 762/762 800/800
           当前进度:   1 % - 正在创建边界网格
Memory: 768/768 800/800
边单元数：848
边界单元数：24782
           当前进度:   1 % - 正在创建初始四面体网格
Memory: 770/770 801/801
           当前进度:   2 % - 相关边界
Memory: 775/775 806/806
           当前进度:   3 % - 正在提高单元质量
Memory: 774/781 820/825
单元数：49872
最小单元质量：0.1484
           当前进度:   3 % - 正在定型网格
Memory: 775/781 814/825
           当前进度:   3 % - 生成方程
Memory: 779/783 815/825
<---- 研究 1/解 1 (sol1) 中的“编译方程: 稳态” ---------------------------------------------
开始于 2026年7月15日 12:33:24。
几何形函数: 线性拉格朗日单元
在 Intel64 Family 6 Model 165 Stepping 3, GenuineIntel 上运行。
在以下位置使用 1 个插槽： C201Z 上（共 6 个内核）。
可用内存：16.23 GB。
           当前进度:   4 % - 编译方程: 稳态
Memory: 913/923 944/955
           当前进度:   4 % - 正在创建可视化网格
Memory: 917/923 947/955
时间：3。
物理内存: 923 MB
虚拟内存: 955 MB
结束时间：2026年7月15日 12:33:27。
----- 研究 1/解 1 (sol1) 中的“编译方程: 稳态” -------------------------------------------->
<---- 研究 1/解 1 (sol1) 中的“因变量 1” ------------------------------------------------
开始于 2026年7月15日 12:33:27。
           当前进度:   4 % - 因变量 1
Memory: 906/923 930/955
求解时间：0 s。
物理内存: 919 MB
虚拟内存: 948 MB
结束时间：2026年7月15日 12:33:27。
----- 研究 1/解 1 (sol1) 中的“因变量 1” ----------------------------------------------->
<---- 研究 1/解 1 (sol1) 中的“稳态求解器 1” ----------------------------------------------
开始于 2026年7月15日 12:33:27。
参数化求解器
分离式求解器
求解的自由度数：51002（加上 18151 个内部自由度）。
    
参数 uin = 0.1。
分离式求解器迭代 1。
温度    
           当前进度:   5 % - 组装稀疏模式
Memory: 957/957 983/983
找到对称矩阵。
缩放因变量：
温度 (comp1.T): 2.9e+02
已使用正交零空间函数。
Iter      SolEst     Damping    Stepsize #Res #Jac #Sol   LinErr   LinRes
   1       0.017   0.8000000       0.017    1    1    1  2.7e-16  2.4e-16
速度 u，压力 p
找到非对称矩阵。
缩放因变量：
压力 (comp1.p): 0.052
速度场 (comp1.u): 1
已使用正交零空间函数。
           当前进度:   5 % - 矩阵分解
Memory: 1088/1089 1152/1155
Iter      SolEst     Damping    Stepsize #Res #Jac #Sol   LinErr   LinRes
   1        0.24   0.5000000        0.24    1    1    1  4.6e-16  6.2e-16
分离组的解误差估计
0.014, 0.12
伪时间步进 CFL 比率：
0.17  
           当前进度:   6 % - 正在组装残差
Memory: 1155/1166 1273/1288
分离式求解器迭代 2。
温度    
           当前进度:   6 % - 组装稀疏模式
Memory: 1169/1169 1349/1349
Iter      SolEst     Damping    Stepsize #Res #Jac #Sol   LinErr   LinRes
   1      0.0034   0.8000000      0.0034    2    2    2  2.6e-16  2.3e-16
速度 u，压力 p
缩放因变量：
压力 (comp1.p): 9.4e-08
速度场 (comp1.u): 0.00016
           当前进度:   6 % - 组装矩阵
Memory: 1205/1220 1385/1398
           当前进度:   6 % - 矩阵分解
Memory: 1185/1270 1353/1443
Iter      SolEst     Damping    Stepsize #Res #Jac #Sol   LinErr   LinRes
   1        0.25   0.5000000        0.25    2    2    2  1.8e-15  5.7e-16
分离组的解误差估计
0.0027, 0.12
伪时间步进 CFL 比率：
0.17  
           当前进度:   6 % - 正在组装残差
Memory: 1221/1270 1406/1448
分离式求解器迭代 3。
温度    
Iter      SolEst     Damping    Stepsize #Res #Jac #Sol   LinErr   LinRes
   1     0.00067   0.8000000     0.00067    3    3    3  2.4e-16  2.2e-16
速度 u，压力 p
           当前进度:   6 % - 组装稀疏模式
Memory: 1224/1270 1409/1448
           当前进度:   6 % - 组装矩阵
Memory: 1239/1270 1441/1456
           当前进度:   6 % - 矩阵分解
Memory: 1170/1270 1364/1456
Iter      SolEst     Damping    Stepsize #Res #Jac #Sol   LinErr   LinRes
   1        0.25   0.5000000        0.25    3    3    3  2.8e-16  7.4e-16
分离组的解误差估计
0.00054, 0.12
伪时间步进 CFL 比率：
0.17  
分离式求解器迭代 4。
温度    
Iter      SolEst     Damping    Stepsize #Res #Jac #Sol   LinErr   LinRes
   1     0.00013   0.8000000     0.00013    4    4    4  2.9e-16  2.6e-16
速度 u，压力 p
           当前进度:   6 % - 正在组装残差
Memory: 1217/1270 1416/1456
           当前进度:   6 % - 组装矩阵
Memory: 1243/1270 1440/1462
           当前进度:   6 % - 矩阵分解
Memory: 1173/1275 1380/1473
Iter      SolEst     Damping    Stepsize #Res #Jac #Sol   LinErr   LinRes
   1        0.22   0.5000000        0.22    4    4    4  3.3e-16  1.1e-15
分离组的解误差估计
0.00011, 0.11
伪时间步进 CFL 比率：
0.18  
分离式求解器迭代 5。
温度    
Iter      SolEst     Damping    Stepsize #Res #Jac #Sol   LinErr   LinRes
   1     2.7e-05   0.8000000     2.7e-05    5    5    5  2.6e-16  2.3e-16
速度 u，压力 p
           当前进度:   6 % - 正在组装残差
Memory: 1229/1275 1434/1473
           当前进度:   6 % - 组装矩阵
Memory: 1265/1275 1471/1473
           当前进度:   6 % - 矩阵分解
Memory: 1256/1275 1466/1480
Iter      SolEst     Damping    Stepsize #Res #Jac #Sol   LinErr   LinRes
   1        0.23   0.5000000        0.23    5    5    5  4.2e-16  1.7e-15
分离组的解误差估计
2.2e-05, 0.12
伪时间步进 CFL 比率：
0.19  
分离式求解器迭代 6。
温度    
Iter      SolEst     Damping    Stepsize #Res #Jac #Sol   LinErr   LinRes
   1     5.4e-06   0.8000000     5.4e-06    6    6    6  2.4e-16  2.1e-16
速度 u，压力 p
           当前进度:   6 % - 组装矩阵
Memory: 1253/1275 1458/1480
           当前进度:   6 % - 矩阵分解
Memory: 1189/1290 1394/1496
Iter      SolEst     Damping    Stepsize #Res #Jac #Sol   LinErr   LinRes
   1        0.22   0.5000000        0.22    6    6    6  3.9e-16    2e-15
分离组的解误差估计
4.3e-06, 0.11
伪时间步进 CFL 比率：
0.19  
分离式求解器迭代 7。
温度    
           当前进度:   6 % - 
Memory: 1239/1290 1448/1496
Iter      SolEst     Damping    Stepsize #Res #Jac #Sol   LinErr   LinRes
   1     1.1e-06   0.8000000     1.1e-06    7    7    7  2.7e-16  2.4e-16
速度 u，压力 p
           当前进度:   6 % - 组装矩阵
Memory: 1264/1290 1474/1496
Iter      SolEst     Damping    Stepsize #Res #Jac #Sol   LinErr   LinRes
           当前进度:   6 % - 求解线性方程组
Memory: 1259/1290 1474/1496
   1        0.21   0.5000000        0.21    7    7    7  1.3e-15  2.3e-15
分离组的解误差估计
8.6e-07, 0.11
伪时间步进 CFL 比率：
0.2   
分离式求解器迭代 8。
温度    
Iter      SolEst     Damping    Stepsize #Res #Jac #Sol   LinErr   LinRes
   1     2.2e-07   0.8000000     2.2e-07    8    8    8  2.8e-16  2.4e-16
速度 u，压力 p
           当前进度:   6 % - 组装矩阵
Memory: 1252/1290 1466/1496
           当前进度:   6 % - 矩阵分解
Memory: 1181/1290 1378/1504
Iter      SolEst     Damping    Stepsize #Res #Jac #Sol   LinErr   LinRes
   1        0.21   0.5000000        0.21    8    8    8  5.9e-16  2.6e-15
分离组的解误差估计
1.7e-07, 0.11
伪时间步进 CFL 比率：
0.2   
分离式求解器迭代 9。
温度    
Iter      SolEst     Damping    Stepsize #Res #Jac #Sol   LinErr   LinRes
   1     4.3e-08   0.8000000     4.3e-08    9    9    9  2.4e-16  2.1e-16
速度 u，压力 p
           当前进度:   6 % - 正在组装残差
Memory: 1241/1290 1455/1504
           当前进度:   6 % - 组装矩阵
Memory: 1257/1290 1471/1504
           当前进度:   6 % - 矩阵分解
Memory: 1249/1290 1482/1504
Iter      SolEst     Damping    Stepsize #Res #Jac #Sol   LinErr   LinRes
   1        0.22   0.5000000        0.22    9    9    9  6.6e-16  2.9e-15
分离组的解误差估计
3.4e-08, 0.11
伪时间步进 CFL 比率：
0.2   
分离式求解器迭代 10。
温度    
Iter      SolEst     Damping    Stepsize #Res #Jac #Sol   LinErr   LinRes
   1     8.6e-09   0.8000000     8.6e-09   10   10   10  2.7e-16  2.4e-16
速度 u，压力 p
           当前进度:   7 % - 组装矩阵
Memory: 1258/1290 1476/1504
           当前进度:   7 % - 矩阵分解
Memory: 1201/1292 1408/1511
Iter      SolEst     Damping    Stepsize #Res #Jac #Sol   LinErr   LinRes
   1        0.21   0.5000000        0.21   10   10   10  8.6e-16  2.7e-15
分离组的解误差估计
6.9e-09, 0.11
伪时间步进 CFL 比率：
0.21  
分离式求解器迭代 11。
温度    
Iter      SolEst     Damping    Stepsize #Res #Jac #Sol   LinErr   LinRes
   1     1.7e-09   0.8000000     1.7e-09   11   11   11  2.8e-16  2.5e-16
速度 u，压力 p
           当前进度:   7 % - 约束处理
Memory: 1248/1292 1472/1511
           当前进度:   7 % - 矩阵分解
Memory: 1203/1292 1473/1511
Iter      SolEst     Damping    Stepsize #Res #Jac #Sol   LinErr   LinRes
   1        0.21   0.5000000        0.21   11   11   11  7.9e-16  2.7e-15
分离组的解误差估计
1.4e-09, 0.1
伪时间步进 CFL 比率：
0.21  
分离式求解器迭代 12。
温度    
Iter      SolEst     Damping    Stepsize #Res #Jac #Sol   LinErr   LinRes
   1     3.4e-10   0.8000000     3.4e-10   12   12   12  2.3e-16  2.1e-16
速度 u，压力 p
           当前进度:   7 % - 组装矩阵
Memory: 1245/1292 1465/1511
           当前进度:   7 % - 矩阵分解
Memory: 1269/1292 1490/1511
Iter      SolEst     Damping    Stepsize #Res #Jac #Sol   LinErr   LinRes
           当前进度:   7 % - 求解线性方程组
Memory: 1269/1292 1489/1511
   1        0.21   0.5000000        0.21   12   12   12  6.1e-16  2.7e-15
分离组的解误差估计
2.8e-10, 0.11
伪时间步进 CFL 比率：
0.22  
分离式求解器迭代 13。
温度    
Iter      SolEst     Damping    Stepsize #Res #Jac #Sol   LinErr   LinRes
   1     6.9e-11   0.8000000     6.9e-11   13   13   13  2.6e-16  2.3e-16
速度 u，压力 p
           当前进度:   7 % - 组装矩阵
Memory: 1245/1292 1464/1511
           当前进度:   7 % - 矩阵分解
Memory: 1165/1292 1368/1511
Iter      SolEst     Damping    Stepsize #Res #Jac #Sol   LinErr   LinRes
   1        0.21   0.5000000        0.21   13   13   13  9.9e-16  2.9e-15
分离组的解误差估计
5.5e-11, 0.1
伪时间步进 CFL 比率：
0.22  
分离式求解器迭代 14。
温度    
Iter      SolEst     Damping    Stepsize #Res #Jac #Sol   LinErr   LinRes
   1     1.4e-11   0.8000000     1.4e-11   14   14   14  2.8e-16  2.5e-16
速度 u，压力 p
           当前进度:   7 % - 正在组装残差
Memory: 1226/1292 1453/1511
           当前进度:   7 % - 组装矩阵
Memory: 1242/1292 1469/1511
           当前进度:   7 % - 矩阵分解
Memory: 1252/1292 1494/1511
Iter      SolEst     Damping    Stepsize #Res #Jac #Sol   LinErr   LinRes
   1        0.21   0.5000000        0.21   14   14   14  7.4e-16    3e-15
分离组的解误差估计
1.1e-11, 0.11
伪时间步进 CFL 比率：
0.22  
分离式求解器迭代 15。
温度    
Iter      SolEst     Damping    Stepsize #Res #Jac #Sol   LinErr   LinRes
   1     2.8e-12   0.8000000     2.8e-12   15   15   15  2.4e-16  2.1e-16
速度 u，压力 p
           当前进度:   7 % - 组装矩阵
Memory: 1242/1292 1469/1511
           当前进度:   7 % - 矩阵分解
Memory: 1154/1292 1365/1511
Iter      SolEst     Damping    Stepsize #Res #Jac #Sol   LinErr   LinRes
   1         0.2   0.5000000         0.2   15   15   15  1.5e-15  3.2e-15
分离组的解误差估计
2.2e-12, 0.1
伪时间步进 CFL 比率：
0.22  
分离式求解器迭代 16。
温度    
Iter      SolEst     Damping    Stepsize #Res #Jac #Sol   LinErr   LinRes
   1     5.5e-13   0.8000000     5.5e-13   16   16   16  2.7e-16  2.4e-16
速度 u，压力 p
           当前进度:   7 % - 
Memory: 1227/1292 1455/1511
           当前进度:   7 % - 矩阵分解
Memory: 1184/1292 1396/1511
Iter      SolEst     Damping    Stepsize #Res #Jac #Sol   LinErr   LinRes
   1        0.21   0.5000000        0.21   16   16   16  6.5e-16  3.3e-15
分离组的解误差估计
4.4e-13, 0.11
伪时间步进 CFL 比率：
0.23  
分离式求解器迭代 17。
温度    
           当前进度:   7 % - 正在组装残差
Memory: 1230/1292 1456/1511
Iter      SolEst     Damping    Stepsize #Res #Jac #Sol   LinErr   LinRes
   1     1.1e-13   0.8000000     1.1e-13   17   17   17  2.8e-16  2.5e-16
速度 u，压力 p
           当前进度:   7 % - 组装矩阵
Memory: 1257/1292 1485/1511
Iter      SolEst     Damping    Stepsize #Res #Jac #Sol   LinErr   LinRes
           当前进度:   7 % - 求解线性方程组
Memory: 1255/1292 1481/1511
   1        0.21   0.5000000        0.21   17   17   17  1.1e-15  3.2e-15
分离组的解误差估计
8.8e-14, 0.1
伪时间步进 CFL 比率：
0.23  
分离式求解器迭代 18。
温度    
Iter      SolEst     Damping    Stepsize #Res #Jac #Sol   LinErr   LinRes
   1     2.2e-14   0.8000000     2.2e-14   18   18   18  2.4e-16  2.1e-16
速度 u，压力 p
           当前进度:   7 % - 组装矩阵
Memory: 1246/1292 1468/1511
           当前进度:   7 % - 矩阵分解
Memory: 1189/1292 1396/1511
Iter      SolEst     Damping    Stepsize #Res #Jac #Sol   LinErr   LinRes
   1        0.21   0.5000000        0.21   18   18   18  1.1e-15  3.8e-15
分离组的解误差估计
1.8e-14, 0.11
伪时间步进 CFL 比率：
0.24  
分离式求解器迭代 19。
温度    
Iter      SolEst     Damping    Stepsize #Res #Jac #Sol   LinErr   LinRes
   1     4.3e-15   0.8000000     4.3e-15   19   19   19  2.6e-16  2.3e-16
速度 u，压力 p
           当前进度:   7 % - 正在组装残差
Memory: 1232/1292 1454/1511
           当前进度:   7 % - 
Memory: 1258/1292 1480/1511
           当前进度:   7 % - 矩阵分解
Memory: 1255/1292 1478/1511
Iter      SolEst     Damping    Stepsize #Res #Jac #Sol   LinErr   LinRes
   1         0.2   0.5000000         0.2   19   19   19  8.9e-16  3.2e-15
分离组的解误差估计
3.5e-15, 0.1
伪时间步进 CFL 比率：
0.24  
分离式求解器迭代 20。
温度    
Iter      SolEst     Damping    Stepsize #Res #Jac #Sol   LinErr   LinRes
   1     9.5e-16   0.8000000     9.5e-16   20   20   20  2.9e-16  2.6e-16
速度 u，压力 p
           当前进度:   7 % - 组装矩阵
Memory: 1247/1292 1469/1511
           当前进度:   7 % - 矩阵分解
Memory: 1199/1292 1409/1511
Iter      SolEst     Damping    Stepsize #Res #Jac #Sol   LinErr   LinRes
   1        0.21   0.5000000        0.21   20   20   20  6.3e-16  3.3e-15
分离组的解误差估计
7.6e-16, 0.11
伪时间步进 CFL 比率：
0.25  
分离式求解器迭代 21。
温度    
           当前进度:   7 % - 组装矩阵
Memory: 1234/1292 1456/1511
Iter      SolEst     Damping    Stepsize #Res #Jac #Sol   LinErr   LinRes
   1     2.3e-16   0.8000000     2.3e-16   21   21   21  2.6e-16  2.4e-16
速度 u，压力 p
           当前进度:   7 % - 矩阵分解
Memory: 1248/1292 1480/1511
Iter      SolEst     Damping    Stepsize #Res #Jac #Sol   LinErr   LinRes
   1        0.21   0.5000000        0.21   21   21   21  7.2e-16  3.4e-15
分离组的解误差估计
1.9e-16, 0.1
伪时间步进 CFL 比率：
0.25  
分离式求解器迭代 22。
温度    
Iter      SolEst     Damping    Stepsize #Res #Jac #Sol   LinErr   LinRes
   1     2.6e-17   0.8000000     2.6e-17   22   22   22  2.5e-16  2.3e-16
速度 u，压力 p
           当前进度:   7 % - 组装矩阵
Memory: 1248/1292 1467/1511
           当前进度:   7 % - 矩阵分解
Memory: 1205/1292 1422/1511
Iter      SolEst     Damping    Stepsize #Res #Jac #Sol   LinErr   LinRes
   1        0.21   0.5000000        0.21   22   22   22  1.2e-15  3.4e-15
分离组的解误差估计
2.1e-17, 0.1
伪时间步进 CFL 比率：
0.25  
分离式求解器迭代 23。
温度    
Iter      SolEst     Damping    Stepsize #Res #Jac #Sol   LinErr   LinRes
   1     4.8e-18   0.8000000     4.8e-18   23   23   23  2.5e-16  2.5e-16
速度 u，压力 p
           当前进度:   7 % - 组装矩阵
Memory: 1249/1292 1467/1511
           当前进度:   7 % - 矩阵分解
Memory: 1184/1292 1389/1511
Iter      SolEst     Damping    Stepsize #Res #Jac #Sol   LinErr   LinRes
   1        0.21   0.5000000        0.21   23   23   23  6.8e-16  3.8e-15
分离组的解误差估计
3.8e-18, 0.11
伪时间步进 CFL 比率：
0.25  
分离式求解器迭代 24。
温度    
Iter      SolEst     Damping    Stepsize #Res #Jac #Sol   LinErr   LinRes
   1           0   0.8000000           0   24   24   24  2.4e-16  2.3e-16
速度 u，压力 p
           当前进度:   7 % - 正在组装残差
Memory: 1235/1292 1452/1511
           当前进度:   7 % - 约束处理
Memory: 1275/1292 1494/1511
Iter      SolEst     Damping    Stepsize #Res #Jac #Sol   LinErr   LinRes
   1        0.21   0.5000000        0.21   24   24   24  1.1e-15  4.3e-15
分离组的解误差估计
0, 0.1
伪时间步进 CFL 比率：
0.26  
           当前进度:   7 % - 正在组装残差
Memory: 1250/1292 1468/1511
分离式求解器迭代 25。
温度    
Iter      SolEst     Damping    Stepsize #Res #Jac #Sol   LinErr   LinRes
   1           0   0.8000000           0   25   25   25  2.4e-16  2.3e-16
速度 u，压力 p
           当前进度:   7 % - 组装矩阵
           当前进度:   7 % - 矩阵分解
Memory: 1179/1292 1407/1511
Iter      SolEst     Damping    Stepsize #Res #Jac #Sol   LinErr   LinRes
   1        0.21   0.5000000        0.21   25   25   25  1.4e-15  3.6e-15
分离组的解误差估计
0, 0.11
伪时间步进 CFL 比率：
0.26  
分离式求解器迭代 26。
温度    
Iter      SolEst     Damping    Stepsize #Res #Jac #Sol   LinErr   LinRes
   1           0   0.8000000           0   26   26   26  2.4e-16  2.3e-16
速度 u，压力 p
           当前进度:   7 % - 组装矩阵
Memory: 1252/1292 1470/1511
           当前进度:   7 % - 矩阵分解
Memory: 1193/1292 1400/1511
Iter      SolEst     Damping    Stepsize #Res #Jac #Sol   LinErr   LinRes
   1        0.21   0.5000000        0.21   26   26   26    9e-16    4e-15
分离组的解误差估计
0, 0.11
伪时间步进 CFL 比率：
0.26  
分离式求解器迭代 27。
温度    
Iter      SolEst     Damping    Stepsize #Res #Jac #Sol   LinErr   LinRes
   1           0   0.8000000           0   27   27   27  2.4e-16  2.3e-16
速度 u，压力 p
           当前进度:   7 % - 正在组装残差
Memory: 1235/1292 1449/1511
           当前进度:   7 % - 矩阵分解
Memory: 1181/1292 1402/1511
Iter      SolEst     Damping    Stepsize #Res #Jac #Sol   LinErr   LinRes
   1        0.22   0.5000000        0.22   27   27   27    1e-15  3.7e-15
分离组的解误差估计
0, 0.11
伪时间步进 CFL 比率：
0.27  
           当前进度:   7 % - 正在组装残差
Memory: 1235/1292 1464/1511
分离式求解器迭代 28。
温度    
Iter      SolEst     Damping    Stepsize #Res #Jac #Sol   LinErr   LinRes
   1           0   0.8000000           0   28   28   28  2.5e-16  2.4e-16
速度 u，压力 p
           当前进度:   7 % - 组装矩阵
Memory: 1250/1292 1480/1511
           当前进度:   7 % - 矩阵分解
Memory: 1207/1292 1437/1519
Iter      SolEst     Damping    Stepsize #Res #Jac #Sol   LinErr   LinRes
   1        0.21   0.5000000        0.21   28   28   28  1.6e-15  4.4e-15
分离组的解误差估计
0, 0.1
伪时间步进 CFL 比率：
0.27  
分离式求解器迭代 29。
温度    
Iter      SolEst     Damping    Stepsize #Res #Jac #Sol   LinErr   LinRes
   1           0   0.8000000           0   29   29   29  2.4e-16  2.4e-16
速度 u，压力 p
           当前进度:   7 % - 组装矩阵
Memory: 1252/1292 1483/1519
           当前进度:   7 % - 矩阵分解
Memory: 1177/1292 1391/1519
Iter      SolEst     Damping    Stepsize #Res #Jac #Sol   LinErr   LinRes
   1        0.22   0.5000000        0.22   29   29   29  1.1e-15  4.1e-15
分离组的解误差估计
0, 0.11
伪时间步进 CFL 比率：
0.28  
分离式求解器迭代 30。
温度    
Iter      SolEst     Damping    Stepsize #Res #Jac #Sol   LinErr   LinRes
   1           0   0.8000000           0   30   30   30  2.3e-16  2.3e-16
速度 u，压力 p
           当前进度:   7 % - 正在组装残差
Memory: 1237/1292 1467/1519
           当前进度:   7 % - 矩阵分解
Memory: 1187/1292 1406/1521
Iter      SolEst     Damping    Stepsize #Res #Jac #Sol   LinErr   LinRes
   1        0.21   0.5000000        0.21   30   30   30  9.4e-16    4e-15
分离组的解误差估计
0, 0.11
伪时间步进 CFL 比率：
0.27  
分离式求解器迭代 31。
温度    
           当前进度:   7 % - 组装矩阵
Memory: 1239/1292 1469/1521
Iter      SolEst     Damping    Stepsize #Res #Jac #Sol   LinErr   LinRes
   1           0   0.8000000           0   31   31   31  2.4e-16  2.3e-16
速度 u，压力 p
           当前进度:   7 % - 矩阵分解
Memory: 1253/1292 1493/1521
Iter      SolEst     Damping    Stepsize #Res #Jac #Sol   LinErr   LinRes
   1        0.22   0.5000000        0.22   31   31   31  8.2e-16  4.5e-15
分离组的解误差估计
0, 0.11
伪时间步进 CFL 比率：
0.28  
分离式求解器迭代 32。
温度    
Iter      SolEst     Damping    Stepsize #Res #Jac #Sol   LinErr   LinRes
   1           0   0.8000000           0   32   32   32  2.4e-16  2.3e-16
速度 u，压力 p
           当前进度:   7 % - 组装矩阵
Memory: 1253/1292 1483/1521
           当前进度:   7 % - 矩阵分解
Memory: 1193/1292 1407/1522
Iter      SolEst     Damping    Stepsize #Res #Jac #Sol   LinErr   LinRes
   1        0.21   0.5000000        0.21   32   32   32  1.3e-15  4.8e-15
分离组的解误差估计
0, 0.11
伪时间步进 CFL 比率：
0.28  
分离式求解器迭代 33。
温度    
Iter      SolEst     Damping    Stepsize #Res #Jac #Sol   LinErr   LinRes
   1           0   0.8000000           0   33   33   33  2.5e-16  2.4e-16
速度 u，压力 p
           当前进度:   7 % - 正在组装残差
Memory: 1238/1292 1467/1522
           当前进度:   7 % - 矩阵分解
Memory: 1172/1292 1392/1522
Iter      SolEst     Damping    Stepsize #Res #Jac #Sol   LinErr   LinRes
   1        0.23   0.5000000        0.23   33   33   33  1.1e-15  4.8e-15
分离组的解误差估计
0, 0.11
伪时间步进 CFL 比率：
0.29  
分离式求解器迭代 34。
温度    
Iter      SolEst     Damping    Stepsize #Res #Jac #Sol   LinErr   LinRes
           当前进度:   7 % - 
Memory: 1238/1292 1469/1522
   1           0   0.8000000           0   34   34   34  2.5e-16  2.4e-16
速度 u，压力 p
Iter      SolEst     Damping    Stepsize #Res #Jac #Sol   LinErr   LinRes
   1        0.21   0.5000000        0.21   34   34   34  1.3e-15  4.5e-15
分离组的解误差估计
0, 0.11
伪时间步进 CFL 比率：
0.29  
           当前进度:   7 % - 正在组装残差
Memory: 1238/1292 1464/1522
分离式求解器迭代 35。
温度    
Iter      SolEst     Damping    Stepsize #Res #Jac #Sol   LinErr   LinRes
   1           0   0.8000000           0   35   35   35  2.5e-16  2.4e-16
速度 u，压力 p
           当前进度:   7 % - 组装矩阵
Memory: 1254/1292 1480/1522
           当前进度:   7 % - 矩阵分解
Memory: 1259/1292 1492/1522
Iter      SolEst     Damping    Stepsize #Res #Jac #Sol   LinErr   LinRes
   1        0.23   0.5000000        0.23   35   35   35  1.1e-15  4.7e-15
分离组的解误差估计
0, 0.11
伪时间步进 CFL 比率：
0.29  
分离式求解器迭代 36。
温度    
Iter      SolEst     Damping    Stepsize #Res #Jac #Sol   LinErr   LinRes
   1           0   0.8000000           0   36   36   36  2.3e-16  2.3e-16
速度 u，压力 p
           当前进度:   7 % - 组装矩阵
Memory: 1256/1292 1481/1522
           当前进度:   7 % - 约束处理
Memory: 1293/1297 1521/1524
Iter      SolEst     Damping    Stepsize #Res #Jac #Sol   LinErr   LinRes
           当前进度:   7 % - 求解线性方程组
Memory: 1269/1297 1494/1524
   1        0.22   0.5000000        0.22   36   36   36  6.9e-16  4.5e-15
分离组的解误差估计
0, 0.11
伪时间步进 CFL 比率：
0.29  
分离式求解器迭代 37。
温度    
Iter      SolEst     Damping    Stepsize #Res #Jac #Sol   LinErr   LinRes
   1           0   0.8000000           0   37   37   37  2.4e-16  2.4e-16
速度 u，压力 p
           当前进度:   7 % - 组装矩阵
Memory: 1256/1297 1481/1524
           当前进度:   7 % - 矩阵分解
Memory: 1183/1297 1392/1524
Iter      SolEst     Damping    Stepsize #Res #Jac #Sol   LinErr   LinRes
   1        0.22   0.5000000        0.22   37   37   37  1.1e-15  4.9e-15
分离组的解误差估计
0, 0.11
伪时间步进 CFL 比率：
0.3   
分离式求解器迭代 38。
温度    
Iter      SolEst     Damping    Stepsize #Res #Jac #Sol   LinErr   LinRes
   1           0   0.8000000           0   38   38   38  2.4e-16  2.3e-16
速度 u，压力 p
           当前进度:   7 % - 正在组装残差
Memory: 1240/1297 1466/1524
           当前进度:   7 % - 矩阵分解
Memory: 1184/1297 1394/1524
Iter      SolEst     Damping    Stepsize #Res #Jac #Sol   LinErr   LinRes
   1        0.22   0.5000000        0.22   38   38   38  1.6e-15  5.4e-15
分离组的解误差估计
0, 0.11
伪时间步进 CFL 比率：
0.3   
分离式求解器迭代 39。
温度    
           当前进度:   7 % - 
Memory: 1241/1297 1467/1524
Iter      SolEst     Damping    Stepsize #Res #Jac #Sol   LinErr   LinRes
   1           0   0.8000000           0   39   39   39  2.4e-16  2.3e-16
速度 u，压力 p
缩放因变量：
压力 (comp1.p): 3e-07
速度场 (comp1.u): 0.016
           当前进度:   7 % - 组装矩阵
Memory: 1256/1297 1481/1524
           当前进度:   7 % - 矩阵分解
Memory: 1194/1297 1418/1524
Iter      SolEst     Damping    Stepsize #Res #Jac #Sol   LinErr   LinRes
   1        0.23   0.5000000        0.23   39   39   39  2.3e-15  5.7e-15
分离组的解误差估计
0, 0.12
伪时间步进 CFL 比率：
0.31  
分离式求解器迭代 40。
温度    
Iter      SolEst     Damping    Stepsize #Res #Jac #Sol   LinErr   LinRes
   1           0   0.8000000           0   40   40   40  2.4e-16  2.3e-16
速度 u，压力 p
           当前进度:   7 % - 组装矩阵
Memory: 1257/1297 1482/1524
           当前进度:   7 % - 矩阵分解
Memory: 1194/1298 1402/1524
Iter      SolEst     Damping    Stepsize #Res #Jac #Sol   LinErr   LinRes
   1        0.22   0.5000000        0.22   40   40   40  1.1e-15    5e-15
分离组的解误差估计
0, 0.11
伪时间步进 CFL 比率：
0.3   
分离式求解器迭代 41。
温度    
           当前进度:   7 % - 正在组装残差
Memory: 1241/1298 1466/1524
Iter      SolEst     Damping    Stepsize #Res #Jac #Sol   LinErr   LinRes
   1           0   0.8000000           0   41   41   41  2.4e-16  2.4e-16
速度 u，压力 p
           当前进度:   7 % - 组装矩阵
Memory: 1257/1298 1483/1524
           当前进度:   7 % - 矩阵分解
Memory: 1190/1298 1426/1524
Iter      SolEst     Damping    Stepsize #Res #Jac #Sol   LinErr   LinRes
   1        0.23   0.5000000        0.23   41   41   41    2e-15  5.6e-15
分离组的解误差估计
0, 0.11
伪时间步进 CFL 比率：
0.31  
分离式求解器迭代 42。
温度    
Iter      SolEst     Damping    Stepsize #Res #Jac #Sol   LinErr   LinRes
   1           0   0.8000000           0   42   42   42  2.4e-16  2.4e-16
速度 u，压力 p
           当前进度:   7 % - 组装矩阵
Memory: 1257/1298 1482/1524
           当前进度:   7 % - 矩阵分解
Memory: 1183/1298 1390/1524
Iter      SolEst     Damping    Stepsize #Res #Jac #Sol   LinErr   LinRes
   1        0.23   0.5000000        0.23   42   42   42    2e-15  5.6e-15
分离组的解误差估计
0, 0.11
伪时间步进 CFL 比率：
0.31  
分离式求解器迭代 43。
温度    
Iter      SolEst     Damping    Stepsize #Res #Jac #Sol   LinErr   LinRes
   1           0   0.8000000           0   43   43   43  2.4e-16  2.3e-16
速度 u，压力 p
           当前进度:   7 % - 正在组装残差
Memory: 1241/1298 1463/1524
           当前进度:   7 % - 组装矩阵
Memory: 1257/1298 1479/1524
           当前进度:   7 % - 矩阵分解
Memory: 1241/1298 1494/1524
Iter      SolEst     Damping    Stepsize #Res #Jac #Sol   LinErr   LinRes
   1        0.23   0.5000000        0.23   43   43   43  9.2e-16  5.5e-15
分离组的解误差估计
0, 0.12
伪时间步进 CFL 比率：
0.31  
分离式求解器迭代 44。
温度    
Iter      SolEst     Damping    Stepsize #Res #Jac #Sol   LinErr   LinRes
   1           0   0.8000000           0   44   44   44  2.5e-16  2.4e-16
速度 u，压力 p
           当前进度:   7 % - 组装矩阵
Memory: 1258/1298 1480/1524
           当前进度:   7 % - 矩阵分解
Memory: 1201/1299 1412/1524
Iter      SolEst     Damping    Stepsize #Res #Jac #Sol   LinErr   LinRes
   1        0.23   0.5000000        0.23   44   44   44  9.4e-16  5.4e-15
分离组的解误差估计
0, 0.12
伪时间步进 CFL 比率：
0.31  
分离式求解器迭代 45。
温度    
Iter      SolEst     Damping    Stepsize #Res #Jac #Sol   LinErr   LinRes
           当前进度:   7 % - 求解线性方程组
Memory: 1242/1299 1463/1524
   1           0   0.8000000           0   45   45   45  2.5e-16  2.4e-16
速度 u，压力 p
           当前进度:   7 % - 组装矩阵
Memory: 1258/1299 1479/1524
Iter      SolEst     Damping    Stepsize #Res #Jac #Sol   LinErr   LinRes
   1        0.24   0.5000000        0.24   45   45   45  1.9e-15  5.7e-15
分离组的解误差估计
0, 0.12
伪时间步进 CFL 比率：
0.32  
           当前进度:   7 % - 正在组装残差
Memory: 1249/1299 1471/1524
分离式求解器迭代 46。
温度    
Iter      SolEst     Damping    Stepsize #Res #Jac #Sol   LinErr   LinRes
   1           0   0.8000000           0   46   46   46  2.5e-16  2.4e-16
速度 u，压力 p
           当前进度:   7 % - 组装矩阵
Memory: 1265/1299 1487/1524
Iter      SolEst     Damping    Stepsize #Res #Jac #Sol   LinErr   LinRes
           当前进度:   7 % - 求解线性方程组
Memory: 1294/1306 1517/1529
   1        0.24   0.5000000        0.24   46   46   46  9.9e-16  5.1e-15
分离组的解误差估计
0, 0.12
伪时间步进 CFL 比率：
0.32  
分离式求解器迭代 47。
温度    
Iter      SolEst     Damping    Stepsize #Res #Jac #Sol   LinErr   LinRes
   1           0   0.8000000           0   47   47   47  2.5e-16  2.4e-16
速度 u，压力 p
           当前进度:   7 % - 组装矩阵
Memory: 1264/1306 1486/1529
           当前进度:   7 % - 矩阵分解
Memory: 1190/1306 1417/1529
Iter      SolEst     Damping    Stepsize #Res #Jac #Sol   LinErr   LinRes
   1        0.23   0.5000000        0.23   47   47   47  8.9e-16  5.7e-15
分离组的解误差估计
0, 0.12
伪时间步进 CFL 比率：
0.32  
分离式求解器迭代 48。
温度    
Iter      SolEst     Damping    Stepsize #Res #Jac #Sol   LinErr   LinRes
   1           0   0.8000000           0   48   48   48  2.4e-16  2.3e-16
速度 u，压力 p
           当前进度:   7 % - 组装矩阵
Memory: 1250/1306 1474/1529
           当前进度:   7 % - 矩阵分解
Memory: 1191/1306 1400/1529
Iter      SolEst     Damping    Stepsize #Res #Jac #Sol   LinErr   LinRes
   1        0.24   0.5000000        0.24   48   48   48  1.1e-15  6.8e-15
分离组的解误差估计
0, 0.12
伪时间步进 CFL 比率：
0.33  
分离式求解器迭代 49。
温度    
Iter      SolEst     Damping    Stepsize #Res #Jac #Sol   LinErr   LinRes
   1           0   0.8000000           0   49   49   49  2.4e-16  2.3e-16
速度 u，压力 p
           当前进度:   7 % - 正在组装残差
Memory: 1238/1306 1460/1529
           当前进度:   7 % - 矩阵分解
Memory: 1172/1306 1397/1529
Iter      SolEst     Damping    Stepsize #Res #Jac #Sol   LinErr   LinRes
   1        0.27   0.5000000        0.27   49   49   49  1.1e-15    7e-15
分离组的解误差估计
0, 0.13
伪时间步进 CFL 比率：
0.33  
分离式求解器迭代 50。
温度    
           当前进度:   7 % - 组装矩阵
Memory: 1239/1306 1461/1529
Iter      SolEst     Damping    Stepsize #Res #Jac #Sol   LinErr   LinRes
   1           0   0.8000000           0   50   50   50  2.5e-16  2.4e-16
速度 u，压力 p
Iter      SolEst     Damping    Stepsize #Res #Jac #Sol   LinErr   LinRes
           当前进度:   7 % - 求解线性方程组
Memory: 1263/1306 1486/1529
   1        0.24   0.5000000        0.24   50   50   50  1.3e-15  5.7e-15
分离组的解误差估计
0, 0.12
伪时间步进 CFL 比率：
0.32  
分离式求解器迭代 51。
温度    
Iter      SolEst     Damping    Stepsize #Res #Jac #Sol   LinErr   LinRes
   1           0   0.8000000           0   51   51   51  2.4e-16  2.3e-16
速度 u，压力 p
           当前进度:   7 % - 组装矩阵
Memory: 1250/1306 1473/1529
           当前进度:   7 % - 约束处理
Memory: 1266/1306 1489/1529
Iter      SolEst     Damping    Stepsize #Res #Jac #Sol   LinErr   LinRes
   1        0.24   0.5000000        0.24   51   51   51  1.3e-15  6.7e-15
分离组的解误差估计
0, 0.12
伪时间步进 CFL 比率：
0.33  
           当前进度:   7 % - 正在组装残差
Memory: 1236/1306 1459/1529
分离式求解器迭代 52。
温度    
Iter      SolEst     Damping    Stepsize #Res #Jac #Sol   LinErr   LinRes
   1           0   0.8000000           0   52   52   52  2.4e-16  2.3e-16
速度 u，压力 p
           当前进度:   7 % - 组装矩阵
Memory: 1252/1306 1471/1529
           当前进度:   7 % - 矩阵分解
Memory: 1213/1306 1431/1529
Iter      SolEst     Damping    Stepsize #Res #Jac #Sol   LinErr   LinRes
   1        0.27   0.5000000        0.27   52   52   52  2.2e-15  6.1e-15
分离组的解误差估计
0, 0.13
伪时间步进 CFL 比率：
0.33  
分离式求解器迭代 53。
温度    
Iter      SolEst     Damping    Stepsize #Res #Jac #Sol   LinErr   LinRes
   1           0   0.8000000           0   53   53   53  2.4e-16  2.3e-16
速度 u，压力 p
           当前进度:   7 % - 正在组装残差
Memory: 1236/1306 1455/1529
           当前进度:   7 % - 组装矩阵
Memory: 1252/1306 1471/1529
           当前进度:   7 % - 矩阵分解
Memory: 1190/1306 1407/1529
Iter      SolEst     Damping    Stepsize #Res #Jac #Sol   LinErr   LinRes
   1        0.24   0.5000000        0.24   53   53   53  1.1e-15  5.5e-15
分离组的解误差估计
0, 0.12
伪时间步进 CFL 比率：
0.33  
分离式求解器迭代 54。
温度    
Iter      SolEst     Damping    Stepsize #Res #Jac #Sol   LinErr   LinRes
   1           0   0.8000000           0   54   54   54  2.4e-16  2.4e-16
速度 u，压力 p
           当前进度:   7 % - 正在组装残差
Memory: 1235/1306 1455/1529
           当前进度:   7 % - 组装矩阵
Memory: 1261/1306 1481/1529
           当前进度:   7 % - 矩阵分解
Memory: 1183/1306 1413/1529
Iter      SolEst     Damping    Stepsize #Res #Jac #Sol   LinErr   LinRes
   1        0.29   0.5000000        0.29   54   54   54  1.7e-15    7e-15
分离组的解误差估计
0, 0.15
伪时间步进 CFL 比率：
0.34  
分离式求解器迭代 55。
温度    
Iter      SolEst     Damping    Stepsize #Res #Jac #Sol   LinErr   LinRes
   1           0   0.8000000           0   55   55   55  2.4e-16  2.3e-16
速度 u，压力 p
           当前进度:   7 % - 组装矩阵
Memory: 1276/1306 1497/1529
           当前进度:   7 % - 矩阵分解
Memory: 1166/1306 1357/1529
Iter      SolEst     Damping    Stepsize #Res #Jac #Sol   LinErr   LinRes
   1        0.25   0.5000000        0.25   55   55   55  1.1e-15  6.1e-15
分离组的解误差估计
0, 0.12
伪时间步进 CFL 比率：
0.33  
分离式求解器迭代 56。
温度    
           当前进度:   7 % - 组装矩阵
Memory: 1270/1306 1489/1529
Iter      SolEst     Damping    Stepsize #Res #Jac #Sol   LinErr   LinRes
   1           0   0.8000000           0   56   56   56  2.5e-16  2.4e-16
速度 u，压力 p
           当前进度:   7 % - 矩阵分解
Memory: 1218/1313 1450/1533
Iter      SolEst     Damping    Stepsize #Res #Jac #Sol   LinErr   LinRes
   1        0.31   0.5000000        0.31   56   56   56  1.8e-15  6.4e-15
分离组的解误差估计
0, 0.16
伪时间步进 CFL 比率：
0.34  
分离式求解器迭代 57。
温度    
Iter      SolEst     Damping    Stepsize #Res #Jac #Sol   LinErr   LinRes
   1           0   0.8000000           0   57   57   57  2.5e-16  2.5e-16
速度 u，压力 p
           当前进度:   7 % - 组装矩阵
Memory: 1283/1313 1499/1533
           当前进度:   7 % - 约束处理
Memory: 1293/1313 1533/1536
Iter      SolEst     Damping    Stepsize #Res #Jac #Sol   LinErr   LinRes
   1        0.18   0.5000000        0.18   57   57   57  1.7e-15  4.2e-15
分离组的解误差估计
0, 0.09
伪时间步进 CFL 比率：
0.33  
           当前进度:   7 % - 正在组装残差
Memory: 1269/1313 1500/1536
分离式求解器迭代 58。
温度    
Iter      SolEst     Damping    Stepsize #Res #Jac #Sol   LinErr   LinRes
   1           0   0.8000000           0   58   58   58  2.4e-16  2.3e-16
速度 u，压力 p
           当前进度:   7 % - 组装矩阵
Memory: 1285/1313 1516/1536
           当前进度:   7 % - 矩阵分解
Memory: 1228/1320 1470/1552
Iter      SolEst     Damping    Stepsize #Res #Jac #Sol   LinErr   LinRes
   1        0.12   0.5000000        0.12   58   58   58  2.9e-15  2.4e-15
分离组的解误差估计
0, 0.058
伪时间步进 CFL 比率：
0.37  
分离式求解器迭代 59。
温度    
Iter      SolEst     Damping    Stepsize #Res #Jac #Sol   LinErr   LinRes
   1           0   0.8000000           0   59   59   59  2.5e-16  2.4e-16
速度 u，压力 p
           当前进度:   8 % - 组装矩阵
Memory: 1286/1320 1517/1552
           当前进度:   8 % - 矩阵分解
Memory: 1275/1320 1500/1552
Iter      SolEst     Damping    Stepsize #Res #Jac #Sol   LinErr   LinRes
   1        0.11   0.5000000        0.11   59   59   59  2.2e-15  3.1e-15
           当前进度:   8 % - 
Memory: 1285/1320 1518/1552
分离组的解误差估计
0, 0.055
伪时间步进 CFL 比率：
0.41  
分离式求解器迭代 60。
温度    
Iter      SolEst     Damping    Stepsize #Res #Jac #Sol   LinErr   LinRes
   1           0   0.8000000           0   60   60   60  2.4e-16  2.3e-16
速度 u，压力 p
           当前进度:   8 % - 组装矩阵
Memory: 1286/1320 1513/1552
           当前进度:   8 % - 约束处理
Memory: 1309/1322 1537/1552
Iter      SolEst     Damping    Stepsize #Res #Jac #Sol   LinErr   LinRes
           当前进度:   8 % - 求解线性方程组
Memory: 1294/1322 1520/1552
   1        0.11   0.5000000        0.11   60   60   60    2e-15  3.3e-15
分离组的解误差估计
0, 0.053
伪时间步进 CFL 比率：
0.42  
分离式求解器迭代 61。
温度    
Iter      SolEst     Damping    Stepsize #Res #Jac #Sol   LinErr   LinRes
   1           0   0.8000000           0   61   61   61  2.4e-16  2.3e-16
速度 u，压力 p
           当前进度:   8 % - 组装矩阵
Memory: 1295/1322 1521/1552
           当前进度:   8 % - 约束处理
Memory: 1317/1322 1545/1552
           当前进度:   8 % - 矩阵分解
Memory: 1299/1322 1526/1552
Iter      SolEst     Damping    Stepsize #Res #Jac #Sol   LinErr   LinRes
   1         0.1   0.5000000         0.1   61   61   61  3.4e-15  4.2e-15
分离组的解误差估计
0, 0.052
伪时间步进 CFL 比率：
0.43  
分离式求解器迭代 62。
温度    
Iter      SolEst     Damping    Stepsize #Res #Jac #Sol   LinErr   LinRes
   1           0   0.8000000           0   62   62   62  2.4e-16  2.3e-16
速度 u，压力 p
           当前进度:   8 % - 组装矩阵
Memory: 1308/1322 1535/1552
           当前进度:   8 % - 矩阵分解
Memory: 1233/1343 1430/1571
Iter      SolEst     Damping    Stepsize #Res #Jac #Sol   LinErr   LinRes
   1         0.1   0.5000000         0.1   62   62   62  3.9e-15  4.8e-15
分离组的解误差估计
0, 0.052
伪时间步进 CFL 比率：
0.44  
分离式求解器迭代 63。
温度    
           当前进度:   8 % - 组装矩阵
Memory: 1293/1343 1519/1571
Iter      SolEst     Damping    Stepsize #Res #Jac #Sol   LinErr   LinRes
   1           0   0.8000000           0   63   63   63  2.4e-16  2.3e-16
速度 u，压力 p
           当前进度:   8 % - 矩阵分解
Memory: 1316/1343 1544/1571
Iter      SolEst     Damping    Stepsize #Res #Jac #Sol   LinErr   LinRes
   1         0.1   0.5000000         0.1   63   63   63  6.2e-15  5.8e-15
分离组的解误差估计
0, 0.052
伪时间步进 CFL 比率：
0.44  
分离式求解器迭代 64。
温度    
Iter      SolEst     Damping    Stepsize #Res #Jac #Sol   LinErr   LinRes
   1           0   0.8000000           0   64   64   64  2.4e-16  2.4e-16
速度 u，压力 p
           当前进度:   8 % - 组装矩阵
Memory: 1309/1343 1535/1571
           当前进度:   8 % - 矩阵分解
Memory: 1229/1344 1439/1572
Iter      SolEst     Damping    Stepsize #Res #Jac #Sol   LinErr   LinRes
   1        0.11   0.5000000        0.11   64   64   64  4.7e-15  6.6e-15
分离组的解误差估计
0, 0.053
伪时间步进 CFL 比率：
0.45  
分离式求解器迭代 65。
温度    
           当前进度:   8 % - 组装矩阵
Memory: 1293/1344 1516/1572
Iter      SolEst     Damping    Stepsize #Res #Jac #Sol   LinErr   LinRes
   1           0   0.8000000           0   65   65   65  2.4e-16  2.3e-16
速度 u，压力 p
缩放因变量：
压力 (comp1.p): 2.2e-09
速度场 (comp1.u): 0.033
           当前进度:   8 % - 矩阵分解
Memory: 1222/1344 1445/1572
Iter      SolEst     Damping    Stepsize #Res #Jac #Sol   LinErr   LinRes
   1        0.11   0.5000000        0.11   65   65   65  5.5e-15  7.3e-15
分离组的解误差估计
0, 0.053
伪时间步进 CFL 比率：
0.46  
分离式求解器迭代 66。
温度    
Iter      SolEst     Damping    Stepsize #Res #Jac #Sol   LinErr   LinRes
   1           0   0.8000000           0   66   66   66  2.4e-16  2.3e-16
速度 u，压力 p
           当前进度:   8 % - 组装矩阵
Memory: 1282/1344 1503/1572
           当前进度:   8 % - 矩阵分解
Memory: 1226/1344 1431/1572
Iter      SolEst     Damping    Stepsize #Res #Jac #Sol   LinErr   LinRes
   1        0.11   0.5000000        0.11   66   66   66  4.9e-15  7.6e-15
分离组的解误差估计
0, 0.054
伪时间步进 CFL 比率：
0.46  
分离式求解器迭代 67。
温度    
           当前进度:   8 % - 约束处理
Memory: 1266/1344 1486/1572
Iter      SolEst     Damping    Stepsize #Res #Jac #Sol   LinErr   LinRes
   1           0   0.8000000           0   67   67   67  2.4e-16  2.3e-16
速度 u，压力 p
           当前进度:   8 % - 组装矩阵
Memory: 1267/1344 1488/1572
           当前进度:   8 % - 矩阵分解
Memory: 1184/1344 1386/1572
Iter      SolEst     Damping    Stepsize #Res #Jac #Sol   LinErr   LinRes
   1        0.11   0.5000000        0.11   67   67   67  5.8e-15  8.4e-15
分离组的解误差估计
0, 0.054
伪时间步进 CFL 比率：
0.47  
分离式求解器迭代 68。
温度    
Iter      SolEst     Damping    Stepsize #Res #Jac #Sol   LinErr   LinRes
   1           0   0.8000000           0   68   68   68  2.5e-16  2.4e-16
速度 u，压力 p
           当前进度:   8 % - 正在组装残差
Memory: 1252/1344 1472/1572
           当前进度:   8 % - 矩阵分解
Memory: 1161/1344 1351/1572
Iter      SolEst     Damping    Stepsize #Res #Jac #Sol   LinErr   LinRes
   1        0.11   0.5000000        0.11   68   68   68    5e-15  8.5e-15
分离组的解误差估计
0, 0.055
伪时间步进 CFL 比率：
0.48  
           当前进度:   8 % - 正在组装残差
Memory: 1245/1344 1465/1572
分离式求解器迭代 69。
温度    
Iter      SolEst     Damping    Stepsize #Res #Jac #Sol   LinErr   LinRes
   1           0   0.8000000           0   69   69   69  2.4e-16  2.3e-16
速度 u，压力 p
           当前进度:   8 % - 组装矩阵
Memory: 1261/1344 1481/1572
           当前进度:   8 % - 矩阵分解
Memory: 1158/1344 1361/1572
Iter      SolEst     Damping    Stepsize #Res #Jac #Sol   LinErr   LinRes
   1        0.11   0.5000000        0.11   69   69   69    9e-15  8.9e-15
分离组的解误差估计
0, 0.055
伪时间步进 CFL 比率：
0.48  
分离式求解器迭代 70。
温度    
Iter      SolEst     Damping    Stepsize #Res #Jac #Sol   LinErr   LinRes
   1           0   0.8000000           0   70   70   70  2.4e-16  2.3e-16
速度 u，压力 p
           当前进度:   8 % - 组装矩阵
Memory: 1267/1344 1487/1572
           当前进度:   8 % - 矩阵分解
Memory: 1181/1344 1383/1572
Iter      SolEst     Damping    Stepsize #Res #Jac #Sol   LinErr   LinRes
   1        0.11   0.5000000        0.11   70   70   70  8.5e-15  9.3e-15
分离组的解误差估计
0, 0.056
伪时间步进 CFL 比率：
0.49  
分离式求解器迭代 71。
温度    
           当前进度:   8 % - 组装矩阵
Memory: 1251/1344 1471/1572
Iter      SolEst     Damping    Stepsize #Res #Jac #Sol   LinErr   LinRes
   1           0   0.8000000           0   71   71   71  2.4e-16  2.3e-16
速度 u，压力 p
           当前进度:   8 % - 矩阵分解
Memory: 1241/1344 1502/1572
Iter      SolEst     Damping    Stepsize #Res #Jac #Sol   LinErr   LinRes
   1        0.11   0.5000000        0.11   71   71   71  1.1e-14  9.5e-15
分离组的解误差估计
0, 0.056
伪时间步进 CFL 比率：
0.5   
分离式求解器迭代 72。
温度    
Iter      SolEst     Damping    Stepsize #Res #Jac #Sol   LinErr   LinRes
   1           0   0.8000000           0   72   72   72  2.3e-16  2.3e-16
速度 u，压力 p
           当前进度:   8 % - 组装矩阵
Memory: 1267/1344 1488/1572
           当前进度:   8 % - 矩阵分解
Memory: 1207/1344 1413/1572
Iter      SolEst     Damping    Stepsize #Res #Jac #Sol   LinErr   LinRes
   1        0.11   0.5000000        0.11   72   72   72    1e-14  9.5e-15
分离组的解误差估计
0, 0.057
伪时间步进 CFL 比率：
0.5   
分离式求解器迭代 73。
温度    
Iter      SolEst     Damping    Stepsize #Res #Jac #Sol   LinErr   LinRes
   1           0   0.8000000           0   73   73   73  2.4e-16  2.3e-16
速度 u，压力 p
缩放因变量：
压力 (comp1.p): 2.2e-11
速度场 (comp1.u): 0.033
           当前进度:   8 % - 正在组装残差
Memory: 1251/1344 1471/1572
           当前进度:   8 % - 约束处理
Memory: 1285/1344 1505/1572
Iter      SolEst     Damping    Stepsize #Res #Jac #Sol   LinErr   LinRes
   1        0.11   0.5000000        0.11   73   73   73  9.7e-15  9.9e-15
分离组的解误差估计
0, 0.057
伪时间步进 CFL 比率：
0.51  
           当前进度:   8 % - 正在组装残差
Memory: 1260/1344 1480/1572
分离式求解器迭代 74。
温度    
Iter      SolEst     Damping    Stepsize #Res #Jac #Sol   LinErr   LinRes
   1           0   0.8000000           0   74   74   74  2.4e-16  2.3e-16
速度 u，压力 p
           当前进度:   8 % - 组装矩阵
Memory: 1275/1344 1496/1572
           当前进度:   8 % - 矩阵分解
Memory: 1208/1344 1443/1572
Iter      SolEst     Damping    Stepsize #Res #Jac #Sol   LinErr   LinRes
   1        0.12   0.5000000        0.12   74   74   74  8.4e-15  9.8e-15
分离组的解误差估计
0, 0.058
伪时间步进 CFL 比率：
0.51  
分离式求解器迭代 75。
温度    
Iter      SolEst     Damping    Stepsize #Res #Jac #Sol   LinErr   LinRes
   1           0   0.8000000           0   75   75   75  2.5e-16  2.4e-16
速度 u，压力 p
           当前进度:   8 % - 组装矩阵
Memory: 1260/1344 1482/1572
           当前进度:   8 % - 矩阵分解
Memory: 1162/1344 1369/1572
Iter      SolEst     Damping    Stepsize #Res #Jac #Sol   LinErr   LinRes
   1        0.12   0.5000000        0.12   75   75   75  9.2e-15  9.9e-15
分离组的解误差估计
0, 0.059
伪时间步进 CFL 比率：
0.52  
分离式求解器迭代 76。
温度    
Iter      SolEst     Damping    Stepsize #Res #Jac #Sol   LinErr   LinRes
   1           0   0.8000000           0   76   76   76  2.4e-16  2.3e-16
速度 u，压力 p
           当前进度:   8 % - 正在组装残差
Memory: 1253/1344 1475/1572
           当前进度:   8 % - 约束处理
Memory: 1301/1344 1524/1572
           当前进度:   8 % - 矩阵分解
Memory: 1294/1344 1516/1572
Iter      SolEst     Damping    Stepsize #Res #Jac #Sol   LinErr   LinRes
   1        0.12   0.5000000        0.12   76   76   76  7.5e-15  9.6e-15
分离组的解误差估计
0, 0.059
伪时间步进 CFL 比率：
0.53  
分离式求解器迭代 77。
温度    
Iter      SolEst     Damping    Stepsize #Res #Jac #Sol   LinErr   LinRes
   1           0   0.8000000           0   77   77   77  2.3e-16  2.3e-16
速度 u，压力 p
           当前进度:   8 % - 组装矩阵
Memory: 1270/1344 1491/1572
           当前进度:   8 % - 矩阵分解
Memory: 1191/1344 1395/1572
Iter      SolEst     Damping    Stepsize #Res #Jac #Sol   LinErr   LinRes
   1        0.12   0.5000000        0.12   77   77   77    7e-15  9.6e-15
分离组的解误差估计
0, 0.06
伪时间步进 CFL 比率：
0.53  
           当前进度:   8 % - 正在组装残差
Memory: 1258/1344 1479/1572
分离式求解器迭代 78。
温度    
Iter      SolEst     Damping    Stepsize #Res #Jac #Sol   LinErr   LinRes
   1           0   0.8000000           0   78   78   78  2.5e-16  2.4e-16
速度 u，压力 p
           当前进度:   8 % - 组装矩阵
Memory: 1274/1344 1495/1572
           当前进度:   8 % - 矩阵分解
Memory: 1196/1344 1399/1572
Iter      SolEst     Damping    Stepsize #Res #Jac #Sol   LinErr   LinRes
   1        0.12   0.5000000        0.12   78   78   78  9.6e-15  1.1e-14
分离组的解误差估计
0, 0.06
伪时间步进 CFL 比率：
0.54  
分离式求解器迭代 79。
温度    
Iter      SolEst     Damping    Stepsize #Res #Jac #Sol   LinErr   LinRes
   1           0   0.8000000           0   79   79   79  2.4e-16  2.3e-16
速度 u，压力 p
           当前进度:   8 % - 正在组装残差
Memory: 1256/1344 1476/1572
           当前进度:   8 % - 组装矩阵
Memory: 1272/1344 1492/1572
           当前进度:   8 % - 矩阵分解
Memory: 1192/1344 1396/1572
Iter      SolEst     Damping    Stepsize #Res #Jac #Sol   LinErr   LinRes
   1        0.12   0.5000000        0.12   79   79   79  7.6e-15    1e-14
分离组的解误差估计
0, 0.061
伪时间步进 CFL 比率：
0.54  
分离式求解器迭代 80。
温度    
           当前进度:   8 % - 组装矩阵
Memory: 1256/1344 1477/1572
Iter      SolEst     Damping    Stepsize #Res #Jac #Sol   LinErr   LinRes
   1           0   0.8000000           0   80   80   80  2.4e-16  2.3e-16
速度 u，压力 p
           当前进度:   8 % - 矩阵分解
Memory: 1226/1344 1436/1572
Iter      SolEst     Damping    Stepsize #Res #Jac #Sol   LinErr   LinRes
   1        0.12   0.5000000        0.12   80   80   80    7e-15  9.9e-15
分离组的解误差估计
0, 0.061
伪时间步进 CFL 比率：
0.55  
           当前进度:   8 % - 正在组装残差
Memory: 1258/1344 1478/1572
分离式求解器迭代 81。
温度    
Iter      SolEst     Damping    Stepsize #Res #Jac #Sol   LinErr   LinRes
   1           0   0.8000000           0   81   81   81  2.4e-16  2.4e-16
速度 u，压力 p
缩放因变量：
压力 (comp1.p): 1.7e-13
速度场 (comp1.u): 0.033
           当前进度:   8 % - 组装矩阵
Memory: 1273/1344 1494/1572
           当前进度:   8 % - 约束处理
Memory: 1283/1344 1504/1572
           当前进度:   8 % - 矩阵分解
Memory: 1199/1344 1431/1572
Iter      SolEst     Damping    Stepsize #Res #Jac #Sol   LinErr   LinRes
   1        0.12   0.5000000        0.12   81   81   81  7.9e-15  9.2e-15
分离组的解误差估计
0, 0.062
伪时间步进 CFL 比率：
0.56  
分离式求解器迭代 82。
温度    
Iter      SolEst     Damping    Stepsize #Res #Jac #Sol   LinErr   LinRes
   1           0   0.8000000           0   82   82   82  2.5e-16  2.4e-16
速度 u，压力 p
           当前进度:   8 % - 正在组装残差
Memory: 1251/1344 1472/1572
           当前进度:   8 % - 组装矩阵
Memory: 1267/1344 1488/1572
           当前进度:   8 % - 矩阵分解
Memory: 1215/1344 1447/1572
Iter      SolEst     Damping    Stepsize #Res #Jac #Sol   LinErr   LinRes
   1        0.13   0.5000000        0.13   82   82   82  9.6e-15  7.9e-15
分离组的解误差估计
0, 0.063
伪时间步进 CFL 比率：
0.56  
分离式求解器迭代 83。
温度    
Iter      SolEst     Damping    Stepsize #Res #Jac #Sol   LinErr   LinRes
   1           0   0.8000000           0   83   83   83  2.5e-16  2.4e-16
速度 u，压力 p
           当前进度:   8 % - 组装矩阵
Memory: 1267/1344 1488/1572
           当前进度:   8 % - 矩阵分解
Memory: 1182/1344 1373/1572
Iter      SolEst     Damping    Stepsize #Res #Jac #Sol   LinErr   LinRes
   1        0.13   0.5000000        0.13   83   83   83    1e-14  7.5e-15
分离组的解误差估计
0, 0.063
伪时间步进 CFL 比率：
0.57  
           当前进度:   8 % - 正在组装残差
Memory: 1250/1344 1470/1572
分离式求解器迭代 84。
温度    
Iter      SolEst     Damping    Stepsize #Res #Jac #Sol   LinErr   LinRes
   1           0   0.8000000           0   84   84   84  2.4e-16  2.4e-16
速度 u，压力 p
           当前进度:   8 % - 组装矩阵
Memory: 1265/1344 1486/1572
           当前进度:   8 % - 矩阵分解
Memory: 1198/1344 1428/1572
Iter      SolEst     Damping    Stepsize #Res #Jac #Sol   LinErr   LinRes
   1        0.13   0.5000000        0.13   84   84   84    9e-15  7.1e-15
分离组的解误差估计
0, 0.063
伪时间步进 CFL 比率：
0.57  
分离式求解器迭代 85。
温度    
Iter      SolEst     Damping    Stepsize #Res #Jac #Sol   LinErr   LinRes
   1           0   0.8000000           0   85   85   85  2.5e-16  2.4e-16
速度 u，压力 p
           当前进度:   8 % - 组装矩阵
Memory: 1265/1344 1486/1572
           当前进度:   8 % - 矩阵分解
Memory: 1164/1344 1375/1572
Iter      SolEst     Damping    Stepsize #Res #Jac #Sol   LinErr   LinRes
   1        0.13   0.5000000        0.13   85   85   85  6.9e-15  7.4e-15
分离组的解误差估计
0, 0.063
伪时间步进 CFL 比率：
0.58  
           当前进度:   8 % - 正在组装残差
Memory: 1246/1344 1467/1572
分离式求解器迭代 86。
温度    
Iter      SolEst     Damping    Stepsize #Res #Jac #Sol   LinErr   LinRes
   1           0   0.8000000           0   86   86   86  2.4e-16  2.3e-16
速度 u，压力 p
           当前进度:   8 % - 组装矩阵
Memory: 1262/1344 1483/1572
           当前进度:   8 % - 矩阵分解
Memory: 1200/1344 1403/1572
Iter      SolEst     Damping    Stepsize #Res #Jac #Sol   LinErr   LinRes
   1        0.13   0.5000000        0.13   86   86   86  9.9e-15  8.1e-15
分离组的解误差估计
0, 0.064
伪时间步进 CFL 比率：
0.59  
分离式求解器迭代 87。
温度    
Iter      SolEst     Damping    Stepsize #Res #Jac #Sol   LinErr   LinRes
   1           0   0.8000000           0   87   87   87  2.4e-16  2.4e-16
速度 u，压力 p
           当前进度:   8 % - 正在组装残差
Memory: 1247/1344 1468/1572
           当前进度:   8 % - 约束处理
Memory: 1279/1344 1500/1572
           当前进度:   8 % - 矩阵分解
Memory: 1258/1344 1497/1572
Iter      SolEst     Damping    Stepsize #Res #Jac #Sol   LinErr   LinRes
   1        0.13   0.5000000        0.13   87   87   87  5.2e-15  7.4e-15
分离组的解误差估计
0, 0.064
伪时间步进 CFL 比率：
0.59  
分离式求解器迭代 88。
温度    
Iter      SolEst     Damping    Stepsize #Res #Jac #Sol   LinErr   LinRes
   1           0   0.8000000           0   88   88   88  2.4e-16  2.3e-16
速度 u，压力 p
           当前进度:   8 % - 正在组装残差
Memory: 1247/1344 1467/1572
           当前进度:   8 % - 组装矩阵
Memory: 1263/1344 1483/1572
           当前进度:   8 % - 矩阵分解
Memory: 1210/1344 1442/1572
Iter      SolEst     Damping    Stepsize #Res #Jac #Sol   LinErr   LinRes
   1        0.13   0.5000000        0.13   88   88   88  1.8e-14  7.8e-15
分离组的解误差估计
0, 0.064
伪时间步进 CFL 比率：
0.6   
分离式求解器迭代 89。
温度    
Iter      SolEst     Damping    Stepsize #Res #Jac #Sol   LinErr   LinRes
   1           0   0.8000000           0   89   89   89  2.4e-16  2.3e-16
速度 u，压力 p
缩放因变量：
压力 (comp1.p): 1e-15
速度场 (comp1.u): 0.033
           当前进度:   8 % - 组装矩阵
Memory: 1269/1344 1489/1572
           当前进度:   8 % - 矩阵分解
Memory: 1184/1344 1373/1572
Iter      SolEst     Damping    Stepsize #Res #Jac #Sol   LinErr   LinRes
   1        0.13   0.5000000        0.13   89   89   89  8.8e-15    8e-15
分离组的解误差估计
0, 0.064
伪时间步进 CFL 比率：
0.6   
           当前进度:   8 % - 正在组装残差
Memory: 1257/1344 1477/1572
分离式求解器迭代 90。
温度    
Iter      SolEst     Damping    Stepsize #Res #Jac #Sol   LinErr   LinRes
   1           0   0.8000000           0   90   90   90  2.4e-16  2.3e-16
速度 u，压力 p
           当前进度:   8 % - 组装矩阵
Memory: 1264/1344 1484/1572
           当前进度:   8 % - 矩阵分解
Memory: 1188/1344 1381/1572
Iter      SolEst     Damping    Stepsize #Res #Jac #Sol   LinErr   LinRes
   1        0.13   0.5000000        0.13   90   90   90  9.3e-15  7.9e-15
分离组的解误差估计
0, 0.065
伪时间步进 CFL 比率：
0.61  
分离式求解器迭代 91。
温度    
Iter      SolEst     Damping    Stepsize #Res #Jac #Sol   LinErr   LinRes
   1           0   0.8000000           0   91   91   91  2.4e-16  2.3e-16
速度 u，压力 p
           当前进度:   8 % - 正在组装残差
Memory: 1247/1344 1466/1572
           当前进度:   8 % - 约束处理
Memory: 1278/1344 1499/1572
           当前进度:   8 % - 矩阵分解
Memory: 1213/1344 1426/1572
Iter      SolEst     Damping    Stepsize #Res #Jac #Sol   LinErr   LinRes
   1        0.13   0.5000000        0.13   91   91   91  1.5e-14  7.5e-15
分离组的解误差估计
0, 0.065
伪时间步进 CFL 比率：
0.61  
分离式求解器迭代 92。
温度    
Iter      SolEst     Damping    Stepsize #Res #Jac #Sol   LinErr   LinRes
   1           0   0.8000000           0   92   92   92  2.4e-16  2.3e-16
速度 u，压力 p
           当前进度:   8 % - 组装矩阵
Memory: 1264/1344 1483/1572
           当前进度:   8 % - 矩阵分解
Memory: 1205/1344 1423/1572
Iter      SolEst     Damping    Stepsize #Res #Jac #Sol   LinErr   LinRes
   1        0.13   0.5000000        0.13   92   92   92    1e-14  7.6e-15
分离组的解误差估计
0, 0.065
伪时间步进 CFL 比率：
0.62  
分离式求解器迭代 93。
温度    
           当前进度:   8 % - 组装矩阵
Memory: 1246/1344 1467/1572
Iter      SolEst     Damping    Stepsize #Res #Jac #Sol   LinErr   LinRes
   1           0   0.8000000           0   93   93   93  2.5e-16  2.4e-16
速度 u，压力 p
           当前进度:   8 % - 矩阵分解
Memory: 1194/1344 1424/1572
Iter      SolEst     Damping    Stepsize #Res #Jac #Sol   LinErr   LinRes
   1        0.13   0.5000000        0.13   93   93   93  7.6e-15  7.9e-15
分离组的解误差估计
0, 0.065
伪时间步进 CFL 比率：
0.63  
分离式求解器迭代 94。
温度    
Iter      SolEst     Damping    Stepsize #Res #Jac #Sol   LinErr   LinRes
   1           0   0.8000000           0   94   94   94  2.4e-16  2.3e-16
速度 u，压力 p
           当前进度:   8 % - 正在组装残差
Memory: 1246/1344 1465/1572
           当前进度:   8 % - 组装矩阵
Memory: 1262/1344 1481/1572
           当前进度:   8 % - 矩阵分解
Memory: 1263/1344 1495/1572
Iter      SolEst     Damping    Stepsize #Res #Jac #Sol   LinErr   LinRes
   1        0.13   0.5000000        0.13   94   94   94  9.7e-15  7.5e-15
分离组的解误差估计
0, 0.066
伪时间步进 CFL 比率：
0.63  
分离式求解器迭代 95。
温度    
Iter      SolEst     Damping    Stepsize #Res #Jac #Sol   LinErr   LinRes
   1           0   0.8000000           0   95   95   95  2.4e-16  2.4e-16
速度 u，压力 p
           当前进度:   8 % - 组装矩阵
Memory: 1261/1344 1482/1572
           当前进度:   8 % - 矩阵分解
Memory: 1191/1344 1405/1572
Iter      SolEst     Damping    Stepsize #Res #Jac #Sol   LinErr   LinRes
           当前进度:   8 % - 求解线性方程组
Memory: 1258/1344 1478/1572
   1        0.13   0.5000000        0.13   95   95   95  9.9e-15  7.5e-15
分离组的解误差估计
0, 0.066
伪时间步进 CFL 比率：
0.64  
分离式求解器迭代 96。
温度    
Iter      SolEst     Damping    Stepsize #Res #Jac #Sol   LinErr   LinRes
   1           0   0.8000000           0   96   96   96  2.4e-16  2.3e-16
速度 u，压力 p
           当前进度:   8 % - 组装矩阵
Memory: 1261/1344 1482/1572
           当前进度:   8 % - 矩阵分解
Memory: 1187/1344 1403/1572
Iter      SolEst     Damping    Stepsize #Res #Jac #Sol   LinErr   LinRes
   1        0.14   0.5000000        0.14   96   96   96    1e-14  7.6e-15
分离组的解误差估计
0, 0.068
伪时间步进 CFL 比率：
0.64  
分离式求解器迭代 97。
温度    
           当前进度:   8 % - 组装矩阵
Memory: 1250/1344 1471/1572
Iter      SolEst     Damping    Stepsize #Res #Jac #Sol   LinErr   LinRes
   1           0   0.8000000           0   97   97   97  2.4e-16  2.3e-16
速度 u，压力 p
缩放因变量：
压力 (comp1.p): 5.2e-18
速度场 (comp1.u): 0.033
           当前进度:   8 % - 矩阵分解
Memory: 1211/1344 1417/1572
Iter      SolEst     Damping    Stepsize #Res #Jac #Sol   LinErr   LinRes
   1        0.55   0.5000000        0.55   97   97   97  8.1e-15  7.6e-15
分离组的解误差估计
0, 0.28
伪时间步进 CFL 比率：
0.65  
分离式求解器迭代 98。
温度    
           当前进度:   8 % - 组装矩阵
Memory: 1253/1344 1473/1572
Iter      SolEst     Damping    Stepsize #Res #Jac #Sol   LinErr   LinRes
   1           0   0.8000000           0   98   98   98  2.4e-16  2.3e-16
速度 u，压力 p
           当前进度:   8 % - 矩阵分解
Memory: 1206/1344 1439/1572
Iter      SolEst     Damping    Stepsize #Res #Jac #Sol   LinErr   LinRes
   1        0.12   0.5000000        0.12   98   98   98  7.1e-15  7.5e-15
分离组的解误差估计
0, 0.06
伪时间步进 CFL 比率：
0.54  
分离式求解器迭代 99。
温度    
Iter      SolEst     Damping    Stepsize #Res #Jac #Sol   LinErr   LinRes
   1           0   0.8000000           0   99   99   99  2.5e-16  2.4e-16
速度 u，压力 p
           当前进度:   8 % - 正在组装残差
Memory: 1251/1344 1471/1572
           当前进度:   8 % - 矩阵分解
Memory: 1175/1344 1367/1572
Iter      SolEst     Damping    Stepsize #Res #Jac #Sol   LinErr   LinRes
           当前进度:   8 % - 
Memory: 1274/1344 1495/1572
   1        0.13   0.5000000        0.13   99   99   99  1.6e-14  7.8e-15
分离组的解误差估计
0, 0.066
伪时间步进 CFL 比率：
0.67  
分离式求解器迭代 100。
温度    
Iter      SolEst     Damping    Stepsize #Res #Jac #Sol   LinErr   LinRes
   1           0   0.8000000           0  100  100  100  2.4e-16  2.3e-16
速度 u，压力 p
           当前进度:   8 % - 组装矩阵
Memory: 1268/1344 1489/1572
           当前进度:   8 % - 矩阵分解
Memory: 1198/1344 1405/1572
Iter      SolEst     Damping    Stepsize #Res #Jac #Sol   LinErr   LinRes
   1        0.13   0.5000000        0.13  100  100  100  7.3e-15  7.4e-15
分离组的解误差估计
0, 0.067
伪时间步进 CFL 比率：
0.66  
分离式求解器迭代 101。
温度    
           当前进度:   8 % - 正在组装残差
Memory: 1258/1344 1479/1572
Iter      SolEst     Damping    Stepsize #Res #Jac #Sol   LinErr   LinRes
   1           0   0.8000000           0  101  101  101  2.3e-16  2.3e-16
速度 u，压力 p
           当前进度:   8 % - 组装矩阵
Memory: 1273/1344 1495/1572
           当前进度:   8 % - 矩阵分解
Memory: 1193/1344 1398/1572
Iter      SolEst     Damping    Stepsize #Res #Jac #Sol   LinErr   LinRes
   1        0.13   0.5000000        0.13  101  101  101  9.3e-15  7.2e-15
分离组的解误差估计
0, 0.066
伪时间步进 CFL 比率：
0.67  
分离式求解器迭代 102。
温度    
           当前进度:   8 % - 组装矩阵
Memory: 1262/1344 1484/1572
Iter      SolEst     Damping    Stepsize #Res #Jac #Sol   LinErr   LinRes
   1           0   0.8000000           0  102  102  102  2.5e-16  2.4e-16
速度 u，压力 p
           当前进度:   8 % - 矩阵分解
Memory: 1205/1344 1409/1572
Iter      SolEst     Damping    Stepsize #Res #Jac #Sol   LinErr   LinRes
   1        0.24   0.5000000        0.24  102  102  102    1e-14  7.9e-15
分离组的解误差估计
0, 0.12
伪时间步进 CFL 比率：
0.67  
           当前进度:   8 % - 正在组装残差
Memory: 1253/1344 1473/1572
分离式求解器迭代 103。
温度    
Iter      SolEst     Damping    Stepsize #Res #Jac #Sol   LinErr   LinRes
   1           0   0.8000000           0  103  103  103  2.4e-16  2.3e-16
速度 u，压力 p
           当前进度:   8 % - 组装矩阵
Memory: 1269/1344 1489/1572
           当前进度:   8 % - 矩阵分解
Memory: 1206/1344 1423/1572
Iter      SolEst     Damping    Stepsize #Res #Jac #Sol   LinErr   LinRes
   1        0.18   0.5000000        0.18  103  103  103  1.1e-14  7.2e-15
分离组的解误差估计
0, 0.092
伪时间步进 CFL 比率：
0.63  
           当前进度:   8 % - 
Memory: 1255/1344 1475/1572
分离式求解器迭代 104。
温度    
Iter      SolEst     Damping    Stepsize #Res #Jac #Sol   LinErr   LinRes
   1           0   0.8000000           0  104  104  104  2.4e-16  2.3e-16
速度 u，压力 p
缩放因变量：
压力 (comp1.p): 5.2e-20
速度场 (comp1.u): 0.033
           当前进度:   8 % - 组装矩阵
Memory: 1271/1344 1491/1572
           当前进度:   8 % - 矩阵分解
Memory: 1214/1344 1422/1572
Iter      SolEst     Damping    Stepsize #Res #Jac #Sol   LinErr   LinRes
   1        0.44   0.5000000        0.44  104  104  104  1.2e-14  7.3e-15
分离组的解误差估计
0, 0.22
伪时间步进 CFL 比率：
0.66  
           当前进度:   8 % - 正在组装残差
Memory: 1270/1344 1490/1572
分离式求解器迭代 105。
温度    
Iter      SolEst     Damping    Stepsize #Res #Jac #Sol   LinErr   LinRes
   1           0   0.8000000           0  105  105  105  2.5e-16  2.4e-16
速度 u，压力 p
           当前进度:   8 % - 组装矩阵
           当前进度:   8 % - 矩阵分解
Memory: 1159/1344 1349/1572
Iter      SolEst     Damping    Stepsize #Res #Jac #Sol   LinErr   LinRes
   1        0.88   0.5000000        0.88  105  105  105  1.3e-14  7.5e-15
分离组的解误差估计
0, 0.44
伪时间步进 CFL 比率：
0.59  
分离式求解器迭代 106。
温度    
Iter      SolEst     Damping    Stepsize #Res #Jac #Sol   LinErr   LinRes
   1           0   0.8000000           0  106  106  106  2.4e-16  2.3e-16
速度 u，压力 p
           当前进度:   8 % - 正在组装残差
Memory: 1255/1344 1474/1572
           当前进度:   8 % - 组装矩阵
Memory: 1271/1344 1490/1572
           当前进度:   8 % - 矩阵分解
Memory: 1178/1344 1379/1572
Iter      SolEst     Damping    Stepsize #Res #Jac #Sol   LinErr   LinRes
   1        0.76   0.5000000        0.76  106  106  106  1.5e-14  7.1e-15
分离组的解误差估计
0, 0.38
伪时间步进 CFL 比率：
0.54  
分离式求解器迭代 107。
温度    
           当前进度:   8 % - 正在组装残差
Memory: 1254/1344 1473/1572
Iter      SolEst     Damping    Stepsize #Res #Jac #Sol   LinErr   LinRes
   1           0   0.8000000           0  107  107  107  2.4e-16  2.4e-16
速度 u，压力 p
           当前进度:   8 % - 组装矩阵
Memory: 1270/1344 1490/1572
           当前进度:   8 % - 
Memory: 1280/1344 1500/1572
           当前进度:   8 % - 矩阵分解
Memory: 1185/1344 1389/1572
Iter      SolEst     Damping    Stepsize #Res #Jac #Sol   LinErr   LinRes
           当前进度:   8 % - 求解线性方程组
Memory: 1261/1344 1480/1572
   1        0.15   0.5000000        0.15  107  107  107  1.1e-14  7.5e-15
分离组的解误差估计
0, 0.077
伪时间步进 CFL 比率：
0.55  
分离式求解器迭代 108。
温度    
Iter      SolEst     Damping    Stepsize #Res #Jac #Sol   LinErr   LinRes
   1           0   0.8000000           0  108  108  108  2.5e-16  2.4e-16
速度 u，压力 p
           当前进度:   8 % - 
Memory: 1268/1344 1490/1572
           当前进度:   8 % - 组装矩阵
Memory: 1271/1344 1490/1572
           当前进度:   8 % - 矩阵分解
Memory: 1214/1344 1433/1572
Iter      SolEst     Damping    Stepsize #Res #Jac #Sol   LinErr   LinRes
   1        0.18   0.5000000        0.18  108  108  108    7e-15  7.7e-15
分离组的解误差估计
0, 0.09
伪时间步进 CFL 比率：
0.67  
           当前进度:   8 % - 正在组装残差
Memory: 1251/1344 1472/1572
分离式求解器迭代 109。
温度    
Iter      SolEst     Damping    Stepsize #Res #Jac #Sol   LinErr   LinRes
   1           0   0.8000000           0  109  109  109  2.4e-16  2.3e-16
速度 u，压力 p
           当前进度:   8 % - 组装矩阵
Memory: 1267/1344 1488/1572
           当前进度:   8 % - 矩阵分解
Memory: 1196/1344 1417/1572
Iter      SolEst     Damping    Stepsize #Res #Jac #Sol   LinErr   LinRes
   1        0.93   0.5000000        0.93  109  109  109  9.6e-15  6.7e-15
分离组的解误差估计
0, 0.46
伪时间步进 CFL 比率：
0.66  
           当前进度:   8 % - 正在组装残差
Memory: 1240/1344 1459/1572
分离式求解器迭代 110。
温度    
Iter      SolEst     Damping    Stepsize #Res #Jac #Sol   LinErr   LinRes
   1           0   0.8000000           0  110  110  110  2.4e-16  2.3e-16
速度 u，压力 p
           当前进度:   8 % - 组装矩阵
Memory: 1263/1344 1483/1572
           当前进度:   8 % - 矩阵分解
Memory: 1204/1344 1411/1572
Iter      SolEst     Damping    Stepsize #Res #Jac #Sol   LinErr   LinRes
   1        0.66   0.5000000        0.66  110  110  110  1.6e-14  5.5e-15
分离组的解误差估计
0, 0.33
伪时间步进 CFL 比率：
0.53  
分离式求解器迭代 111。
温度    
           当前进度:   8 % - 组装矩阵
Memory: 1260/1344 1481/1572
Iter      SolEst     Damping    Stepsize #Res #Jac #Sol   LinErr   LinRes
   1           0   0.8000000           0  111  111  111  2.4e-16  2.3e-16
速度 u，压力 p
           当前进度:   8 % - 矩阵分解
Memory: 1182/1344 1384/1572
Iter      SolEst     Damping    Stepsize #Res #Jac #Sol   LinErr   LinRes
   1        0.28   0.5000000        0.28  111  111  111  8.6e-15  4.3e-15
分离组的解误差估计
0, 0.14
伪时间步进 CFL 比率：
0.56  
分离式求解器迭代 112。
温度    
Iter      SolEst     Damping    Stepsize #Res #Jac #Sol   LinErr   LinRes
   1           0   0.8000000           0  112  112  112  2.4e-16  2.3e-16
速度 u，压力 p
           当前进度:   8 % - 正在组装残差
Memory: 1261/1344 1481/1572
           当前进度:   8 % - 矩阵分解
Memory: 1167/1344 1357/1572
Iter      SolEst     Damping    Stepsize #Res #Jac #Sol   LinErr   LinRes
   1         2.7   0.5000000         2.7  112  112  112    7e-15  2.8e-15
分离组的解误差估计
0, 1.4
伪时间步进 CFL 比率：
0.63  
           当前进度:   8 % - 正在组装残差
Memory: 1290/1344 1512/1572
分离式求解器迭代 113。
温度    
Iter      SolEst     Damping    Stepsize #Res #Jac #Sol   LinErr   LinRes
   1           0   0.8000000           0  113  113  113  2.4e-16  2.3e-16
速度 u，压力 p
           当前进度:   8 % - 组装矩阵
Memory: 1269/1344 1490/1572
           当前进度:   8 % - 约束处理
Memory: 1278/1344 1501/1572
           当前进度:   8 % - 矩阵分解
Memory: 1259/1344 1481/1572
Iter      SolEst     Damping    Stepsize #Res #Jac #Sol   LinErr   LinRes
   1        0.44   0.5000000        0.44  113  113  113    6e-15  1.3e-15
分离组的解误差估计
0, 0.22
伪时间步进 CFL 比率：
0.44  
分离式求解器迭代 114。
温度    
Iter      SolEst     Damping    Stepsize #Res #Jac #Sol   LinErr   LinRes
   1           0   0.8000000           0  114  114  114  2.4e-16  2.3e-16
速度 u，压力 p
缩放因变量：
压力 (comp1.p): 5.1e-22
速度场 (comp1.u): 0.033
           当前进度:   8 % - 组装矩阵
Memory: 1269/1344 1490/1572
           当前进度:   8 % - 矩阵分解
Memory: 1206/1344 1415/1572
Iter      SolEst     Damping    Stepsize #Res #Jac #Sol   LinErr   LinRes
   1         0.2   0.5000000         0.2  114  114  114  5.2e-15  1.1e-15
分离组的解误差估计
0, 0.1
伪时间步进 CFL 比率：
0.59  
分离式求解器迭代 115。
温度    
Iter      SolEst     Damping    Stepsize #Res #Jac #Sol   LinErr   LinRes
   1           0   0.8000000           0  115  115  115  2.5e-16  2.4e-16
速度 u，压力 p
           当前进度:   8 % - 正在组装残差
Memory: 1252/1344 1472/1572
           当前进度:   8 % - 组装矩阵
Memory: 1268/1344 1489/1572
           当前进度:   8 % - 矩阵分解
Memory: 1181/1344 1375/1572
Iter      SolEst     Damping    Stepsize #Res #Jac #Sol   LinErr   LinRes
   1        0.26   0.5000000        0.26  115  115  115  6.8e-15  7.7e-16
分离组的解误差估计
0, 0.13
伪时间步进 CFL 比率：
0.64  
分离式求解器迭代 116。
温度    
           当前进度:   8 % - 组装矩阵
Memory: 1252/1344 1472/1572
