*******************************************
***COMSOL 6.4.0.293 progress output file***
*******************************************
Wed Jul 15 12:28:53 CST 2026
COMSOL Multiphysics 6.4 (开发版本: 293) 在批处理模式下启动
正在运行: F:\Thesis\Thermal\Yuan2020_reproduction_v3\comsol\generated\..\Yuan2020Equivalent3D.class
---------- 当前进度: 100 % - 正在更新选择
Memory: 404/404 432/432
           当前进度:   0 % - 长方体
Memory: 412/415 441/443
           当前进度:   8 % - 长方体 2
Memory: 420/420 445/450
-          当前进度:  17 % - 形成联合体
-          当前进度:  17 % - 执行布尔操作
Memory: 424/424 447/450
---------- 当前进度: 100 % - 正在更新选择
---------- 当前进度: 100 % - 正在创建可视化网格
Memory: 430/430 451/451
----       当前进度:  47 % - 生成方程
Memory: 722/725 742/744
------     当前进度:  60 % - 生成方程
Memory: 730/730 749/749
------     当前进度:  66 % - 生成方程
Memory: 736/743 756/762
-------    当前进度:  76 % - 生成方程
Memory: 749/754 769/774

/***************/
/*****错误********/
/***************/
运行 Java 类时出错。
未知属性。
 - 属性: maxiter
未知属性。
 - 类: Yuan2020Equivalent3D
正在保存模型: F:\Thesis\Thermal\Yuan2020_reproduction_v3\comsol\generated\..\Yuan2020Equivalent3D_Model.mph
保存时间: 1 s.
总时间: 15 s.
