*******************************************
***COMSOL 6.4.0.293 progress output file***
*******************************************
Wed Jul 15 12:16:32 CST 2026
COMSOL Multiphysics 6.4 (开发版本: 293) 在批处理模式下启动
正在运行: F:\Thesis\Thermal\Yuan2020_reproduction_v3\comsol\generated\..\Yuan2020Equivalent3D.class
---------- 当前进度: 100 % - 正在更新选择
Memory: 390/390 418/418
           当前进度:   0 % - 长方体
Memory: 399/399 428/428
           当前进度:   8 % - 长方体 2
Memory: 407/407 433/437
-          当前进度:  17 % - 形成联合体
-          当前进度:  17 % - 执行布尔操作
Memory: 411/411 435/437
---------- 当前进度: 100 % - 正在更新选择
---------- 当前进度: 100 % - 正在创建可视化网格
Memory: 416/416 438/438

/***************/
/*****错误********/
/***************/
运行 Java 类时出错。
不可编辑选择。
不可编辑选择。
 - 类: Yuan2020Equivalent3D
正在保存模型: F:\Thesis\Thermal\Yuan2020_reproduction_v3\comsol\generated\..\Yuan2020Equivalent3D_Model.mph
保存时间: 1 s.
总时间: 10 s.
