*******************************************
***COMSOL 6.4.0.293 progress output file***
*******************************************
Wed Jul 15 12:24:39 CST 2026
COMSOL Multiphysics 6.4 (开发版本: 293) 在批处理模式下启动
正在运行: F:\Thesis\Thermal\Yuan2020_reproduction_v3\comsol\generated\..\Yuan2020Equivalent3D.class
---------- 当前进度: 100 % - 正在更新选择
Memory: 399/399 430/432
           当前进度:   0 % - 长方体
Memory: 411/411 440/440
           当前进度:   8 % - 长方体 2
Memory: 418/418 443/445
-          当前进度:  17 % - 形成联合体
-          当前进度:  17 % - 执行布尔操作
Memory: 422/422 446/446
---------- 当前进度: 100 % - 正在更新选择
---------- 当前进度: 100 % - 正在创建可视化网格
Memory: 428/428 449/449
           当前进度:   0 % - 自由四面体网格
Memory: 865/875 886/895
顶点单元数：12
           当前进度:   0 % - 正在创建边界网格
Memory: 920/920 971/971
           当前进度:   0 % - 分析域
Memory: 928/934 977/985
           当前进度:   0 % - 调整边界网格
Memory: 1040/1041 1092/1094
           当前进度:   1 % - 调整边界网格
Memory: 1009/1078 1049/1129
           当前进度:   1 % - 正在创建边界网格
Memory: 1019/1078 1062/1129
边单元数：1610
边界单元数：88564
           当前进度:   1 % - 正在创建初始四面体网格
Memory: 959/1078 988/1129
           当前进度:   2 % - 正在创建初始四面体网格
Memory: 988/1078 1025/1129
           当前进度:   2 % - 相关边界
Memory: 1008/1078 1046/1129
           当前进度:   2 % - 正在插入内部点
Memory: 994/1078 1086/1129
           当前进度:   3 % - 正在提高单元质量
Memory: 988/1078 1039/1129
单元数：181881
最小单元质量：0.232
           当前进度:   3 % - 正在定型网格
Memory: 951/1078 985/1129
           当前进度:   3 % - 生成方程
Memory: 992/1078 1026/1129
<---- 研究 1/解 1 (sol1) 中的“编译方程: 稳态” ---------------------------------------------
开始于 2026年7月15日 12:25:02。
几何形函数: 线性拉格朗日单元
在 Intel64 Family 6 Model 165 Stepping 3, GenuineIntel 上运行。
在以下位置使用 1 个插槽： C201Z 上（共 6 个内核）。
可用内存：16.23 GB。
           当前进度:   3 % - 编译方程: 稳态
Memory: 1085/1089 1118/1129
           当前进度:   4 % - 编译方程: 稳态
Memory: 1080/1138 1107/1176
           当前进度:   4 % - 正在创建可视化网格
Memory: 1082/1138 1109/1176
时间：3。
物理内存: 1.14 GB
虚拟内存: 1.18 GB
结束时间：2026年7月15日 12:25:05。
----- 研究 1/解 1 (sol1) 中的“编译方程: 稳态” -------------------------------------------->
<---- 研究 1/解 1 (sol1) 中的“因变量 1” ------------------------------------------------
开始于 2026年7月15日 12:25:05。
           当前进度:   4 % - 因变量 1
Memory: 1115/1138 1143/1176
求解时间：0 s。
物理内存: 1.12 GB
虚拟内存: 1.14 GB
结束时间：2026年7月15日 12:25:05。
----- 研究 1/解 1 (sol1) 中的“因变量 1” ----------------------------------------------->
<---- 研究 1/解 1 (sol1) 中的“稳态求解器 1” ----------------------------------------------
开始于 2026年7月15日 12:25:05。
参数化求解器
分离式求解器
           当前进度:   5 % - 组装矩阵
Memory: 1131/1150 1153/1176
求解的自由度数：182858（加上 63244 个内部自由度）。
    
参数 uin = 4。
分离式求解器迭代 1。
温度    
           当前进度:   5 % - 
Memory: 1235/1257 1264/1296
           当前进度:   5 % - 组装矩阵
Memory: 1259/1259 1306/1308
找到对称矩阵。
缩放因变量：
温度 (comp1.T): 2.9e+02
已使用正交零空间函数。
           当前进度:   5 % - 矩阵分解
Memory: 1283/1289 1341/1355
Iter      SolEst     Damping    Stepsize #Res #Jac #Sol   LinErr   LinRes
   1       0.017   0.8000000       0.017    1    1    1  2.5e-16  3.4e-16
速度 u，压力 p
           当前进度:   5 % - 
Memory: 1294/1294 1330/1355
           当前进度:   5 % - 组装矩阵
Memory: 1383/1441 1416/1490
找到非对称矩阵。
缩放因变量：
压力 (comp1.p): 0.06
速度场 (comp1.u): 1
已使用正交零空间函数。
           当前进度:   5 % - 正在创建多重网格层次结构
Memory: 1445/1481 1493/1537
Iter      SolEst     Damping    Stepsize #Res #Jac #Sol LinIt   LinErr   LinRes
   1        0.26   0.5000000        0.26    1    1    1     3    0.073  0.00056
分离组的解误差估计
0.014, 0.13
伪时间步进 CFL 比率：
0.17  
           当前进度:   8 % - 正在组装残差
Memory: 1347/1481 1417/1537
           当前进度:   8 % - 
Memory: 1398/1481 1462/1537
分离式求解器迭代 2。
温度    
           当前进度:   8 % - 正在组装残差
Memory: 1421/1481 1618/1621
           当前进度:   8 % - 
Memory: 1452/1481 1647/1648
Iter      SolEst     Damping    Stepsize #Res #Jac #Sol   LinErr   LinRes
   1      0.0034   0.8000000      0.0034    2    2    2  2.7e-16  3.7e-16
速度 u，压力 p
缩放因变量：
压力 (comp1.p): 1.6e-05
速度场 (comp1.u): 0.0052
           当前进度:   8 % - 组装稀疏模式
Memory: 1432/1481 1626/1648
           当前进度:   8 % - 组装矩阵
Memory: 1546/1559 1743/1761
           当前进度:   8 % - 约束处理
Memory: 1689/1689 1923/1923
           当前进度:   8 % - 正在创建多重网格层次结构
Memory: 1734/1772 1949/1993
Iter      SolEst     Damping    Stepsize #Res #Jac #Sol LinIt   LinErr   LinRes
           当前进度:   8 % - 求解线性方程组
Memory: 1580/1772 1787/1993
   1        0.35   0.5000000        0.35    2    2    2     7     0.03  0.00052
分离组的解误差估计
0.0027, 0.18
伪时间步进 CFL 比率：
0.17  
           当前进度:   8 % - 正在组装残差
Memory: 1506/1772 1700/1993
分离式求解器迭代 3。
温度    
           当前进度:   8 % - 组装矩阵
Memory: 1511/1772 1706/1993
Iter      SolEst     Damping    Stepsize #Res #Jac #Sol   LinErr   LinRes
   1     0.00067   0.8000000     0.00067    3    3    3  2.3e-16  3.2e-16
速度 u，压力 p
           当前进度:   8 % - 正在组装残差
Memory: 1486/1772 1678/1993
           当前进度:   8 % - 组装矩阵
Memory: 1590/1772 1787/1993
Iter      SolEst     Damping    Stepsize #Res #Jac #Sol LinIt   LinErr   LinRes
           当前进度:   8 % - 求解线性方程组
Memory: 1575/1772 1774/1993
   1         0.4   0.5000000         0.4    3    3    3    11     0.15   0.0028
分离组的解误差估计
0.00054, 0.2
伪时间步进 CFL 比率：
0.17  
           当前进度:   8 % - 正在组装残差
Memory: 1497/1772 1687/1993
分离式求解器迭代 4。
温度    
Iter      SolEst     Damping    Stepsize #Res #Jac #Sol   LinErr   LinRes
   1     0.00013   0.8000000     0.00013    4    4    4  2.5e-16  3.4e-16
速度 u，压力 p
           当前进度:   8 % - 组装稀疏模式
Memory: 1608/1772 1805/1993
           当前进度:   8 % - 组装矩阵
Memory: 1605/1772 1795/1993
           当前进度:   8 % - 正在创建多重网格层次结构
Memory: 1716/1791 1912/1993
Iter      SolEst     Damping    Stepsize #Res #Jac #Sol LinIt   LinErr   LinRes
           当前进度:   8 % - 求解线性方程组
Memory: 1684/1791 1882/1993
   1         0.4   0.5000000         0.4    4    4    4    16     0.11   0.0015
分离组的解误差估计
0.00011, 0.2
伪时间步进 CFL 比率：
0.17  
           当前进度:   8 % - 
Memory: 1505/1791 1691/1993
分离式求解器迭代 5。
温度    
Iter      SolEst     Damping    Stepsize #Res #Jac #Sol   LinErr   LinRes
   1     2.7e-05   0.8000000     2.7e-05    5    5    5  2.8e-16  3.8e-16
速度 u，压力 p
缩放因变量：
压力 (comp1.p): 0.0057
速度场 (comp1.u): 2.8
           当前进度:   8 % - 正在组装残差
Memory: 1501/1791 1685/1993
           当前进度:   8 % - 组装矩阵
Memory: 1598/1791 1785/1993
           当前进度:   8 % - 正在创建多重网格层次结构
Memory: 1647/1791 1847/1993
Iter      SolEst     Damping    Stepsize #Res #Jac #Sol LinIt   LinErr   LinRes
           当前进度:   8 % - 求解线性方程组
Memory: 1594/1791 1799/1993
   1        0.42   0.5000000        0.42    5    5    5    22     0.18    0.003
分离组的解误差估计
2.2e-05, 0.21
伪时间步进 CFL 比率：
0.17  
           当前进度:   8 % - 正在组装残差
Memory: 1509/1791 1703/1993
分离式求解器迭代 6。
温度    
Iter      SolEst     Damping    Stepsize #Res #Jac #Sol   LinErr   LinRes
   1     5.4e-06   0.8000000     5.4e-06    6    6    6  2.4e-16  3.3e-16
速度 u，压力 p
           当前进度:   8 % - 组装矩阵
Memory: 1598/1791 1787/1993
Iter      SolEst     Damping    Stepsize #Res #Jac #Sol LinIt   LinErr   LinRes
           当前进度:   8 % - 求解线性方程组
Memory: 1673/1791 1872/1993
   1        0.41   0.5000000        0.41    6    6    6    32      0.2   0.0049
分离组的解误差估计
4.3e-06, 0.2
伪时间步进 CFL 比率：
0.17  
分离式求解器迭代 7。
温度    
           当前进度:   8 % - 组装矩阵
Memory: 1523/1791 1709/1993
Iter      SolEst     Damping    Stepsize #Res #Jac #Sol   LinErr   LinRes
   1     1.1e-06   0.8000000     1.1e-06    7    7    7  2.4e-16  3.3e-16
速度 u，压力 p
缩放因变量：
压力 (comp1.p): 42
速度场 (comp1.u): 4.1e+03
           当前进度:   8 % - 
Memory: 1548/1791 1787/1993
           当前进度:   8 % - 组装矩阵
Memory: 1598/1791 1803/1993
           当前进度:   8 % - 正在创建多重网格层次结构
Memory: 1596/1791 1822/1993
Iter      SolEst     Damping    Stepsize #Res #Jac #Sol LinIt   LinErr   LinRes
           当前进度:   8 % - 求解线性方程组
Memory: 1587/1791 1801/1993
   1         0.6   0.5000000         0.6    7    7    7    40     0.24     0.25
分离组的解误差估计
8.6e-07, 0.3
伪时间步进 CFL 比率：
0.17  
           当前进度:   8 % - 正在组装残差
Memory: 1501/1791 1701/1993
分离式求解器迭代 8。
温度    
Iter      SolEst     Damping    Stepsize #Res #Jac #Sol   LinErr   LinRes
   1     2.2e-07   0.8000000     2.2e-07    8    8    8  2.7e-16  3.7e-16
速度 u，压力 p
缩放因变量：
压力 (comp1.p): 1.7e+05
速度场 (comp1.u): 2.6e+05
           当前进度:   8 % - 组装矩阵
Memory: 1595/1791 1794/1993
           当前进度:   8 % - 正在创建多重网格层次结构
Memory: 1735/1791 1947/1999
Iter      SolEst     Damping    Stepsize #Res #Jac #Sol LinIt   LinErr   LinRes
           当前进度:   8 % - 求解线性方程组
Memory: 1580/1791 1783/1999
   1         1.2   0.5000000         1.2    8    8    8    49     0.25    0.023
分离组的解误差估计
1.7e-07, 0.59
伪时间步进 CFL 比率：
0.17  
分离式求解器迭代 9。
温度    
           当前进度:   8 % - 组装矩阵
Memory: 1520/1791 1714/1999
Iter      SolEst     Damping    Stepsize #Res #Jac #Sol   LinErr   LinRes
   1     4.3e-08   0.8000000     4.3e-08    9    9    9  2.4e-16  3.3e-16
速度 u，压力 p
缩放因变量：
压力 (comp1.p): 4e+08
速度场 (comp1.u): 6e+05
           当前进度:   8 % - 正在组装残差
Memory: 1498/1791 1692/1999
           当前进度:   8 % - 组装矩阵
Memory: 1595/1791 1793/1999
           当前进度:   8 % - 预处理
Memory: 1615/1791 1823/1999
           当前进度:   8 % - 正在创建多重网格层次结构
Memory: 1581/1791 1787/1999
Iter      SolEst     Damping    Stepsize #Res #Jac #Sol LinIt   LinErr   LinRes
           当前进度:   8 % - 求解线性方程组
Memory: 1586/1791 1795/1999
   1        0.96   0.5000000        0.96    9    9    9    64     0.16   0.0015
分离组的解误差估计
3.4e-08, 0.48
伪时间步进 CFL 比率：
0.17  
分离式求解器迭代 10。
温度    
           当前进度:   8 % - 组装矩阵
Memory: 1523/1791 1717/1999
Iter      SolEst     Damping    Stepsize #Res #Jac #Sol   LinErr   LinRes
   1     8.6e-09   0.8000000     8.6e-09   10   10   10  2.4e-16  3.3e-16
速度 u，压力 p
           当前进度:   8 % - 
Memory: 1565/1791 1795/1999
           当前进度:   8 % - 组装矩阵
Memory: 1598/1791 1795/1999
           当前进度:   8 % - 预处理
Memory: 1708/1791 1911/1999
Iter      SolEst     Damping    Stepsize #Res #Jac #Sol LinIt   LinErr   LinRes
           当前进度:   8 % - 求解线性方程组
Memory: 1674/1791 1880/1999
   1        0.79   0.5000000        0.79   10   10   10    70     0.16   0.0022
分离组的解误差估计
6.9e-09, 0.39
伪时间步进 CFL 比率：
0.17  
           当前进度:   8 % - 正在组装残差
Memory: 1506/1791 1699/1999
分离式求解器迭代 11。
温度    
Iter      SolEst     Damping    Stepsize #Res #Jac #Sol   LinErr   LinRes
   1     1.7e-09   0.8000000     1.7e-09   11   11   11  2.7e-16  3.7e-16
速度 u，压力 p
           当前进度:   8 % - 组装矩阵
Memory: 1598/1791 1796/1999
Iter      SolEst     Damping    Stepsize #Res #Jac #Sol LinIt   LinErr   LinRes
           当前进度:   8 % - 求解线性方程组
Memory: 1581/1791 1784/1999
   1         1.5   0.5000000         1.5   11   11   11    75     0.23   0.0017
分离组的解误差估计
1.4e-09, 0.73
伪时间步进 CFL 比率：
0.17  
分离式求解器迭代 12。
温度    
           当前进度:   8 % - 组装矩阵
Memory: 1524/1791 1717/1999
Iter      SolEst     Damping    Stepsize #Res #Jac #Sol   LinErr   LinRes
   1     3.4e-10   0.8000000     3.4e-10   12   12   12  2.5e-16  3.4e-16
速度 u，压力 p
           当前进度:   8 % - 
Memory: 1561/1791 1796/1999
           当前进度:   8 % - 组装矩阵
Memory: 1599/1791 1796/1999
Iter      SolEst     Damping    Stepsize #Res #Jac #Sol LinIt   LinErr   LinRes
           当前进度:   8 % - 求解线性方程组
Memory: 1674/1791 1876/1999
   1         1.1   0.5000000         1.1   12   12   12    79     0.12   0.0025
分离组的解误差估计
2.8e-10, 0.54
伪时间步进 CFL 比率：
0.17  
           当前进度:   8 % - 正在组装残差
Memory: 1506/1791 1699/1999
分离式求解器迭代 13。
温度    
           当前进度:   8 % - 
Memory: 1518/1791 1711/1999
Iter      SolEst     Damping    Stepsize #Res #Jac #Sol   LinErr   LinRes
   1     6.9e-11   0.8000000     6.9e-11   13   13   13  2.4e-16  3.2e-16
速度 u，压力 p
           当前进度:   8 % - 组装矩阵
Memory: 1597/1791 1794/1999
Iter      SolEst     Damping    Stepsize #Res #Jac #Sol LinIt   LinErr   LinRes
           当前进度:   8 % - 求解线性方程组
Memory: 1580/1791 1782/1999
   1        0.87   0.5000000        0.87   13   13   13    84    0.058   0.0013
分离组的解误差估计
5.5e-11, 0.43
伪时间步进 CFL 比率：
0.17  
           当前进度:   8 % - 正在组装残差
Memory: 1504/1791 1697/1999
分离式求解器迭代 14。
温度    
Iter      SolEst     Damping    Stepsize #Res #Jac #Sol   LinErr   LinRes
   1     1.4e-11   0.8000000     1.4e-11   14   14   14  2.7e-16  3.7e-16
速度 u，压力 p
           当前进度:   8 % - 组装矩阵
Memory: 1597/1791 1790/1999
           当前进度:   8 % - 约束处理
Memory: 1711/1791 1942/1999
Iter      SolEst     Damping    Stepsize #Res #Jac #Sol LinIt   LinErr   LinRes
           当前进度:   8 % - 求解线性方程组
Memory: 1672/1791 1874/1999
   1        0.93   0.5000000        0.93   14   14   14    89    0.089   0.0013
分离组的解误差估计
1.1e-11, 0.47
伪时间步进 CFL 比率：
0.17  
分离式求解器迭代 15。
温度    
           当前进度:   8 % - 
Memory: 1518/1791 1708/1999
Iter      SolEst     Damping    Stepsize #Res #Jac #Sol   LinErr   LinRes
   1     2.8e-12   0.8000000     2.8e-12   15   15   15  2.5e-16  3.5e-16
速度 u，压力 p
           当前进度:   8 % - 正在组装残差
Memory: 1500/1791 1689/1999
           当前进度:   8 % - 组装矩阵
Memory: 1594/1791 1783/1999
           当前进度:   8 % - 预处理
Memory: 1611/1791 1803/1999
Iter      SolEst     Damping    Stepsize #Res #Jac #Sol LinIt   LinErr   LinRes
           当前进度:   8 % - 求解线性方程组
Memory: 1576/1791 1767/1999
   1         0.9   0.5000000         0.9   15   15   15    95     0.11   0.0017
分离组的解误差估计
2.2e-12, 0.45
伪时间步进 CFL 比率：
0.16  
分离式求解器迭代 16。
温度    
           当前进度:   8 % - 正在组装残差
Memory: 1501/1791 1687/1999
Iter      SolEst     Damping    Stepsize #Res #Jac #Sol   LinErr   LinRes
   1     5.5e-13   0.8000000     5.5e-13   16   16   16  2.4e-16  3.2e-16
速度 u，压力 p
           当前进度:   8 % - 组装矩阵
Memory: 1594/1791 1783/1999
           当前进度:   8 % - 正在创建多重网格层次结构
Memory: 1675/1791 1878/1999
Iter      SolEst     Damping    Stepsize #Res #Jac #Sol LinIt   LinErr   LinRes
           当前进度:   8 % - 求解线性方程组
Memory: 1669/1791 1868/1999
   1           1   0.5000000           1   16   16   16   100     0.13   0.0018
分离组的解误差估计
4.4e-13, 0.51
伪时间步进 CFL 比率：
0.16  
分离式求解器迭代 17。
温度    
           当前进度:   8 % - 组装矩阵
Memory: 1516/1791 1698/1999
Iter      SolEst     Damping    Stepsize #Res #Jac #Sol   LinErr   LinRes
   1     1.1e-13   0.8000000     1.1e-13   17   17   17  2.6e-16  3.6e-16
速度 u，压力 p
           当前进度:   8 % - 正在组装残差
Memory: 1496/1791 1679/1999
           当前进度:   8 % - 组装矩阵
Memory: 1593/1791 1779/1999
Iter      SolEst     Damping    Stepsize #Res #Jac #Sol LinIt   LinErr   LinRes
           当前进度:   8 % - 求解线性方程组
Memory: 1567/1791 1758/1999
   1        0.79   0.5000000        0.79   17   17   17   104     0.14   0.0032
分离组的解误差估计
8.8e-14, 0.4
伪时间步进 CFL 比率：
0.15  
分离式求解器迭代 18。
温度    
           当前进度:   8 % - 组装矩阵
Memory: 1504/1791 1686/1999
Iter      SolEst     Damping    Stepsize #Res #Jac #Sol   LinErr   LinRes
   1     2.2e-14   0.8000000     2.2e-14   18   18   18  2.5e-16  3.5e-16
速度 u，压力 p
           当前进度:   8 % - 正在组装残差
Memory: 1487/1791 1669/1999
           当前进度:   8 % - 组装矩阵
Memory: 1585/1791 1770/1999
           当前进度:   8 % - 正在创建多重网格层次结构
Memory: 1669/1791 1859/1999
Iter      SolEst     Damping    Stepsize #Res #Jac #Sol LinIt   LinErr   LinRes
           当前进度:   8 % - 求解线性方程组
Memory: 1662/1791 1856/1999
   1        0.97   0.5000000        0.97   18   18   18   110     0.13   0.0016
分离组的解误差估计
1.8e-14, 0.49
伪时间步进 CFL 比率：
0.16  
分离式求解器迭代 19。
温度    
           当前进度:   8 % - 组装矩阵
Memory: 1505/1791 1687/1999
Iter      SolEst     Damping    Stepsize #Res #Jac #Sol   LinErr   LinRes
   1     4.3e-15   0.8000000     4.3e-15   19   19   19  2.3e-16  3.2e-16
速度 u，压力 p
           当前进度:   8 % - 正在组装残差
Memory: 1489/1791 1671/1999
           当前进度:   8 % - 组装矩阵
Memory: 1586/1791 1783/1999
Iter      SolEst     Damping    Stepsize #Res #Jac #Sol LinIt   LinErr   LinRes
           当前进度:   8 % - 求解线性方程组
Memory: 1569/1791 1772/1999
   1        0.94   0.5000000        0.94   19   19   19   116      0.1   0.0011
分离组的解误差估计
3.5e-15, 0.47
伪时间步进 CFL 比率：
0.14  
分离式求解器迭代 20。
温度    
           当前进度:   8 % - 组装矩阵
Memory: 1505/1791 1699/1999
Iter      SolEst     Damping    Stepsize #Res #Jac #Sol   LinErr   LinRes
   1     9.5e-16   0.8000000     9.5e-16   20   20   20  2.6e-16  3.5e-16
速度 u，压力 p
           当前进度:   8 % - 
Memory: 1524/1791 1719/1999
           当前进度:   8 % - 组装矩阵
Memory: 1586/1791 1783/1999
Iter      SolEst     Damping    Stepsize #Res #Jac #Sol LinIt   LinErr   LinRes
           当前进度:   8 % - 求解线性方程组
Memory: 1662/1791 1868/1999
   1         2.5   0.5000000         2.5   20   20   20   121    0.042  0.00058
分离组的解误差估计
7.6e-16, 1.2
伪时间步进 CFL 比率：
0.14  
分离式求解器迭代 21。
温度    
           当前进度:   8 % - 组装矩阵
Memory: 1505/1791 1699/1999
Iter      SolEst     Damping    Stepsize #Res #Jac #Sol   LinErr   LinRes
   1     2.3e-16   0.8000000     2.3e-16   21   21   21  2.5e-16  3.3e-16
速度 u，压力 p
           当前进度:   8 % - 正在组装残差
Memory: 1489/1791 1683/1999
           当前进度:   8 % - 组装矩阵
Memory: 1586/1791 1783/1999
Iter      SolEst     Damping    Stepsize #Res #Jac #Sol LinIt   LinErr   LinRes
           当前进度:   8 % - 求解线性方程组
Memory: 1569/1791 1768/1999
   1        0.43   0.5000000        0.43   21   21   21   124    0.096   0.0021
分离组的解误差估计
1.9e-16, 0.22
伪时间步进 CFL 比率：
0.058 
分离式求解器迭代 22。
温度    
           当前进度:   8 % - 正在组装残差
Memory: 1493/1791 1683/1999
Iter      SolEst     Damping    Stepsize #Res #Jac #Sol   LinErr   LinRes
   1     2.3e-17   0.8000000     2.3e-17   22   22   22  2.6e-16  2.6e-16
速度 u，压力 p
           当前进度:   8 % - 组装矩阵
Memory: 1586/1791 1779/1999
           当前进度:   8 % - 正在创建多重网格层次结构
Memory: 1669/1791 1867/1999
Iter      SolEst     Damping    Stepsize #Res #Jac #Sol LinIt   LinErr   LinRes
           当前进度:   8 % - 求解线性方程组
Memory: 1661/1791 1864/1999
   1        0.88   0.5000000        0.88   22   22   22   131    0.088   0.0027
分离组的解误差估计
1.8e-17, 0.44
伪时间步进 CFL 比率：
0.19  
分离式求解器迭代 23。
温度    
           当前进度:   8 % - 正在组装残差
Memory: 1493/1791 1683/1999
Iter      SolEst     Damping    Stepsize #Res #Jac #Sol   LinErr   LinRes
   1     4.5e-18   0.8000000     4.5e-18   23   23   23  2.6e-16  2.7e-16
速度 u，压力 p
           当前进度:   8 % - 组装矩阵
Memory: 1586/1791 1779/1999
           当前进度:   8 % - 正在创建多重网格层次结构
Memory: 1572/1791 1778/1999
Iter      SolEst     Damping    Stepsize #Res #Jac #Sol LinIt   LinErr   LinRes
           当前进度:   8 % - 求解线性方程组
Memory: 1569/1791 1768/1999
   1         0.7   0.5000000         0.7   23   23   23   135     0.14   0.0022
分离组的解误差估计
3.6e-18, 0.35
伪时间步进 CFL 比率：
0.13  
分离式求解器迭代 24。
温度    
           当前进度:   8 % - 组装矩阵
Memory: 1505/1791 1695/1999
Iter      SolEst     Damping    Stepsize #Res #Jac #Sol   LinErr   LinRes
   1     1.6e-18   0.8000000     1.6e-18   24   24   24  2.6e-16  2.7e-16
速度 u，压力 p
Iter      SolEst     Damping    Stepsize #Res #Jac #Sol LinIt   LinErr   LinRes
           当前进度:   8 % - 求解线性方程组
Memory: 1662/1791 1860/1999
   1        0.61   0.5000000        0.61   24   24   24   140    0.047  0.00099
分离组的解误差估计
1.3e-18, 0.3
伪时间步进 CFL 比率：
0.15  
           当前进度:   8 % - 正在组装残差
Memory: 1493/1791 1679/1999
分离式求解器迭代 25。
温度    
Iter      SolEst     Damping    Stepsize #Res #Jac #Sol   LinErr   LinRes
   1           0   0.8000000           0   25   25   25  2.6e-16  2.6e-16
速度 u，压力 p
           当前进度:   8 % - 组装矩阵
Memory: 1586/1791 1775/1999
           当前进度:   8 % - 约束处理
Memory: 1659/1791 1872/1999
Iter      SolEst     Damping    Stepsize #Res #Jac #Sol LinIt   LinErr   LinRes
           当前进度:   8 % - 求解线性方程组
Memory: 1569/1791 1764/1999
   1        0.57   0.5000000        0.57   25   25   25   144     0.17   0.0034
分离组的解误差估计
0, 0.28
伪时间步进 CFL 比率：
0.15  
分离式求解器迭代 26。
温度    
           当前进度:   8 % - 正在组装残差
Memory: 1494/1791 1679/1999
Iter      SolEst     Damping    Stepsize #Res #Jac #Sol   LinErr   LinRes
   1           0   0.8000000           0   26   26   26  2.6e-16  2.7e-16
速度 u，压力 p
           当前进度:   8 % - 组装矩阵
Memory: 1586/1791 1775/1999
           当前进度:   8 % - 
Memory: 1679/1791 1871/1999
Iter      SolEst     Damping    Stepsize #Res #Jac #Sol LinIt   LinErr   LinRes
           当前进度:   8 % - 求解线性方程组
Memory: 1662/1791 1856/1999
   1         0.7   0.5000000         0.7   26   26   26   148     0.16   0.0036
分离组的解误差估计
0, 0.35
伪时间步进 CFL 比率：
0.16  
分离式求解器迭代 27。
温度    
           当前进度:   8 % - 正在组装残差
Memory: 1494/1791 1679/1999
Iter      SolEst     Damping    Stepsize #Res #Jac #Sol   LinErr   LinRes
   1           0   0.8000000           0   27   27   27  2.7e-16  2.7e-16
速度 u，压力 p
           当前进度:   8 % - 组装矩阵
Memory: 1586/1791 1771/1999
Iter      SolEst     Damping    Stepsize #Res #Jac #Sol LinIt   LinErr   LinRes
           当前进度:   8 % - 求解线性方程组
Memory: 1569/1791 1759/1999
   1        0.49   0.5000000        0.49   27   27   27   152    0.099   0.0025
分离组的解误差估计
0, 0.25
伪时间步进 CFL 比率：
0.14  
           当前进度:   8 % - 正在组装残差
Memory: 1493/1791 1675/1999
分离式求解器迭代 28。
温度    
Iter      SolEst     Damping    Stepsize #Res #Jac #Sol   LinErr   LinRes
   1           0   0.8000000           0   28   28   28  2.6e-16  2.6e-16
速度 u，压力 p
           当前进度:   8 % - 组装矩阵
Memory: 1586/1791 1783/1999
Iter      SolEst     Damping    Stepsize #Res #Jac #Sol LinIt   LinErr   LinRes
           当前进度:   8 % - 求解线性方程组
Memory: 1662/1791 1868/1999
   1         0.8   0.5000000         0.8   28   28   28   156     0.16   0.0054
分离组的解误差估计
0, 0.4
伪时间步进 CFL 比率：
0.16  
           当前进度:   8 % - 正在组装残差
Memory: 1493/1791 1687/1999
分离式求解器迭代 29。
温度    
Iter      SolEst     Damping    Stepsize #Res #Jac #Sol   LinErr   LinRes
   1           0   0.8000000           0   29   29   29  2.6e-16  2.7e-16
速度 u，压力 p
           当前进度:   8 % - 组装矩阵
Memory: 1586/1791 1783/1999
           当前进度:   8 % - 约束处理
Memory: 1599/1791 1840/1999
Iter      SolEst     Damping    Stepsize #Res #Jac #Sol LinIt   LinErr   LinRes
           当前进度:   8 % - 求解线性方程组
Memory: 1569/1791 1772/1999
   1         0.4   0.5000000         0.4   29   29   29   160    0.071   0.0014
分离组的解误差估计
0, 0.2
伪时间步进 CFL 比率：
0.12  
分离式求解器迭代 30。
温度    
           当前进度:   8 % - 组装矩阵
Memory: 1505/1791 1699/1999
Iter      SolEst     Damping    Stepsize #Res #Jac #Sol   LinErr   LinRes
   1           0   0.8000000           0   30   30   30  2.6e-16  2.6e-16
速度 u，压力 p
           当前进度:   8 % - 正在组装残差
Memory: 1489/1791 1683/1999
           当前进度:   8 % - 组装矩阵
Memory: 1586/1791 1779/1999
Iter      SolEst     Damping    Stepsize #Res #Jac #Sol LinIt   LinErr   LinRes
           当前进度:   8 % - 求解线性方程组
Memory: 1662/1791 1864/1999
           当前进度:   8 % - 
   1         1.6   0.5000000         1.6   30   30   30   166     0.11   0.0029
分离组的解误差估计
0, 0.8
伪时间步进 CFL 比率：
0.17  
分离式求解器迭代 31。
温度    
           当前进度:   8 % - 组装矩阵
Memory: 1505/1791 1695/1999
Iter      SolEst     Damping    Stepsize #Res #Jac #Sol   LinErr   LinRes
   1           0   0.8000000           0   31   31   31  2.6e-16  2.6e-16
速度 u，压力 p
           当前进度:   8 % - 正在创建多重网格层次结构
Memory: 1584/1791 1778/1999
Iter      SolEst     Damping    Stepsize #Res #Jac #Sol LinIt   LinErr   LinRes
           当前进度:   8 % - 求解线性方程组
Memory: 1569/1791 1768/1999
   1        0.62   0.5000000        0.62   31   31   31   169    0.098   0.0017
分离组的解误差估计
0, 0.31
伪时间步进 CFL 比率：
0.058 
分离式求解器迭代 32。
温度    
           当前进度:   8 % - 组装矩阵
Memory: 1505/1791 1695/1999
Iter      SolEst     Damping    Stepsize #Res #Jac #Sol   LinErr   LinRes
   1           0   0.8000000           0   32   32   32  2.6e-16  2.6e-16
速度 u，压力 p
           当前进度:   8 % - 正在组装残差
Memory: 1489/1791 1679/1999
           当前进度:   8 % - 组装矩阵
Memory: 1586/1791 1779/1999
Iter      SolEst     Damping    Stepsize #Res #Jac #Sol LinIt   LinErr   LinRes
           当前进度:   8 % - 求解线性方程组
Memory: 1662/1791 1864/1999
   1         0.4   0.5000000         0.4   32   32   32   173    0.076    0.002
分离组的解误差估计
0, 0.2
伪时间步进 CFL 比率：
0.14  
           当前进度:   8 % - 正在组装残差
Memory: 1524/1791 1715/1999
分离式求解器迭代 33。
温度    
           当前进度:   8 % - 约束处理
Memory: 1496/1791 1682/1999
Iter      SolEst     Damping    Stepsize #Res #Jac #Sol   LinErr   LinRes
   1           0   0.8000000           0   33   33   33  2.6e-16  2.6e-16
速度 u，压力 p
           当前进度:   8 % - 组装矩阵
Memory: 1586/1791 1783/1999
Iter      SolEst     Damping    Stepsize #Res #Jac #Sol LinIt   LinErr   LinRes
           当前进度:   8 % - 求解线性方程组
Memory: 1569/1791 1772/1999
   1        0.96   0.5000000        0.96   33   33   33   177     0.13   0.0043
分离组的解误差估计
0, 0.48
伪时间步进 CFL 比率：
0.16  
           当前进度:   8 % - 正在组装残差
Memory: 1493/1791 1687/1999
分离式求解器迭代 34。
温度    
Iter      SolEst     Damping    Stepsize #Res #Jac #Sol   LinErr   LinRes
   1           0   0.8000000           0   34   34   34  2.7e-16  2.7e-16
速度 u，压力 p
           当前进度:   8 % - 组装矩阵
Memory: 1586/1791 1783/1999
Iter      SolEst     Damping    Stepsize #Res #Jac #Sol LinIt   LinErr   LinRes
           当前进度:   8 % - 求解线性方程组
Memory: 1662/1791 1868/1999
   1        0.66   0.5000000        0.66   34   34   34   180     0.15   0.0036
分离组的解误差估计
0, 0.33
伪时间步进 CFL 比率：
0.09  
分离式求解器迭代 35。
温度    
           当前进度:   8 % - 正在组装残差
Memory: 1493/1791 1687/1999
Iter      SolEst     Damping    Stepsize #Res #Jac #Sol   LinErr   LinRes
   1           0   0.8000000           0   35   35   35  2.6e-16  2.7e-16
速度 u，压力 p
           当前进度:   8 % - 组装矩阵
Memory: 1586/1791 1779/1999
           当前进度:   8 % - 正在创建多重网格层次结构
Memory: 1576/1791 1771/1999
Iter      SolEst     Damping    Stepsize #Res #Jac #Sol LinIt   LinErr   LinRes
   1         1.8   0.5000000         1.8   35   35   35   184    0.048   0.0015
分离组的解误差估计
0, 0.92
伪时间步进 CFL 比率：
0.12  
           当前进度:   8 % - 正在组装残差
Memory: 1531/1791 1727/1999
分离式求解器迭代 36。
温度    
           当前进度:   8 % - 组装矩阵
Memory: 1508/1791 1697/1999
Iter      SolEst     Damping    Stepsize #Res #Jac #Sol   LinErr   LinRes
   1           0   0.8000000           0   36   36   36  2.6e-16  2.7e-16
速度 u，压力 p
Iter      SolEst     Damping    Stepsize #Res #Jac #Sol LinIt   LinErr   LinRes
           当前进度:   8 % - 求解线性方程组
Memory: 1662/1791 1860/1999
   1        0.17   0.5000000        0.17   36   36   36   187    0.059    0.001
分离组的解误差估计
0, 0.087
伪时间步进 CFL 比率：
0.032 
           当前进度:   8 % - 正在组装残差
Memory: 1494/1791 1679/1999
分离式求解器迭代 37。
温度    
Iter      SolEst     Damping    Stepsize #Res #Jac #Sol   LinErr   LinRes
   1           0   0.8000000           0   37   37   37  2.6e-16  2.6e-16
速度 u，压力 p
           当前进度:   8 % - 组装矩阵
Memory: 1587/1791 1775/1999
           当前进度:   8 % - 正在创建多重网格层次结构
Memory: 1577/1791 1767/1999
Iter      SolEst     Damping    Stepsize #Res #Jac #Sol LinIt   LinErr   LinRes
           当前进度:   8 % - 求解线性方程组
Memory: 1569/1791 1759/1999
   1        0.69   0.5000000        0.69   37   37   37   201    0.083        -
分离组的解误差估计
0, 0.34
伪时间步进 CFL 比率：
0.22  
分离式求解器迭代 38。
温度    
           当前进度:   8 % - 正在组装残差
Memory: 1494/1791 1679/1999
Iter      SolEst     Damping    Stepsize #Res #Jac #Sol   LinErr   LinRes
   1           0   0.8000000           0   38   38   38  2.6e-16  2.6e-16
速度 u，压力 p
           当前进度:   8 % - 组装矩阵
Memory: 1586/1791 1771/1999
           当前进度:   8 % - 正在创建多重网格层次结构
Memory: 1669/1791 1859/1999
Iter      SolEst     Damping    Stepsize #Res #Jac #Sol LinIt   LinErr   LinRes
           当前进度:   8 % - 求解线性方程组
Memory: 1662/1791 1856/1999
   1        0.39   0.5000000        0.39   38   38   38   206    0.026  0.00024
分离组的解误差估计
0, 0.19
伪时间步进 CFL 比率：
0.1   
分离式求解器迭代 39。
温度    
           当前进度:   8 % - 组装矩阵
Memory: 1505/1791 1687/1999
Iter      SolEst     Damping    Stepsize #Res #Jac #Sol   LinErr   LinRes
   1           0   0.8000000           0   39   39   39  2.6e-16  2.6e-16
速度 u，压力 p
           当前进度:   8 % - 
Memory: 1555/1791 1771/1999
           当前进度:   8 % - 组装矩阵
Memory: 1586/1791 1771/1999
Iter      SolEst     Damping    Stepsize #Res #Jac #Sol LinIt   LinErr   LinRes
           当前进度:   8 % - 求解线性方程组
Memory: 1569/1791 1759/1999
   1        0.56   0.5000000        0.56   39   39   39   214    0.074  0.00097
分离组的解误差估计
0, 0.28
伪时间步进 CFL 比率：
0.15  
分离式求解器迭代 40。
温度    
           当前进度:   8 % - 组装矩阵
Memory: 1505/1791 1687/1999
Iter      SolEst     Damping    Stepsize #Res #Jac #Sol   LinErr   LinRes
   1           0   0.8000000           0   40   40   40  2.6e-16  2.7e-16
速度 u，压力 p
           当前进度:   8 % - 正在组装残差
Memory: 1489/1791 1670/1999
           当前进度:   8 % - 组装矩阵
Memory: 1586/1791 1771/1999
           当前进度:   8 % - 正在创建多重网格层次结构
Memory: 1677/1791 1866/1999
Iter      SolEst     Damping    Stepsize #Res #Jac #Sol LinIt   LinErr   LinRes
           当前进度:   8 % - 求解线性方程组
Memory: 1662/1791 1856/1999
   1        0.37   0.5000000        0.37   40   40   40   219    0.038  0.00055
分离组的解误差估计
0, 0.18
伪时间步进 CFL 比率：
0.12  
分离式求解器迭代 41。
温度    
           当前进度:   8 % - 组装矩阵
Memory: 1506/1791 1687/1999
Iter      SolEst     Damping    Stepsize #Res #Jac #Sol   LinErr   LinRes
   1           0   0.8000000           0   41   41   41  2.6e-16  2.7e-16
速度 u，压力 p
           当前进度:   8 % - 
Memory: 1548/1791 1771/1999
           当前进度:   8 % - 组装矩阵
Memory: 1586/1791 1771/1999
           当前进度:   8 % - 预处理
Memory: 1604/1791 1791/1999
