*******************************************
***COMSOL 6.4.0.293 progress output file***
*******************************************
Fri Jul 17 18:12:06 CST 2026
COMSOL Multiphysics 6.4 (开发版本: 293) 在批处理模式下启动
正在运行: F:\Thesis\Thermal\Yuan2020_reproduction_v3\comsol\v15_reference\V15Fixed60NetworkConfirmation.class
           当前进度:   2 % - 生成方程
Memory: 637/639 661/664
           当前进度:   3 % - 研究 1
Memory: 652/653 677/678
<---- 研究 1/解 1 (sol1) 中的“编译方程: 瞬态” ---------------------------------------------
开始于 2026年7月17日 18:13:42。
在 Intel64 Family 6 Model 165 Stepping 3, GenuineIntel 上运行。
在以下位置使用 1 个插槽： C201Z 上（共 6 个内核）。
可用内存：16.23 GB。
           当前进度:   3 % - 编译方程: 瞬态
Memory: 648/656 672/680
           当前进度:   5 % - 编译方程: 瞬态
Memory: 662/663 681/686
时间：1。
物理内存: 679 MB
虚拟内存: 698 MB
结束时间：2026年7月17日 18:13:43。
----- 研究 1/解 1 (sol1) 中的“编译方程: 瞬态” -------------------------------------------->
<---- 研究 1/解 1 (sol1) 中的“因变量 1” ------------------------------------------------
开始于 2026年7月17日 18:13:43。
           当前进度:   5 % - 因变量 1
Memory: 683/683 725/725
求解时间：0 s。
物理内存: 683 MB
虚拟内存: 725 MB
结束时间：2026年7月17日 18:13:43。
----- 研究 1/解 1 (sol1) 中的“因变量 1” ----------------------------------------------->
<---- 研究 1/解 1 (sol1) 中的“瞬态求解器 1” ----------------------------------------------
开始于 2026年7月17日 18:13:43。
瞬态求解器 (BDF)
           当前进度:   7 % - 瞬态求解器 1
Memory: 673/695 720/741
求解的自由度数：1200。
找到非对称矩阵。
缩放因变量：
全局方程 1 (comp1.ODE1): 5.1
Step        Time    Stepsize      Res  Jac  Sol Order Tfail NLfail   LinErr   LinRes
   0          50           - out    4    3    4                  0  2.1e-16  2.1e-16
   1      50.004  2.3759e-07        5    4    5     1     0      0  1.8e-16  1.8e-16
   6      50.004  3.8014e-06       10    7   10     2     0      0  1.9e-16  1.9e-16
  10      50.004  6.0822e-05       14   11   14     2     0      0  2.1e-16  2.1e-16
  14      50.006  0.00097316       18   15   18     2     0      0    2e-16    2e-16
  20      50.024   0.0034635       27   17   27     2     0      0  1.9e-16  1.9e-16
  28      50.081   0.0094737       39   18   39     4     1      0  2.1e-16  2.2e-16
  41      50.204   0.0094737       52   18   52     4     1      0    2e-16  2.1e-16
  53       50.38    0.017053       67   18   67     5     1      0  2.1e-16  2.2e-16
  63       50.67    0.034105       78   19   78     5     1      0  2.1e-16  2.4e-16
  73      51.045     0.06821       89   20   89     5     1      0  2.2e-16  2.1e-16
  86      51.843    0.061389      103   20  103     5     1      0  2.3e-16    3e-16
  96      52.764      0.1105      115   21  115     5     1      0  2.2e-16  3.6e-16
 109      54.201      0.1105      128   21  128     5     1      0  2.3e-16  3.9e-16
 119      55.505      0.1989      140   22  140     5     1      0  2.3e-16  4.8e-16
 133      58.289      0.1989      154   22  154     5     1      0  2.4e-16  4.9e-16
 141      61.273      0.3978      163   23  163     5     1      0  2.6e-16  7.2e-16
 150      67.638      1.5912      176   25  176     3     1      0  3.5e-16  3.3e-16
 157      91.239      5.3792      186   27  186     3     1      0    3e-16  1.6e-15
 160       99.98      0.6724      195   30  195     2     3      0  3.2e-16  3.3e-16
 161      99.985   0.0052531      204   35  204     1     7      0  1.5e-16  1.5e-16
 163      99.997   0.0013133      210   39  210     1     9      0  1.4e-16  1.4e-16
 165         100  0.00032832      216   43  216     1    11      0  1.5e-16  1.5e-16
 166         100   4.104e-05      221   46  221     1    13      0  1.4e-16  1.4e-16
 168         100   1.026e-05      227   50  227     1    15      0  1.5e-16  1.5e-16
 170         100  6.4125e-07      235   55  235     1    18      0  1.3e-16  1.3e-16
   -         100           - out
 172         100  1.6031e-07      242   59  242     1    20      0    2e-16    2e-16
 176         100   2.565e-06      246   63  246     1    20      0  2.1e-16  2.1e-16
 180         100   4.104e-05      250   67  250     1    20      0  2.2e-16  2.2e-16
           当前进度:   9 % - 
Memory: 722/722 767/767
 182         100  0.00016416      254   69  254     1    20      0    2e-16    2e-16
 186         100  0.00065664      260   70  260     2    20      0    2e-16  2.1e-16
 191      100.01   0.0026266      267   72  267     2    20      0  2.3e-16  2.3e-16
 198      100.04   0.0069467      278   73  278     3    21      0  2.1e-16  2.2e-16
 205       100.1    0.012321      288   75  288     4    21      0    2e-16  2.1e-16
 213      100.22    0.015361      301   75  301     5    22      0  2.3e-16  2.4e-16
 219      100.37    0.026453      309   76  309     5    22      0  2.4e-16  2.5e-16
 230      100.69    0.052906      321   77  321     5    22      0  2.2e-16  2.1e-16
 243      101.38    0.052906      334   77  334     5    22      0  2.1e-16  2.6e-16
 251      102.06     0.10581      343   78  343     5    22      0  2.3e-16  3.7e-16
 261      103.12     0.10581      353   78  353     5    22      0  2.2e-16  3.5e-16
 273      104.39     0.10581      365   78  365     5    22      0  2.2e-16  3.5e-16
 281       105.5     0.18211      378   81  378     5    23      0  2.5e-16  2.4e-16
 294      107.87     0.18211      391   81  391     5    23      0  2.2e-16  4.3e-16
 304      111.15     0.36423      402   82  402     5    23      0  2.3e-16    6e-16
 311      115.16     0.72846      412   83  412     3    23      0  2.7e-16  9.6e-16
 318      131.18      5.8277      422   86  422     3    23      0  3.5e-16  3.4e-16
 325      192.37      2.9138      432   88  432     3    24      0  1.6e-16  1.5e-16
 327      198.93     0.72846      440   92  440     2    26      0  3.3e-16    3e-16
 329      199.48     0.18211      446   96  446     2    28      0  1.6e-16  1.6e-16
 331      199.89    0.045529      452  100  452     2    30      0  1.7e-16  1.7e-16
 333      199.99    0.011382      458  104  458     2    32      0  1.5e-16  1.5e-16
 335         200   0.0028455      464  108  464     2    34      0  1.5e-16  1.5e-16
 337         200  0.00071139      470  112  470     2    36      0  1.7e-16  1.7e-16
 339         200  0.00071139      474  115  474     2    37      0  1.8e-16  1.8e-16
 340         200  8.8923e-05      479  118  479     2    39      0  1.6e-16  1.6e-16
 342         200  5.5577e-06      487  123  487     1    42      0  1.4e-16  1.4e-16
 344         200  1.3894e-06      493  127  493     1    44      0  1.4e-16  1.4e-16
 346         200  5.2137e-07      499  131  499     1    46      0  1.4e-16  1.4e-16
 349         200  7.7253e-07      505  134  505     1    47      0    2e-16    2e-16
 352         200  6.1802e-06      508  137  508     1    47      0  2.1e-16  2.1e-16
 356         200  9.8883e-05      513  141  513     1    47      0  2.1e-16  2.1e-16
 362         200  0.00079107      522  143  522     2    47      0    2e-16    2e-16
 366      200.01   0.0031643      528  145  528     2    47      0    2e-16    2e-16
 373      200.05   0.0079245      539  146  539     3    48      0  2.3e-16  2.4e-16
 379       200.1    0.015849      547  148  547     4    48      0  2.3e-16  2.2e-16
 385       200.2    0.017159      558  148  558     4    49      0  2.1e-16  2.2e-16
 391      200.33    0.029669      567  149  567     5    49      0  2.2e-16  2.3e-16
 401      200.63    0.029669      577  149  577     5    49      0  2.2e-16  2.4e-16
 410       201.1    0.059338      587  150  587     5    49      0  2.4e-16  2.9e-16
 420      201.75     0.11868      598  151  598     5    49      0  2.5e-16  2.4e-16
 433      203.14     0.10681      612  151  612     5    49      0  2.2e-16  3.6e-16
-          当前进度:  14 % - 
 441         204     0.10681      620  151  620     5    49      0  2.2e-16  3.6e-16
 445      204.42     0.10681      624  151  624     5    49      0  2.2e-16  3.6e-16
 449      204.96     0.21362      629  152  629     5    49      0  2.9e-16  2.5e-16
 458      206.69     0.19225      639  152  639     5    49      0  2.5e-16  5.2e-16
 467      208.61     0.38451      649  153  649     5    49      0  2.8e-16  2.7e-16
 478      213.23     0.76901      661  154  661     5    49      0  3.6e-16  3.3e-16
 483      218.61       1.538      669  155  669     3    49      0  3.2e-16  1.6e-15
 486      227.34      4.3672      676  156  676     3    50      0  3.1e-16    1e-15
 492      271.01      8.7343      683  157  683     3    50      0  1.6e-16  1.6e-16
 495      298.31      1.0918      692  160  692     3    52      0  3.5e-16  2.8e-16
 498      299.98    0.034119      704  167  704     1    56      0  2.3e-16  2.1e-16
 500         300   0.0005331      714  173  714     1    60      0  1.5e-16  1.5e-16
 502         300   0.0005331      718  176  718     1    61      0  1.6e-16  1.6e-16
 503         300  1.6659e-05      725  180  725     1    64      0  1.2e-16  1.2e-16
 505         300  4.1649e-06      731  184  731     1    66      0  1.9e-16  1.9e-16
   -         300           - out
 507         300  1.0412e-06      738  188  738     1    68      0  1.8e-16  1.8e-16
 512         300  1.2928e-05      743  191  743     1    68      0  2.1e-16  2.1e-16
 515         300  0.00010343      747  194  747     1    68      0  1.9e-16  1.9e-16
 519         300   0.0004137      753  196  753     1    68      0  2.3e-16  2.3e-16
 525      300.01   0.0033096      762  198  762     2    68      0  2.3e-16  2.3e-16
 532      300.05   0.0085768      773  199  773     3    69      0  2.2e-16  2.3e-16
 538      300.11    0.017154      781  201  781     4    69      0  2.3e-16  2.2e-16
 544      300.21     0.01844      792  201  792     4    70      0    2e-16  2.1e-16
 552      300.42    0.031892      803  202  803     5    70      0  2.2e-16  2.4e-16
 563       300.8    0.063783      815  203  815     5    70      0  2.3e-16  2.2e-16
 576      301.63    0.063783      828  203  828     5    70      0  2.2e-16  2.9e-16
 582      302.23     0.11481      836  204  836     5    70      0  2.3e-16  3.8e-16
 594      303.61     0.11481      848  204  848     5    70      0  2.1e-16  3.5e-16
 606       305.1     0.22962      861  205  861     5    70      0  2.7e-16  2.5e-16
 619      307.79     0.20666      875  205  875     5    70      0  2.2e-16  4.8e-16
 627      310.47     0.41332      884  206  884     5    70      0  2.5e-16    7e-16
 636      315.85     0.82663      895  207  895     4    70      0  2.9e-16  1.1e-15
 639      321.14      2.9759      902  209  902     3    71      0  3.5e-16  2.7e-16
 644      347.48      10.538      910  211  910     3    71      0    4e-16  3.5e-16
 650      397.54      2.6346      922  215  922     2    73      0    4e-16  3.7e-16
 653      399.68     0.16466      933  220  933     2    76      0  1.6e-16  1.6e-16
 656      399.95    0.020583      942  226  942     2    79      0  1.7e-16  1.7e-16
 658      399.99   0.0051457      948  230  948     2    81      0  1.5e-16  1.5e-16
 660         400   0.0012864      954  234  954     2    83      0  1.7e-16  1.7e-16
--         当前进度:  24 % - 矩阵分解
Memory: 723/728 767/773
 663         400   0.0001608      963  240  963     2    86      0    2e-16    2e-16
 664         400  5.0251e-06      970  244  970     1    89      0  1.5e-16  1.5e-16
 666         400  1.2563e-06      976  248  976     1    91      0  1.8e-16  1.8e-16
 670         400  3.0049e-06      983  252  983     1    92      0  2.1e-16  2.1e-16
 673         400  2.4039e-05      986  255  986     1    92      0  2.2e-16  2.2e-16
 676         400  0.00019231      991  258  991     1    92      0  2.1e-16  2.1e-16
 683      400.01   0.0015385     1001  260 1001     2    92      0    2e-16    2e-16
 690      400.04    0.006154     1010  261 1010     3    92      0  2.1e-16  2.1e-16
 698      400.13     0.01787     1022  262 1022     4    93      0    2e-16    2e-16
 706      400.29    0.024388     1034  263 1034     5    94      0  2.1e-16  2.5e-16
 719      400.61    0.024388     1047  263 1047     5    94      0  2.3e-16  2.5e-16
 731      401.07    0.048776     1061  263 1061     4    94      0    2e-16  2.3e-16
 744       401.7    0.048776     1075  263 1075     5    94      0  2.4e-16  2.7e-16
 757      402.34    0.048776     1088  263 1088     5    94      0  2.4e-16  2.7e-16
 770      402.97    0.048776     1102  263 1102     4    94      0  2.5e-16  2.7e-16
 783      403.61    0.048776     1117  263 1117     4    94      0  2.3e-16  2.6e-16
 790      404.04    0.087246     1126  264 1126     4    94      0  2.4e-16  2.8e-16
 798         405     0.17449     1135  264 1135     5    94      0  2.3e-16  3.2e-16
 809      406.91     0.17449     1147  265 1147     4    94      0  2.6e-16  2.4e-16
 818      408.66     0.34898     1158  266 1158     5    94      0  2.8e-16  2.7e-16
 828       413.2     0.69797     1171  267 1171     4    94      0  2.7e-16  8.8e-16
 834      420.87      2.7919     1180  269 1180     3    94      0  3.3e-16  2.6e-16
 839       446.5      9.0457     1189  271 1189     3    94      0  3.1e-16  3.1e-16
 845      496.25      9.0457     1199  274 1199     3    95      0  3.4e-16  3.8e-16
 848      499.36     0.28268     1210  278 1210     2    98      0  1.8e-16  1.8e-16
 850      499.95    0.017667     1219  283 1219     1   101      0  2.4e-16  2.3e-16
 852      499.99   0.0044168     1226  287 1226     1   103      0  1.6e-16  1.6e-16
 854         500   0.0011042     1232  291 1232     1   105      0  1.5e-16  1.5e-16
 856         500  0.00027605     1238  295 1238     1   107      0  1.6e-16  1.6e-16
 858         500  1.7253e-05     1246  300 1246     1   110      0  1.2e-16  1.2e-16
 860         500  4.3133e-06     1252  304 1252     1   112      0  1.4e-16  1.4e-16
   -         500           - out
 862         500  6.4199e-07     1261  309 1261     1   115      0  1.8e-16  1.8e-16
 867         500  9.2447e-06     1266  313 1266     1   115      0  1.7e-16  1.7e-16
 871         500  0.00014792     1271  317 1271     1   115      0  1.9e-16  1.9e-16
 876         500  0.00053249     1279  319 1279     1   115      0    2e-16    2e-16
 883      500.01     0.00426     1289  321 1289     2   115      0  2.2e-16  2.2e-16
 892      500.08    0.012569     1302  322 1302     4   116      0  2.3e-16  2.3e-16
 904      500.29    0.021231     1316  322 1316     4   116      0  2.1e-16  2.2e-16
 912      500.51    0.038216     1327  323 1327     5   116      0  2.5e-16  2.6e-16
 922      500.93    0.076432     1338  324 1338     5   116      0  2.6e-16  2.5e-16
 935      501.93    0.076432     1351  324 1351     5   116      0    2e-16  2.9e-16
--         当前进度:  29 % - 矩阵分解
 942      502.54     0.15286     1359  325 1359     5   116      0  2.6e-16  2.5e-16
 951      503.78     0.13758     1369  325 1369     5   116      0  2.3e-16  4.2e-16
 960      505.02     0.13758     1378  325 1378     5   116      0  2.3e-16  4.1e-16
 969       506.8     0.27515     1388  326 1388     5   116      0  2.5e-16  5.7e-16
 981      510.38     0.55031     1401  327 1401     5   116      0  2.9e-16  2.7e-16
 988      514.78      1.1006     1411  328 1411     3   116      0  3.3e-16  2.9e-16
 994      523.59      2.2012     1418  329 1418     3   116      0  3.3e-16  1.8e-15
 997      544.72      7.9244     1424  331 1424     3   116      0  1.9e-16  1.7e-16
1003      596.23      3.9622     1438  333 1438     3   117      0  4.2e-16  3.9e-16
1005       599.2     0.99056     1445  337 1445     3   119      0  1.7e-16  1.6e-16
1007      599.94     0.24764     1451  341 1451     3   121      0  1.7e-16  1.7e-16
1009      599.99    0.015477     1459  346 1459     3   124      0  1.7e-16  1.7e-16
1011         600  0.00096734     1467  351 1467     3   127      0  1.6e-16  1.6e-16
1013         600   0.0001347     1475  356 1475     3   130      0  1.4e-16  1.4e-16
1015         600  5.4238e-06     1486  361 1486     3   134      0  1.6e-16  1.6e-16
1018         600  5.6769e-06     1496  362 1496     2   136      0  1.9e-16  1.9e-16
1022         600  4.5415e-05     1501  365 1501     1   136      0  2.1e-16  2.1e-16
1025         600  0.00036332     1506  368 1506     1   136      0  2.1e-16  2.1e-16
1032      600.01   0.0029066     1516  370 1516     2   136      0  2.2e-16  2.1e-16
1039      600.05    0.010193     1526  371 1526     3   136      0  2.2e-16  2.2e-16
1048      600.16    0.018347     1538  372 1538     4   136      0  2.3e-16  2.4e-16
1057      600.38    0.032288     1550  373 1550     5   136      0  2.1e-16  2.3e-16
1068      600.77    0.064576     1562  374 1562     5   136      0  2.1e-16    2e-16
1079      601.48    0.064576     1573  374 1573     5   136      0  2.1e-16  2.8e-16
1086       602.1      0.1126     1585  377 1585     5   137      0  2.5e-16  2.3e-16
1099      603.56      0.1126     1598  377 1598     5   137      0  2.2e-16  3.5e-16
1108      604.78     0.20267     1609  378 1609     5   137      0  2.4e-16  4.9e-16
1114      605.93     0.19258     1618  380 1618     5   138      0  2.5e-16  4.9e-16
1124      608.21     0.34665     1630  381 1630     5   138      0  2.3e-16  6.3e-16
1134      612.02      0.6933     1641  382 1641     5   138      0  3.1e-16  2.7e-16
1143      622.42      2.7732     1653  384 1653     3   138      0  3.3e-16  3.1e-16
1150      672.34      11.093     1662  386 1662     3   138      0  1.7e-16  1.6e-16
1153      695.91      1.3866     1669  389 1669     3   140      0  1.6e-16  1.5e-16
1155      699.03     0.34665     1677  393 1677     2   142      0  2.9e-16  2.7e-16
1157      699.81    0.086663     1684  397 1684     2   144      0  1.5e-16  1.5e-16
1159      699.99   0.0054164     1692  402 1692     1   147      0  1.8e-16  1.8e-16
1161         700   0.0013541     1698  406 1698     1   149      0  1.6e-16  1.6e-16
1163         700  0.00033853     1704  410 1704     1   151      0  1.6e-16  1.6e-16
1165         700  8.4632e-05     1710  414 1710     1   153      0  1.7e-16  1.7e-16
1167         700  2.1158e-05     1716  418 1716     1   155      0  1.5e-16  1.5e-16
---        当前进度:  39 % - 矩阵分解
1169         700  5.2895e-06     1722  422 1722     1   157      0  1.3e-16  1.3e-16
   -         700           - out
1171         700  1.6344e-06     1729  426 1729     1   159      0    2e-16    2e-16
1176         700  2.1337e-05     1734  429 1734     1   159      0    2e-16    2e-16
1180         700  0.00034139     1740  433 1740     1   159      0  2.2e-16  2.2e-16
1189      700.01    0.002458     1753  435 1753     2   159      0    2e-16    2e-16
1199      700.08   0.0098321     1765  436 1765     3   159      0  2.3e-16  2.3e-16
1208      700.21      0.0138     1777  437 1777     4   160      0  2.2e-16  2.4e-16
1220      700.46     0.02484     1792  437 1792     5   160      0  2.3e-16  2.4e-16
1230      700.88    0.049681     1803  438 1803     5   160      0  1.9e-16  2.4e-16
1239      701.38    0.099362     1813  439 1813     5   160      0  2.4e-16  2.4e-16
1252      702.67    0.099362     1826  439 1826     5   160      0  2.3e-16  3.4e-16
1262      703.77     0.19872     1837  440 1837     5   160      0  2.7e-16  2.5e-16
1266      704.45     0.16979     1845  442 1845     5   161      0  2.2e-16  4.1e-16
1279      706.66     0.16979     1858  442 1858     5   161      0  2.3e-16  4.3e-16
1289      709.89     0.33957     1869  443 1869     5   161      0  2.3e-16  5.9e-16
1296      713.69     0.61123     1879  444 1879     3   161      0  2.8e-16  8.9e-16
1303      724.69      2.4449     1888  446 1888     2   161      0  1.7e-16  1.6e-16
1312      782.88      8.8017     1900  447 1900     3   161      0  1.6e-16  1.6e-16
1315      798.28      4.4008     1910  450 1910     3   162      0  4.2e-16  2.9e-16
1317      799.93      1.1002     1918  454 1918     2   164      0  2.8e-16  2.8e-16
1318      799.97    0.034382     1926  458 1926     1   167      0  2.3e-16  2.2e-16
1320      799.99   0.0085954     1932  462 1932     1   169      0  1.7e-16  1.7e-16
1322         800  0.00053721     1940  467 1940     1   172      0  1.6e-16  1.6e-16
1324         800   0.0001343     1946  471 1946     1   174      0  1.5e-16  1.5e-16
1326         800  3.3576e-05     1952  475 1952     1   176      0  1.3e-16  1.3e-16
1328         800  8.3939e-06     1958  479 1958     1   178      0  1.4e-16  1.4e-16
1330         800  2.0985e-06     1964  483 1964     1   180      0  1.8e-16  1.8e-16
1334         800  5.1984e-06     1971  487 1971     1   181      0    2e-16    2e-16
1338         800  8.3174e-05     1975  491 1975     1   181      0  2.2e-16  2.2e-16
1341         800  0.00066539     1981  494 1981     1   181      0  1.9e-16  1.9e-16
1348      800.01   0.0026616     1990  495 1990     2   181      0  2.2e-16  2.2e-16
1354      800.05    0.010646     1998  496 1998     3   181      0    2e-16    2e-16
1359      800.12    0.014369     2006  497 2006     4   182      0  2.1e-16  2.2e-16
1369      800.26    0.014369     2017  497 2017     3   182      0  1.9e-16  2.1e-16
1379      800.53    0.028738     2029  497 2029     5   182      0  2.2e-16  2.3e-16
1388      800.79    0.028738     2038  497 2038     5   182      0  1.9e-16  2.1e-16
1394      801.09    0.048882     2046  498 2046     5   182      0  2.4e-16  2.7e-16
1400      801.55    0.087988     2054  499 2054     5   182      0  2.3e-16  3.2e-16
1413       802.7    0.087988     2067  499 2067     5   182      0  2.2e-16  3.3e-16
1422      804.07     0.15838     2078  500 2078     5   182      0  2.3e-16  4.4e-16
1435      806.13     0.15838     2091  500 2091     5   182      0  2.2e-16  4.3e-16
1438      807.01     0.27751     2099  503 2099     4   183      0  2.6e-16  2.4e-16
1447      809.99     0.48631     2111  504 2111     4   183      0  2.7e-16  8.7e-16
----       当前进度:  44 % - 求解线性方程组
1455      814.81     0.87536     2121  505 2121     4   183      0  2.8e-16  1.1e-15
1458      819.18      1.7507     2126  506 2126     3   183      0  2.7e-16  1.5e-15
1463      836.69      7.0029     2133  508 2133     3   183      0  3.1e-16  3.3e-16
1468      878.71      14.006     2139  509 2139     4   183      0  4.3e-16  3.4e-16
1471      897.96      1.7507     2148  512 2148     3   185      0    3e-16  2.9e-16
1473      899.28     0.43768     2154  516 2154     3   187      0  1.6e-16  1.6e-16
1476      899.99     0.05471     2163  522 2163     2   190      0  1.5e-16  1.5e-16
1478         900   0.0034194     2171  527 2171     2   193      0  1.5e-16  1.5e-16
1480         900  0.00021371     2179  532 2179     2   196      0  1.3e-16  1.3e-16
1482         900  5.3428e-05     2185  536 2185     2   198      0  2.1e-16  2.1e-16
1485         900  6.6785e-06     2194  542 2194     2   201      0  1.9e-16  1.9e-16
1488         900  5.5848e-06     2202  544 2202     2   202      0    2e-16    2e-16
1493         900  8.9356e-05     2208  548 2208     1   202      0  2.2e-16  2.2e-16
1497         900  0.00071485     2215  551 2215     1   202      0  2.1e-16  2.1e-16
1504      900.01   0.0025735     2225  552 2225     2   202      0    2e-16    2e-16
1510      900.04    0.010294     2233  553 2233     3   202      0    2e-16  2.1e-16
1515       900.1     0.01447     2241  554 2241     4   203      0  2.2e-16  2.3e-16
1525      900.24     0.01447     2251  554 2251     4   203      0    2e-16  2.3e-16
1534      900.46    0.026047     2262  554 2262     4   203      0  2.2e-16  2.4e-16
1540      900.67    0.052093     2270  555 2270     5   203      0  2.4e-16  2.7e-16
1553      901.34    0.052093     2283  555 2283     5   203      0  2.1e-16  2.6e-16
1563      902.39     0.10419     2294  556 2294     5   203      0  2.1e-16  3.2e-16
1574      903.53     0.10419     2305  556 2305     5   203      0  2.2e-16  3.5e-16
1578      904.21     0.17756     2314  559 2314     5   204      0  2.5e-16  2.3e-16
1588      905.98     0.17756     2324  559 2324     5   204      0  2.2e-16  4.3e-16
1594      907.23     0.35512     2331  560 2331     5   204      0  2.9e-16  2.6e-16
1605      911.49     0.71023     2343  561 2343     5   204      0  2.9e-16  2.8e-16
1612      917.24      1.2784     2353  562 2353     3   204      0    3e-16  1.4e-15
1616      930.84      4.1421     2361  564 2361     3   204      0  3.9e-16  1.8e-15
1623      992.98      16.568     2370  566 2370     4   204      0  4.9e-16  3.1e-16
1625      999.19       2.071     2378  569 2378     3   206      0  3.3e-16  2.8e-16
1626      999.45     0.25888     2383  572 2383     3   208      0  1.6e-16  1.6e-16
1628      999.98     0.01618     2392  577 2392     1   211      0  2.5e-16  2.5e-16
1630      999.99    0.004045     2398  581 2398     1   213      0  1.4e-16  1.4e-16
1631        1000   0.0020225     2401  583 2401     1   214      0  1.5e-16  1.5e-16
1633        1000  0.00050562     2407  587 2407     1   216      0  1.5e-16  1.5e-16
   -        1000           - out
1634        1000  1.5801e-05     2415  591 2415     1   219      0  2.1e-16  2.1e-16
-----      当前进度:  53 % - 矩阵分解
1638        1000  0.00012641     2420  594 2420     1   219      0  2.1e-16  2.1e-16
1640        1000  0.00050562     2424  596 2424     1   219      0  1.9e-16  1.9e-16
1646        1000   0.0020225     2432  597 2432     2   219      0  2.1e-16  2.1e-16
1651        1000     0.00809     2439  598 2439     3   219      0    2e-16  2.1e-16
1656      1000.1    0.011084     2447  599 2447     3   220      0  2.5e-16  2.6e-16
1664      1000.2    0.022168     2456  599 2456     4   220      0  2.1e-16  2.2e-16
1671      1000.4    0.044335     2465  600 2465     5   220      0  2.3e-16  2.2e-16
1680      1000.8    0.039902     2475  600 2475     5   220      0  1.9e-16  2.3e-16
1686      1001.2    0.071823     2483  601 2483     5   220      0  2.3e-16    3e-16
1696      1001.9    0.071823     2493  601 2493     5   220      0    2e-16  2.8e-16
1702      1002.5     0.12928     2501  602 2501     5   220      0    2e-16  3.5e-16
1712      1003.8     0.12928     2511  602 2511     5   220      0  2.1e-16  3.7e-16
1722      1005.3     0.25856     2522  603 2522     5   220      0  2.8e-16  2.6e-16
1724      1005.7     0.22526     2528  605 2528     5   221      0  2.8e-16  2.7e-16
1737      1008.9     0.45052     2542  606 2542     5   221      0  3.2e-16  2.7e-16
1747      1013.8     0.90105     2553  607 2553     5   221      0  3.5e-16  3.1e-16
1754      1025.4       3.191     2564  609 2564     3   221      0  3.4e-16  3.3e-16
1760      1082.1      11.464     2573  611 2573     3   221      0  1.7e-16  1.6e-16
1762      1096.5       2.866     2581  613 2581     3   222      0  1.5e-16  1.5e-16
1764      1098.6     0.71651     2587  617 2587     3   224      0  1.7e-16  1.7e-16
1767      1099.8    0.089564     2596  623 2596     2   227      0  1.7e-16  1.7e-16
1769        1100    0.022391     2602  627 2602     2   229      0  1.5e-16  1.5e-16
1771        1100   0.0013994     2610  632 2610     2   232      0  1.6e-16  1.6e-16
1773        1100  8.7464e-05     2618  637 2618     1   235      0  1.7e-16  1.7e-16
1775        1100  8.7464e-05     2622  640 2622     1   236      0  1.6e-16  1.6e-16
1777        1100  1.3666e-06     2632  646 2632     1   240      0  2.2e-16  2.2e-16
1780        1100  2.4596e-06     2638  649 2638     1   241      0  1.7e-16  1.7e-16
1783        1100  1.9677e-05     2641  652 2641     1   241      0  1.9e-16  1.9e-16
1786        1100  0.00015741     2645  655 2645     1   241      0    2e-16    2e-16
1790        1100  0.00062965     2651  657 2651     1   241      0    2e-16    2e-16
1794        1100   0.0025186     2657  658 2657     2   241      0  2.2e-16  2.2e-16
1802      1100.1    0.010074     2667  659 2667     3   241      0  2.1e-16  2.2e-16
1810      1100.2    0.014534     2678  660 2678     4   242      0  2.2e-16  2.4e-16
1820      1100.4    0.026135     2691  660 2691     5   242      0  2.1e-16  2.3e-16
1829      1100.7    0.046263     2702  661 2702     5   242      0  2.1e-16  2.3e-16
1840      1101.3    0.092525     2714  662 2714     5   242      0  2.4e-16  2.2e-16
1853      1102.5    0.092525     2727  662 2727     5   242      0  1.9e-16  2.9e-16
1862      1103.5     0.16655     2738  663 2738     5   242      0  2.3e-16  4.6e-16
1868      1104.4     0.15809     2747  665 2747     5   243      0  2.2e-16    4e-16
1878        1106     0.15809     2757  665 2757     5   243      0  2.3e-16  4.1e-16
1882      1107.1      0.2774     2766  668 2766     4   244      0  2.9e-16  2.6e-16
-----      当前进度:  59 % - 
1888      1108.7      0.2774     2773  668 2773     5   244      0  2.4e-16  5.9e-16
1892      1110.5     0.43733     2780  669 2780     4   244      0  2.6e-16  8.3e-16
1899      1114.9     0.87465     2788  670 2788     4   244      0  2.7e-16  1.1e-15
1905      1126.2      3.4986     2797  672 2797     3   244      0  3.3e-16  3.8e-16
1911      1178.7      13.994     2805  674 2805     3   244      0  1.9e-16  1.6e-16
1914        1198      1.7493     2813  677 2813     3   246      0  1.7e-16  1.6e-16
1916      1199.3     0.43733     2819  681 2819     3   248      0  1.8e-16  1.7e-16
1918      1199.9     0.43733     2823  684 2823     3   249      0  1.5e-16  1.4e-16
1919        1200    0.054666     2828  687 2828     2   251      0  1.6e-16  1.6e-16
1920        1200   0.0068332     2833  690 2833     2   253      0  1.7e-16  1.7e-16
1922        1200   0.0017083     2839  694 2839     2   255      0  1.5e-16  1.5e-16
   -        1200           - out
1924        1200  2.6692e-05     2850  700 2850     1   259      0  2.2e-16  2.2e-16
1929        1200  0.00042708     2857  704 2857     1   259      0  2.1e-16  2.1e-16
1936        1200   0.0034166     2867  706 2867     2   259      0  2.2e-16  2.2e-16
1944      1200.1    0.011866     2878  707 2878     3   259      0  2.3e-16  2.4e-16
1955      1200.2    0.021358     2892  707 2892     4   259      0  2.1e-16  2.1e-16
1961      1200.4    0.037278     2900  708 2900     5   259      0  2.3e-16  2.5e-16
1971      1200.8      0.0671     2912  708 2912     5   259      0  2.1e-16  2.5e-16
1980      1201.4      0.0671     2921  708 2921     5   259      0  2.4e-16  2.6e-16
1988      1201.9      0.0671     2932  708 2932     5   259      0  1.9e-16  2.3e-16
1995      1202.4      0.0671     2943  708 2943     5   259      0    2e-16  2.4e-16
2001      1202.8      0.0671     2951  709 2951     4   259      0  2.1e-16  2.7e-16
2007      1203.4      0.1342     2959  710 2959     5   259      0  2.2e-16  3.7e-16
2017      1204.7      0.1342     2969  710 2969     5   259      0  2.3e-16  3.9e-16
2023      1205.7      0.2684     2976  711 2976     5   259      0  2.9e-16  2.7e-16
2032      1208.1      0.2684     2985  711 2985     5   259      0  2.2e-16  5.2e-16
2038        1210      0.5368     2992  712 2992     5   259      0  2.9e-16  2.9e-16
2045      1214.2      1.0736     3002  713 3002     3   259      0  3.1e-16  3.1e-16
2050        1225      4.2944     3010  715 3010     2   259      0  3.9e-16  3.3e-16
2056      1280.8      17.178     3018  716 3018     3   259      0  1.7e-16  1.7e-16
2058      1299.1      1.0736     3029  719 3029     2   261      0  2.8e-16    3e-16
2060      1299.9      0.2684     3035  723 3035     2   263      0  1.8e-16  1.7e-16
2061      1299.9     0.03355     3040  726 3040     2   265      0  1.8e-16  1.8e-16
2063        1300   0.0083876     3046  730 3046     2   267      0  1.6e-16  1.6e-16
2065        1300   0.0020969     3052  734 3052     2   269      0  1.7e-16  1.7e-16
2067        1300  0.00052422     3058  738 3058     2   271      0  1.7e-16  1.7e-16
2068        1300  0.00026211     3061  740 3061     2   272      0  1.9e-16  1.9e-16
2070        1300  1.6382e-05     3069  745 3069     1   275      0  1.9e-16  1.9e-16
   -        1300           - out
2072        1300  4.0955e-06     3076  749 3076     1   277      0  1.9e-16  1.9e-16
2077        1300  6.5528e-05     3081  753 3081     1   277      0  2.1e-16  2.1e-16
------     当前进度:  68 % - 
2080        1300  0.00052422     3087  756 3087     1   277      0  2.5e-16  2.5e-16
2086        1300   0.0020969     3095  757 3095     2   277      0    2e-16    2e-16
2091        1300   0.0083876     3102  758 3102     3   277      0    2e-16  2.1e-16
2097      1300.1    0.014988     3110  759 3110     4   277      0  2.1e-16  2.3e-16
2103      1300.2    0.017189     3119  761 3119     4   278      0    2e-16  2.1e-16
2111      1300.4     0.03094     3130  762 3130     5   278      0  2.1e-16  2.3e-16
2119      1300.8    0.054109     3143  765 3143     5   279      0  2.3e-16  2.2e-16
2132      1301.5     0.10822     3157  766 3157     5   279      0  2.4e-16  2.2e-16
2145      1302.9     0.10822     3170  766 3170     5   279      0  2.2e-16  3.4e-16
2158      1304.4     0.21644     3184  767 3184     5   279      0  2.4e-16  2.2e-16
2160      1304.8      0.1874     3190  769 3190     5   280      0  2.6e-16  2.4e-16
2170      1306.7      0.1874     3200  769 3200     5   280      0  2.2e-16  4.3e-16
2177      1308.6      0.3748     3208  770 3208     5   280      0  2.7e-16  6.8e-16
2186      1312.3      0.7496     3218  771 3218     5   280      0  3.3e-16    3e-16
2193      1319.1      1.4992     3228  772 3228     3   280      0  2.6e-16  1.4e-15
   -        1350           - out
2199        1355      11.994     3237  775 3237     3   280      0  3.2e-16  3.5e-16
2202      1396.3      5.3029     3248  778 3248     2   281      0  3.9e-16  2.9e-16
2204      1398.3     0.66287     3256  781 3256     2   283      0  3.5e-16  3.2e-16
2206      1399.8     0.16572     3263  785 3263     2   285      0  1.7e-16  1.7e-16
2208      1399.9    0.041429     3269  789 3269     2   287      0  1.7e-16  1.7e-16
2210        1400    0.041429     3273  792 3273     2   288      0  1.5e-16  1.5e-16
2211        1400   0.0051787     3278  795 3278     2   290      0  1.5e-16  1.5e-16
2213        1400   0.0051787     3282  798 3282     2   291      0  1.6e-16  1.6e-16
2214        1400  0.00064733     3287  801 3287     2   293      0  1.8e-16  1.8e-16
2216        1400  0.00016183     3293  805 3293     2   295      0  1.4e-16  1.4e-16
2218        1400  4.0458e-05     3299  809 3299     2   297      0  1.7e-16  1.7e-16
2219        1400  5.0573e-06     3304  812 3304     2   299      0  1.6e-16  1.6e-16
2222        1400  4.5307e-06     3312  814 3312     2   300      0  1.9e-16  1.9e-16
2227        1400  7.2492e-05     3318  818 3318     1   300      0    2e-16    2e-16
2230        1400  0.00057993     3324  821 3324     1   300      0    2e-16    2e-16
2238        1400   0.0046395     3335  823 3335     2   300      0    2e-16    2e-16
2247      1400.1    0.013767     3348  824 3348     4   301      0  2.2e-16  2.3e-16
2259      1400.3      0.0235     3362  824 3362     4   301      0  2.2e-16  2.3e-16
2267      1400.5       0.047     3372  825 3372     5   301      0  2.3e-16  2.2e-16
2277      1400.9    0.041145     3383  825 3383     5   301      0    2e-16  2.4e-16
2283      1401.4     0.07406     3391  826 3391     5   301      0  2.2e-16  2.9e-16
2293      1402.1     0.07406     3401  826 3401     5   301      0  2.1e-16    3e-16
2300        1403     0.13331     3410  827 3410     5   301      0  2.2e-16    4e-16
2313      1404.8     0.13331     3423  827 3423     5   301      0  2.2e-16    4e-16
2321      1406.2     0.23059     3436  830 3436     5   302      0  2.5e-16  2.3e-16
2330      1408.2     0.23059     3445  830 3445     5   302      0  2.3e-16  4.7e-16
2335      1410.1     0.46119     3451  831 3451     5   302      0  2.7e-16  7.3e-16
2343      1414.2     0.92238     3460  832 3460     5   302      0  3.3e-16  2.8e-16
-------    当前进度:  74 % - 矩阵分解
2348      1421.2      1.6398     3468  833 3468     3   302      0  2.7e-16  1.6e-15
2353      1449.1      13.119     3475  836 3475     3   302      0  3.5e-16  3.2e-16
2358      1498.7      2.9201     3487  838 3487     3   303      0  1.7e-16  1.5e-16
2359      1499.1     0.36501     3492  841 3492     3   305      0  1.6e-16  1.6e-16
2361      1499.9    0.091253     3498  845 3498     2   307      0  1.7e-16  1.7e-16
2363        1500    0.022813     3504  849 3504     2   309      0  1.8e-16  1.8e-16
2365        1500   0.0057033     3510  853 3510     2   311      0  1.6e-16  1.6e-16
2367        1500   0.0057033     3514  856 3514     2   312      0  1.8e-16  1.8e-16
2369        1500   0.0014258     3520  860 3520     2   314      0  1.9e-16  1.9e-16
2371        1500  0.00035646     3526  864 3526     2   316      0  2.2e-16  2.2e-16
   -        1500           - out
2372        1500  1.1139e-05     3534  868 3534     1   319      0  2.2e-16  2.2e-16
2376        1500  8.9114e-05     3538  871 3538     1   319      0  1.9e-16  1.9e-16
2380        1500  0.00071291     3545  874 3545     1   319      0  2.2e-16  2.2e-16
2387        1500   0.0025665     3555  875 3555     2   319      0  2.1e-16  2.1e-16
2395      1500.1    0.010266     3565  876 3565     3   319      0    2e-16  2.1e-16
2404      1500.2    0.013969     3577  877 3577     4   320      0  2.1e-16  2.3e-16
2415      1500.4    0.027937     3590  877 3590     4   320      0    2e-16  2.2e-16
2423      1500.6    0.038495     3602  878 3602     5   321      0  2.1e-16  2.4e-16
2434        1501    0.038495     3613  878 3613     5   321      0    2e-16  2.5e-16
2444      1501.5    0.069291     3626  878 3626     4   321      0  2.3e-16    3e-16
2454      1502.3     0.13858     3638  879 3638     5   321      0  2.5e-16  2.4e-16
2467      1504.1     0.13858     3651  879 3651     5   321      0  2.2e-16  3.8e-16
2480        1506     0.27716     3665  880 3665     5   321      0  2.9e-16  2.7e-16
2485      1507.2     0.23972     3674  882 3674     5   322      0  2.3e-16    5e-16
2494      1509.6     0.47945     3684  883 3684     5   322      0  2.8e-16  2.7e-16
2503      1514.4     0.95889     3695  884 3695     4   322      0  3.3e-16  2.6e-16
2510      1527.9      3.8356     3705  886 3705     3   322      0  3.9e-16  3.1e-16
2516      1593.2      12.834     3714  888 3714     3   322      0  1.6e-16  1.6e-16
2518        1598      1.6042     3724  892 3724     3   324      0  1.5e-16  1.5e-16
2520      1599.2     0.40106     3730  896 3730     3   326      0  1.8e-16  1.7e-16
2523      1599.9    0.050132     3739  902 3739     2   329      0  1.7e-16  1.7e-16
2525        1600    0.012533     3745  906 3745     2   331      0  1.7e-16  1.7e-16
2527        1600   0.0031333     3751  910 3751     2   333      0  1.6e-16  1.6e-16
2528        1600  9.7915e-05     3758  914 3758     1   336      0  1.5e-16  1.5e-16
2531        1600  1.2239e-05     3767  920 3767     1   339      0    2e-16    2e-16
2533        1600  1.5299e-06     3774  923 3774     1   341      0  1.9e-16  1.9e-16
2537        1600  2.4479e-05     3778  927 3778     1   341      0    2e-16    2e-16
2540        1600  0.00019583     3783  930 3783     1   341      0  1.9e-16  1.9e-16
2546        1600  0.00078332     3791  931 3791     2   341      0  2.1e-16  2.1e-16
2548        1600   0.0031333     3795  933 3795     2   341      0  2.1e-16  2.1e-16
2555        1600    0.012533     3804  934 3804     3   341      0  2.2e-16  2.1e-16
--------   当前进度:  83 % - 
2564      1600.1    0.010737     3815  934 3815     4   341      0  2.3e-16  2.4e-16
2572      1600.3    0.038653     3826  935 3826     5   341      0  2.2e-16  2.2e-16
2580      1600.6    0.030624     3836  935 3836     5   341      0  2.2e-16  2.5e-16
2589      1601.1    0.061247     3846  935 3846     5   341      0  2.2e-16  2.5e-16
2597      1601.6    0.061247     3857  935 3857     5   341      0  2.2e-16  2.5e-16
2605        1602    0.061247     3868  935 3868     5   341      0  2.3e-16  2.5e-16
2613      1602.5    0.061247     3880  935 3880     5   341      0  1.9e-16  2.2e-16
2620        1603    0.061247     3888  936 3888     4   341      0  2.2e-16  2.9e-16
2626      1603.5     0.12249     3896  937 3896     5   341      0  2.2e-16  3.3e-16
2636      1604.7     0.12249     3906  937 3906     5   341      0  2.1e-16  3.6e-16
2642      1605.7     0.22049     3914  938 3914     5   341      0  2.8e-16  3.9e-16
2652      1607.9     0.22049     3924  938 3924     5   341      0  2.2e-16  4.9e-16
2660      1610.5     0.44098     3933  939 3933     5   341      0  2.6e-16  7.3e-16
2669      1615.8     0.88196     3944  940 3944     4   341      0  2.7e-16    1e-15
2675        1628      2.9813     3953  942 3953     3   341      0  3.1e-16  1.7e-15
   -        1650           - out
2678      1655.7       9.811     3959  944 3959     3   341      0    2e-16  1.6e-16
2683      1699.9      4.9055     3971  946 3971     3   342      0  3.5e-16  3.1e-16
2684      1699.9    0.038324     3981  951 3981     1   346      0  2.4e-16  2.4e-16
2686        1700   0.0023953     3990  956 3990     1   349      0  1.6e-16  1.6e-16
2688        1700  0.00059882     3996  960 3996     1   351      0  1.6e-16  1.6e-16
2690        1700   0.0001497     4002  964 4002     1   353      0  1.6e-16  1.6e-16
2692        1700  3.7426e-05     4008  968 4008     1   355      0  1.6e-16  1.6e-16
   -        1700           - out
2694        1700  2.3391e-06     4017  973 4017     1   358      0  1.8e-16  1.8e-16
2698        1700  3.7426e-05     4021  977 4021     1   358      0  2.1e-16  2.1e-16
2702        1700  0.00029941     4027  980 4027     1   358      0  2.3e-16  2.3e-16
2710        1700   0.0021557     4039  982 4039     2   358      0  2.1e-16  2.1e-16
2719      1700.1    0.008623     4050  983 4050     3   358      0  2.2e-16  2.2e-16
2727      1700.2    0.012524     4061  984 4061     4   359      0  2.2e-16  2.4e-16
2735      1700.3    0.036773     4074  985 4074     5   360      0  2.3e-16  2.2e-16
2744      1700.6    0.033095     4084  985 4084     5   360      0  2.1e-16  2.4e-16
2751        1701    0.066191     4092  986 4092     5   360      0  2.2e-16  2.7e-16
2764      1701.8    0.066191     4105  986 4105     5   360      0  2.1e-16  2.9e-16
2773      1702.8     0.11914     4116  987 4116     5   360      0  2.3e-16  3.9e-16
2787      1704.5     0.11914     4130  987 4130     5   360      0  2.2e-16  3.8e-16
2795      1705.5     0.23829     4139  988 4139     5   360      0  2.4e-16  2.3e-16
2797        1706     0.20815     4145  990 4145     5   361      0  2.6e-16  2.4e-16
2808      1708.2     0.20815     4156  990 4156     5   361      0  2.4e-16  4.8e-16
2812      1709.7     0.41418     4165  992 4165     4   362      0  2.7e-16    1e-15
2823      1716.4       1.491     4179  993 4179     3   362      0    3e-16  2.8e-16
2829      1731.1      5.3678     4188  995 4188     3   362      0    3e-16  3.8e-16
2834      1774.1      10.736     4194  996 4194     3   362      0  1.8e-16  1.7e-16
---------  当前进度:  92 % - 
2837      1796.9      1.3419     4201  999 4201     3   364      0  1.7e-16  1.7e-16
2839      1799.9     0.33549     4208 1003 4208     2   366      0  1.6e-16  1.6e-16
2840        1800    0.041936     4213 1006 4213     2   368      0  1.7e-16  1.7e-16
2842        1800    0.010484     4219 1010 4219     2   370      0  1.6e-16  1.6e-16
2844        1800    0.010484     4223 1013 4223     2   371      0  1.5e-16  1.5e-16
2846        1800  0.00065525     4231 1018 4231     2   374      0  1.6e-16  1.6e-16
2848        1800  4.0953e-05     4239 1023 4239     2   377      0  1.5e-16  1.5e-16
2850        1800  4.0953e-05     4243 1026 4243     2   378      0  1.5e-16  1.5e-16
2851        1800  5.1191e-06     4248 1029 4248     2   380      0  1.4e-16  1.4e-16
   -        1800           - out
2853        1800  1.3282e-06     4255 1033 4255     2   382      0  1.8e-16  1.8e-16
2857        1800  7.4498e-06     4264 1036 4264     1   383      0  2.3e-16  2.3e-16
2861        1800   0.0001192     4269 1040 4269     1   383      0  2.2e-16  2.2e-16
2867        1800  0.00095358     4278 1042 4278     2   383      0  2.2e-16  2.2e-16
2874        1800   0.0038143     4287 1044 4287     2   383      0  2.1e-16  2.2e-16
2882      1800.1    0.014466     4301 1047 4301     4   384      0  2.2e-16  2.1e-16
2891      1800.3    0.026018     4312 1048 4312     5   384      0    2e-16  2.2e-16
2903      1800.6    0.052037     4325 1049 4325     5   384      0  2.2e-16  2.2e-16
2915      1801.2    0.052037     4337 1049 4337     5   384      0    2e-16  2.4e-16
2921      1801.7    0.090867     4348 1052 4348     5   385      0  2.5e-16  2.4e-16
2932      1802.7    0.090867     4359 1052 4359     5   385      0  2.2e-16  3.3e-16
2942      1803.6    0.090867     4369 1052 4369     5   385      0  2.3e-16  3.4e-16
2948      1804.3     0.16356     4377 1053 4377     5   385      0  2.1e-16    4e-16
2951      1804.8     0.15512     4383 1055 4383     5   386      0  2.1e-16  3.8e-16
2961      1806.3     0.15512     4393 1055 4393     5   386      0  2.2e-16  3.9e-16
2968      1807.7     0.31024     4401 1056 4401     5   386      0  2.3e-16  5.8e-16
2978      1810.8     0.31024     4411 1056 4411     5   386      0  2.3e-16  5.9e-16
2983      1813.5     0.83207     4420 1058 4420     4   387      0    3e-16  1.3e-15
2991      1824.6      2.6959     4432 1059 4432     3   387      0  3.2e-16  3.2e-16
2998      1873.1      10.784     4441 1061 4441     3   387      0  1.6e-16  1.6e-16
3001        1896       1.348     4448 1064 4448     3   389      0  1.6e-16  1.6e-16
3003      1899.1     0.33699     4455 1068 4455     2   391      0  1.8e-16  1.7e-16
3005      1899.8    0.084247     4462 1072 4462     2   393      0  1.6e-16  1.6e-16
3007        1900    0.084247     4466 1075 4466     2   394      0  1.6e-16  1.6e-16
3008        1900    0.010531     4471 1078 4471     2   396      0  1.6e-16  1.6e-16
3010        1900   0.0026327     4477 1082 4477     2   398      0  1.5e-16  1.5e-16
3012        1900  0.00065818     4483 1086 4483     2   400      0  1.5e-16  1.5e-16
3014        1900  0.00016455     4489 1090 4489     2   402      0  1.5e-16  1.5e-16
3016        1900  1.0284e-05     4497 1095 4497     1   405      0  1.3e-16  1.3e-16
3018        1900   2.571e-06     4503 1099 4503     1   407      0  1.5e-16  1.5e-16
3020        1900   2.571e-06     4507 1102 4507     1   408      0  1.3e-16  1.3e-16
---------  当前进度:  98 % - 矩阵分解
   -        1900           - out
3021        1900  3.2138e-07     4513 1105 4513     1   410      0    2e-16    2e-16
3024        1900   2.571e-06     4516 1108 4516     1   410      0  2.2e-16  2.2e-16
3027        1900  2.0568e-05     4519 1111 4519     1   410      0    2e-16    2e-16
3030        1900  0.00016455     4524 1114 4524     1   410      0    2e-16    2e-16
3037        1900   0.0013164     4534 1116 4534     2   410      0  2.3e-16  2.3e-16
3044        1900   0.0052655     4543 1117 4543     3   410      0  2.1e-16  2.1e-16
3050      1900.1    0.008888     4551 1118 4551     3   410      0  2.3e-16  2.4e-16
3058      1900.2    0.015998     4562 1118 4562     4   410      0  2.1e-16  2.1e-16
3066      1900.3    0.031997     4572 1119 4572     5   410      0  2.3e-16  2.2e-16
3078      1900.7    0.057594     4586 1120 4586     5   410      0  2.1e-16    2e-16
3091      1901.4    0.051835     4600 1120 4600     5   410      0    2e-16  2.5e-16
3097      1901.8    0.093302     4608 1121 4608     5   410      0  2.2e-16  3.3e-16
3110        1903    0.093302     4621 1121 4621     5   410      0  2.1e-16  3.3e-16
3124      1904.3    0.093302     4635 1121 4635     5   410      0  2.1e-16  3.3e-16
3131      1905.5     0.16794     4644 1122 4644     5   410      0  2.1e-16  4.1e-16
3141      1907.1     0.16794     4654 1122 4654     5   410      0  2.3e-16  4.4e-16
3148      1908.7     0.33589     4662 1123 4662     5   410      0  2.5e-16  6.1e-16
3158        1912     0.33589     4672 1123 4672     5   410      0  2.5e-16  6.2e-16
3163      1915.1      1.0178     4681 1125 4681     4   411      0  3.2e-16  1.3e-15
3169      1924.5      1.8056     4690 1126 4690     3   411      0  2.7e-16  4.3e-16
3173      1942.6      7.2225     4696 1128 4696     3   411      0  3.6e-16  3.5e-16
   -        1950           - out
3175      1964.3      14.445     4699 1129 4699     3   411      0  3.8e-16  3.3e-16
时间步进已完成。
---------- 当前进度: 100 % - 
Memory: 723/728 764/773
求解时间：5 s。
物理内存: 728 MB
虚拟内存: 788 MB
结束时间：2026年7月17日 18:13:48。
----- 研究 1/解 1 (sol1) 中的“瞬态求解器 1” --------------------------------------------->
           当前进度:   0 % - 
Memory: 733/743 772/788
           当前进度:   5 % - 正在计算
Memory: 734/743 773/788
---        当前进度:  37 % - 正在计算
Memory: 735/743 774/788
---------- 当前进度: 100 % - 正在计算
类运行时: 106 s.
正在保存模型: F:\Thesis\Thermal\Yuan2020_reproduction_v3\comsol\v15_reference\V15Fixed60NetworkConfirmation_Model.mph
保存时间: 0 s.
总时间: 107 s.
