*******************************************
***COMSOL 6.4.0.293 progress output file***
*******************************************
Fri Jul 17 15:36:13 CST 2026
COMSOL Multiphysics 6.4 (开发版本: 293) 在批处理模式下启动
正在运行: F:\Thesis\Thermal\Yuan2020_reproduction_v3\comsol\v10_reference\V10LiteratureChannel.class
---------- 当前进度: 100 % - 正在更新选择
Memory: 398/398 427/427
           当前进度:   0 % - 线段间隔 1
Memory: 405/405 434/434
           当前进度:   9 % - 形成联合体
---------- 当前进度: 100 % - 正在更新选择
Memory: 406/406 434/434
           当前进度:   0 % - 边 1
Memory: 429/434 458/461
边界单元数：2
单元数：50
---------- 当前进度: 100 % - 正在创建边界网格
Memory: 431/434 458/461
           当前进度:   0 % - 研究 1
Memory: 448/448 474/474
           当前进度:   3 % - 研究 1
Memory: 445/453 471/479
<---- 研究 1/解 1 (sol1) 中的“编译方程: 稳态” ---------------------------------------------
开始于 2026年7月17日 15:36:18。
几何形函数: 二次拉格朗日单元
在 Intel64 Family 6 Model 165 Stepping 3, GenuineIntel 上运行。
在以下位置使用 1 个插槽： C201Z 上（共 6 个内核）。
可用内存：16.23 GB。
           当前进度:   3 % - 编译方程: 稳态
Memory: 462/463 487/489
           当前进度:   4 % - 编译方程: 稳态
Memory: 466/467 490/492
时间：1。
物理内存: 474 MB
虚拟内存: 497 MB
结束时间：2026年7月17日 15:36:19。
----- 研究 1/解 1 (sol1) 中的“编译方程: 稳态” -------------------------------------------->
<---- 研究 1/解 1 (sol1) 中的“因变量 1” ------------------------------------------------
开始于 2026年7月17日 15:36:19。
           当前进度:   4 % - 因变量 1
Memory: 472/474 505/505
求解时间：0 s。
物理内存: 472 MB
虚拟内存: 505 MB
结束时间：2026年7月17日 15:36:19。
----- 研究 1/解 1 (sol1) 中的“因变量 1” ----------------------------------------------->
<---- 研究 1/解 1 (sol1) 中的“稳态求解器 1” ----------------------------------------------
开始于 2026年7月17日 15:36:19。
参数化求解器
线性求解器
求解的自由度数：202（加上 4 个内部自由度）。

参数 caseId = 1。
找到非对称矩阵。
缩放因变量：
因变量 T (comp1.T): 3.2e+02
因变量 Ta (comp1.Ta): 8e+03
已使用正交零空间函数。
Iter      SolEst     Damping    Stepsize #Res #Jac #Sol   LinErr   LinRes
   1        0.12   1.0000000        0.12    1    1    1  1.4e-12    3e-13

参数 caseId = 2。
Iter      SolEst     Damping    Stepsize #Res #Jac #Sol   LinErr   LinRes
   1       0.059   1.0000000       0.059    2    2    2  1.5e-12    2e-13

参数 caseId = 3。
Iter      SolEst     Damping    Stepsize #Res #Jac #Sol   LinErr   LinRes
   1       0.056   1.0000000       0.056    3    3    3  1.1e-12  1.1e-13

参数 caseId = 4。
Iter      SolEst     Damping    Stepsize #Res #Jac #Sol   LinErr   LinRes
   1        0.07   1.0000000        0.07    4    4    4  1.9e-13  9.9e-14

参数 caseId = 5。
Iter      SolEst     Damping    Stepsize #Res #Jac #Sol   LinErr   LinRes
   1       0.043   1.0000000       0.043    5    5    5  4.7e-12  3.7e-14

参数 caseId = 6。
Iter      SolEst     Damping    Stepsize #Res #Jac #Sol   LinErr   LinRes
   1       0.051   1.0000000       0.051    6    6    6  6.4e-13  2.2e-14
---------- 当前进度: 100 % -
Memory: 486/487 515/520
求解时间：0 s。
物理内存: 493 MB
虚拟内存: 538 MB
结束时间：2026年7月17日 15:36:19。
----- 研究 1/解 1 (sol1) 中的“稳态求解器 1” --------------------------------------------->
           当前进度:   0 % -
Memory: 518/521 546/553
--         当前进度:  29 % - 正在计算
Memory: 506/521 535/553
---        当前进度:  34 % - 正在计算
----       当前进度:  41 % - 正在计算
           当前进度:   0 % -
---------- 当前进度: 100 % - 正在更新选择
Memory: 514/521 541/553
           当前进度:   0 % - 线段间隔 1
           当前进度:   9 % - 形成联合体
---------- 当前进度: 100 % - 正在更新选择
           当前进度:   0 % - 边 1
Memory: 524/525 551/553
边界单元数：2
单元数：100
---------- 当前进度: 100 % - 正在创建边界网格
           当前进度:   0 % - 研究 1
Memory: 522/526 549/555
           当前进度:   3 % - 研究 1
Memory: 525/526 552/555
<---- 研究 1/解 1 (sol1) 中的“编译方程: 稳态” ---------------------------------------------
开始于 2026年7月17日 15:36:22。
几何形函数: 二次拉格朗日单元
在 Intel64 Family 6 Model 165 Stepping 3, GenuineIntel 上运行。
在以下位置使用 1 个插槽： C201Z 上（共 6 个内核）。
可用内存：16.23 GB。
           当前进度:   3 % - 编译方程: 稳态
Memory: 519/527 546/555
           当前进度:   4 % - 编译方程: 稳态
Memory: 521/527 553/555
时间：0。
物理内存: 528 MB
虚拟内存: 555 MB
结束时间：2026年7月17日 15:36:22。
----- 研究 1/解 1 (sol1) 中的“编译方程: 稳态” -------------------------------------------->
<---- 研究 1/解 1 (sol1) 中的“因变量 1” ------------------------------------------------
开始于 2026年7月17日 15:36:22。
           当前进度:   4 % - 因变量 1
Memory: 528/528 555/555
求解时间：0 s。
物理内存: 528 MB
虚拟内存: 555 MB
结束时间：2026年7月17日 15:36:22。
----- 研究 1/解 1 (sol1) 中的“因变量 1” ----------------------------------------------->
<---- 研究 1/解 1 (sol1) 中的“稳态求解器 1” ----------------------------------------------
开始于 2026年7月17日 15:36:22。
参数化求解器
线性求解器
求解的自由度数：402（加上 4 个内部自由度）。

参数 caseId = 1。
找到非对称矩阵。
缩放因变量：
因变量 T (comp1.T): 3.2e+02
因变量 Ta (comp1.Ta): 1.1e+04
已使用正交零空间函数。
Iter      SolEst     Damping    Stepsize #Res #Jac #Sol   LinErr   LinRes
   1        0.12   1.0000000        0.12    1    1    1  1.5e-11    1e-12

参数 caseId = 2。
Iter      SolEst     Damping    Stepsize #Res #Jac #Sol   LinErr   LinRes
   1       0.059   1.0000000       0.059    2    2    2  5.9e-13  3.5e-13

参数 caseId = 3。
Iter      SolEst     Damping    Stepsize #Res #Jac #Sol   LinErr   LinRes
   1       0.056   1.0000000       0.056    3    3    3  8.4e-12  3.3e-13

参数 caseId = 4。
Iter      SolEst     Damping    Stepsize #Res #Jac #Sol   LinErr   LinRes
   1        0.07   1.0000000        0.07    4    4    4  4.7e-12  3.4e-13

参数 caseId = 5。
Iter      SolEst     Damping    Stepsize #Res #Jac #Sol   LinErr   LinRes
   1       0.043   1.0000000       0.043    5    5    5  4.6e-12  1.2e-13

参数 caseId = 6。
Iter      SolEst     Damping    Stepsize #Res #Jac #Sol   LinErr   LinRes
   1       0.051   1.0000000       0.051    6    6    6  6.7e-12  1.1e-13
---------- 当前进度: 100 % -
Memory: 531/533 556/562
求解时间：0 s。
物理内存: 533 MB
虚拟内存: 562 MB
结束时间：2026年7月17日 15:36:23。
----- 研究 1/解 1 (sol1) 中的“稳态求解器 1” --------------------------------------------->
           当前进度:   0 % -
Memory: 535/542 561/568
---        当前进度:  31 % - 正在计算
Memory: 534/542 559/568
---        当前进度:  34 % - 正在计算
----       当前进度:  41 % - 正在计算
           当前进度:   0 % -
Memory: 535/542 560/568
---------- 当前进度: 100 % - 正在更新选择
Memory: 538/542 564/568
           当前进度:   0 % - 线段间隔 1
Memory: 539/542 565/568
           当前进度:   9 % - 形成联合体
---------- 当前进度: 100 % - 正在更新选择
           当前进度:   0 % - 边 1
Memory: 542/547 568/573
边界单元数：2
单元数：200
---------- 当前进度: 100 % - 正在创建边界网格
           当前进度:   0 % - 研究 1
Memory: 545/547 574/574
           当前进度:   3 % - 研究 1
Memory: 540/552 565/578
<---- 研究 1/解 1 (sol1) 中的“编译方程: 稳态” ---------------------------------------------
开始于 2026年7月17日 15:36:24。
几何形函数: 二次拉格朗日单元
在 Intel64 Family 6 Model 165 Stepping 3, GenuineIntel 上运行。
在以下位置使用 1 个插槽： C201Z 上（共 6 个内核）。
可用内存：16.23 GB。
           当前进度:   3 % - 编译方程: 稳态
Memory: 552/553 578/580
           当前进度:   4 % - 编译方程: 稳态
Memory: 550/553 576/580
时间：0。
物理内存: 554 MB
虚拟内存: 580 MB
结束时间：2026年7月17日 15:36:24。
----- 研究 1/解 1 (sol1) 中的“编译方程: 稳态” -------------------------------------------->
<---- 研究 1/解 1 (sol1) 中的“因变量 1” ------------------------------------------------
开始于 2026年7月17日 15:36:24。
           当前进度:   4 % - 因变量 1
Memory: 554/554 580/580
求解时间：0 s。
物理内存: 554 MB
虚拟内存: 580 MB
结束时间：2026年7月17日 15:36:24。
----- 研究 1/解 1 (sol1) 中的“因变量 1” ----------------------------------------------->
<---- 研究 1/解 1 (sol1) 中的“稳态求解器 1” ----------------------------------------------
开始于 2026年7月17日 15:36:24。
参数化求解器
线性求解器
求解的自由度数：802（加上 4 个内部自由度）。

参数 caseId = 1。
找到非对称矩阵。
缩放因变量：
因变量 T (comp1.T): 3.2e+02
因变量 Ta (comp1.Ta): 1.6e+04
已使用正交零空间函数。
Iter      SolEst     Damping    Stepsize #Res #Jac #Sol   LinErr   LinRes
   1        0.12   1.0000000        0.12    1    1    1  3.5e-11  2.2e-12

参数 caseId = 2。
Iter      SolEst     Damping    Stepsize #Res #Jac #Sol   LinErr   LinRes
   1       0.059   1.0000000       0.059    2    2    2  1.8e-11  8.4e-13

参数 caseId = 3。
Iter      SolEst     Damping    Stepsize #Res #Jac #Sol   LinErr   LinRes
   1       0.056   1.0000000       0.056    3    3    3  9.6e-12  7.6e-13

参数 caseId = 4。
Iter      SolEst     Damping    Stepsize #Res #Jac #Sol   LinErr   LinRes
   1        0.07   1.0000000        0.07    4    4    4  7.8e-11  7.5e-13

参数 caseId = 5。
Iter      SolEst     Damping    Stepsize #Res #Jac #Sol   LinErr   LinRes
   1       0.043   1.0000000       0.043    5    5    5  2.4e-11  3.4e-13

参数 caseId = 6。
Iter      SolEst     Damping    Stepsize #Res #Jac #Sol   LinErr   LinRes
   1       0.051   1.0000000       0.051    6    6    6  4.3e-11  4.3e-13
---------- 当前进度: 100 % -
Memory: 561/562 587/591
求解时间：0 s。
物理内存: 562 MB
虚拟内存: 591 MB
结束时间：2026年7月17日 15:36:24。
----- 研究 1/解 1 (sol1) 中的“稳态求解器 1” --------------------------------------------->
           当前进度:   0 % -
Memory: 556/562 582/591
---        当前进度:  31 % - 正在计算
Memory: 557/562 582/591
---        当前进度:  34 % - 正在计算
----       当前进度:  41 % - 正在计算
           当前进度:   0 % -
Memory: 557/562 584/591
类运行时: 11 s.
正在保存模型: F:\Thesis\Thermal\Yuan2020_reproduction_v3\comsol\v10_reference\V10LiteratureChannel_Model.mph
保存时间: 0 s.
总时间: 11 s.
